08-10 18:50:28.598 25617 25643 D AccessTokenRefreshRunnable: Running the refresh ...
08-10 18:50:29.176  1134  1152 D BluetoothAdapter: stopLeScan()
08-10 18:50:29.184  1134  1152 D BluetoothAdapter: startLeScan(): null
08-10 18:50:29.184  1134  1152 E BluetoothAdapter: startLeScan: cannot get BluetoothLeScanner
08-10 18:50:29.815   625   719 D ConnectivityService: updateNetworkScore for NetworkAgentInfo [WIFI () - 199] to 56
08-10 18:50:32.202  1134  1152 D BluetoothAdapter: stopLeScan()
08-10 18:50:32.210  1134  1152 D BluetoothAdapter: startLeScan(): null
08-10 18:50:32.210  1134  1152 E BluetoothAdapter: startLeScan: cannot get BluetoothLeScanner
08-10 18:50:33.787 25617 25672 D ClClient: Not sending keepalive.  Current connection state=STOPPED
08-10 18:50:35.235  1134  1152 D BluetoothAdapter: stopLeScan()
08-10 18:50:35.246  1134  1152 D BluetoothAdapter: startLeScan(): null
08-10 18:50:35.246  1134  1152 E BluetoothAdapter: startLeScan: cannot get BluetoothLeScanner
08-10 18:50:38.264  1134  1152 D BluetoothAdapter: stopLeScan()
08-10 18:50:38.272  1134  1152 D BluetoothAdapter: startLeScan(): null
08-10 18:50:38.272  1134  1152 E BluetoothAdapter: startLeScan: cannot get BluetoothLeScanner
08-10 18:50:38.877   625   719 D ConnectivityService: updateNetworkScore for NetworkAgentInfo [WIFI () - 199] to 55
08-10 18:50:41.296  1134  1152 D BluetoothAdapter: stopLeScan()
08-10 18:50:41.306  1134  1152 D BluetoothAdapter: startLeScan(): null
08-10 18:50:41.306  1134  1152 E BluetoothAdapter: startLeScan: cannot get BluetoothLeScanner
08-10 18:50:42.168   625   683 I chatty  : uid=1000(system) SensorService expire 51 lines
08-10 18:50:43.787 25617 25672 D ClClient: Not sending keepalive.  Current connection state=STOPPED
08-10 18:50:44.324  1134  1152 D BluetoothAdapter: stopLeScan()
08-10 18:50:44.332  1134  1152 D BluetoothAdapter: startLeScan(): null
08-10 18:50:44.332  1134  1152 E BluetoothAdapter: startLeScan: cannot get BluetoothLeScanner
08-10 18:50:44.586   781   781 D PhoneStatusBar: disable: < expand ICONS* alerts SYSTEM_INFO* back home recent clock search quick_settings >
08-10 18:50:46.642   216   645 I chatty  : uid=1013(media) AudioOut_4 expire 57 lines
08-10 18:50:46.672   625 11370 W InputMethodManagerService: Window already focused, ignoring focus gain of: com.android.internal.view.IInputMethodClient$Stub$Proxy@c8310c4 attribute=null, token = android.os.BinderProxy@8e071b3
08-10 18:50:46.811   625  1359 I ActivityManager: START u0 {act=android.settings.SETTINGS flg=0x14000000 cmp=com.android.settings/.Settings} from uid 10018 on display 0
08-10 18:50:47.064  1134  1152 D BluetoothManager: getConnectedDevices
08-10 18:50:47.065  1134  1152 E BluetoothDevice: BT not enabled. Cannot get Remote Device type
08-10 18:50:47.078  1134  1187 E BluetoothDevice: BT not enabled. Cannot get Remote Device name
08-10 18:50:47.078  1134  1187 D Event   : No subscribers registered for event class com.xiaomi.hm.health.device.b.c
08-10 18:50:47.078  1134  1187 D Event   : No subscribers registered for event class de.greenrobot.a.j
08-10 18:50:47.113  1134  1152 D BluetoothAdapter: stopLeScan()
08-10 18:50:47.128  1134  1152 D BluetoothAdapter: startLeScan(): null
08-10 18:50:47.128  1134  1152 E BluetoothAdapter: startLeScan: cannot get BluetoothLeScanner
08-10 18:50:47.246   781   781 D PhoneStatusBar: disable: < expand icons* alerts system_info* back home recent clock search quick_settings >
08-10 18:50:47.315 31716 31834 I chatty  : uid=1000(system) com.android.settings expire 5 lines
08-10 18:50:47.374 31716 31836 I chatty  : uid=1000(system) com.android.settings expire 7 lines
08-10 18:50:47.584   625   718 D WifiService: New client listening to asynchronous messages
08-10 18:50:47.614   625   650 I chatty  : uid=1000(system) android.io expire 8 lines
08-10 18:50:47.674  1230 14965 D PhoneInterfaceManager: [PhoneIntfMgr] getDataEnabled: subId=1 phoneId=0
08-10 18:50:47.674  1230 14965 D PhoneInterfaceManager: [PhoneIntfMgr] getDataEnabled: subId=1 retVal=true
08-10 18:50:47.919   625   719 D ConnectivityService: updateNetworkScore for NetworkAgentInfo [WIFI () - 199] to 56
08-10 18:50:50.145  1134  1152 D BluetoothAdapter: stopLeScan()
08-10 18:50:50.153  1134  1152 D BluetoothAdapter: startLeScan(): null
08-10 18:50:50.153  1134  1152 E BluetoothAdapter: startLeScan: cannot get BluetoothLeScanner
08-10 18:50:50.940   625   719 D ConnectivityService: notifyType CAP_CHANGED for NetworkAgentInfo [WIFI () - 199]
08-10 18:50:52.846   625   625 I EntropyMixer: Writing entropy...
08-10 18:50:53.005 25617 25617 I BatteryReceiver: now=1470847852993 source=USB level=0.6 health=GOOD
08-10 18:50:53.161  1134  1152 D BluetoothAdapter: stopLeScan()
08-10 18:50:53.174  1134  1152 D BluetoothAdapter: startLeScan(): null
08-10 18:50:53.174  1134  1152 E BluetoothAdapter: startLeScan: cannot get BluetoothLeScanner
08-10 18:50:53.220  1565  1565 I chatty  : uid=10012(com.google.android.gms) expire 4 lines
08-10 18:50:53.239   625   807 I ActivityManager: Start proc 31864:com.google.android.apps.plus/u0a80 for broadcast com.google.android.apps.plus/.service.BatteryReceiver
08-10 18:50:53.295  1565 31876 I chatty  : uid=10012(com.google.android.gms) expire 7 lines
08-10 18:50:53.306   625   637 I ActivityManager: Start proc 31879:com.google.android.music:main/u0a86 for service com.google.android.music/.sync.google.MusicGcmTaskService
08-10 18:50:53.409  1565  4125 I chatty  : uid=10012(com.google.android.gms) iu-sync-manager expire 8 lines
08-10 18:50:53.785 25617 25672 D ClClient: Not sending keepalive.  Current connection state=STOPPED
08-10 18:50:53.933 31879 31879 W System  : ClassLoader referenced unknown path: /data/app/com.google.android.music-2/lib/arm
08-10 18:50:53.958   625   719 D ConnectivityService: notifyType CAP_CHANGED for NetworkAgentInfo [WIFI () - 199]
08-10 18:50:54.082  1565  1575 I chatty  : uid=10012(com.google.android.gms) HeapTaskDaemon expire 1 line
08-10 18:50:54.190 31879 31879 I MultiDex: VM with version 2.1.0 has multidex support
08-10 18:50:54.190 31879 31879 I MultiDex: install
08-10 18:50:54.190 31879 31879 I MultiDex: VM has multidex support, MultiDex support library is disabled.
08-10 18:50:54.389 26315 26328 E DatabaseUtils: Writing exception to parcel
08-10 18:50:54.389 26315 26328 E DatabaseUtils: java.lang.SecurityException: Permission Denial: reading com.android.providers.media.MediaProvider uri content://media/external/fs_id from pid=31864, uid=10080 requires android.permission.READ_EXTERNAL_STORAGE, or grantUriPermission()
08-10 18:50:54.389 26315 26328 E DatabaseUtils: 	at android.content.ContentProvider.enforceReadPermissionInner(ContentProvider.java:605)
08-10 18:50:54.389 26315 26328 E DatabaseUtils: 	at android.content.ContentProvider$Transport.enforceReadPermission(ContentProvider.java:480)
08-10 18:50:54.389 26315 26328 E DatabaseUtils: 	at android.content.ContentProvider$Transport.query(ContentProvider.java:211)
08-10 18:50:54.389 26315 26328 E DatabaseUtils: 	at android.content.ContentProviderNative.onTransact(ContentProviderNative.java:112)
08-10 18:50:54.389 26315 26328 E DatabaseUtils: 	at android.os.Binder.execTransact(Binder.java:453)
08-10 18:50:54.429  1565 31892 I chatty  : uid=10012(com.google.android.gms) expire 4 lines
08-10 18:50:54.515  1565  2640 I chatty  : uid=10012(com.google.android.gms) VolleyCacheDisp expire 2 lines
08-10 18:50:54.635 31879 31879 I BaseStore: ConfigStore database version: 1
08-10 18:50:54.823 31879 31879 I GoogleURLConnFactory: Using platform SSLCertificateSocketFactory
08-10 18:50:54.826 31879 31879 I GoogleHttpClient: Using GMS GoogleHttpClient
08-10 18:50:54.829 31879 31879 W ActivityThread: ClassLoader.loadClass: The class loader returned by Thread.getContextClassLoader() may fail for processes that host multiple applications. You should explicitly specify a context class loader. For example: Thread.setContextClassLoader(getClass().getClassLoader());
08-10 18:50:54.842 31879 31879 I GHttpClientFactory: Using our fixed implementation of GMSCore's GoogleHttpClient
08-10 18:50:54.843 31879 31879 I GoogleURLConnFactory: Using platform SSLCertificateSocketFactory
08-10 18:50:54.936   625   683 I chatty  : uid=1000(system) SensorService expire 62 lines
08-10 18:50:55.050 31879 31879 I BaseStore: Store database version: 135
08-10 18:50:55.224   625   636 I ActivityManager: Start proc 31906:com.google.android.play.games.ui/u0a90 for service com.google.android.play.games/com.google.android.gms.games.service.PlayGamesBridgeService
08-10 18:50:55.310 31879 31879 D MusicLifecycle: com.google.android.music.MusicApplication generated event: Application created
08-10 18:50:55.371 31879 31879 W linker  : /data/app/com.google.android.gms-2/lib/arm/libgmscore.so: unused DT entry: type 0x7ffffffd arg 0x785
08-10 18:50:55.399 31879 31879 W linker  : /data/app/com.google.android.gms-2/lib/arm/libconscrypt_gmscore_jni.so: unused DT entry: type 0x1d arg 0xe0
08-10 18:50:55.399 31879 31879 W linker  : /data/app/com.google.android.gms-2/lib/arm/libconscrypt_gmscore_jni.so: unused DT entry: type 0x7ffffffd arg 0x1c7
08-10 18:50:55.404 31879 31879 V JNIHelp : Registering com/google/android/gms/org/conscrypt/NativeCrypto's 255 native methods...
08-10 18:50:55.407   625 11369 W ActivityManager: Permission Denial: opening provider com.android.providers.contacts.ContactsProvider2 from ProcessRecord{5ecf203 31864:com.google.android.apps.plus/u0a80} (pid=31864, uid=10080) requires android.permission.READ_CONTACTS or android.permission.WRITE_CONTACTS
08-10 18:50:55.417   625  1362 W ActivityManager: Permission Denial: opening provider com.android.providers.contacts.ContactsProvider2 from ProcessRecord{5ecf203 31864:com.google.android.apps.plus/u0a80} (pid=31864, uid=10080) requires android.permission.READ_CONTACTS or android.permission.WRITE_CONTACTS
08-10 18:50:55.420   625  1361 W ActivityManager: Permission Denial: opening provider com.android.providers.contacts.ContactsProvider2 from ProcessRecord{5ecf203 31864:com.google.android.apps.plus/u0a80} (pid=31864, uid=10080) requires android.permission.READ_CONTACTS or android.permission.WRITE_CONTACTS
08-10 18:50:55.427 31864 31926 E GooglePlusContactsSync: Failed to clear out contacts
08-10 18:50:55.427 31864 31926 E GooglePlusContactsSync: java.lang.SecurityException: Permission Denial: opening provider com.android.providers.contacts.ContactsProvider2 from ProcessRecord{5ecf203 31864:com.google.android.apps.plus/u0a80} (pid=31864, uid=10080) requires android.permission.READ_CONTACTS or android.permission.WRITE_CONTACTS
08-10 18:50:55.427 31864 31926 E GooglePlusContactsSync: 	at android.os.Parcel.readException(Parcel.java:1620)
08-10 18:50:55.427 31864 31926 E GooglePlusContactsSync: 	at android.os.Parcel.readException(Parcel.java:1573)
08-10 18:50:55.427 31864 31926 E GooglePlusContactsSync: 	at android.app.ActivityManagerProxy.getContentProvider(ActivityManagerNative.java:3572)
08-10 18:50:55.427 31864 31926 E GooglePlusContactsSync: 	at android.app.ActivityThread.acquireProvider(ActivityThread.java:4827)
08-10 18:50:55.427 31864 31926 E GooglePlusContactsSync: 	at android.app.ContextImpl$ApplicationContentResolver.acquireUnstableProvider(ContextImpl.java:2062)
08-10 18:50:55.427 31864 31926 E GooglePlusContactsSync: 	at android.content.ContentResolver.acquireUnstableProvider(ContentResolver.java:1473)
08-10 18:50:55.427 31864 31926 E GooglePlusContactsSync: 	at android.content.ContentResolver.query(ContentResolver.java:477)
08-10 18:50:55.427 31864 31926 E GooglePlusContactsSync: 	at android.content.ContentResolver.query(ContentResolver.java:435)
08-10 18:50:55.427 31864 31926 E GooglePlusContactsSync: 	at dpm.a(PG:397)
08-10 18:50:55.427 31864 31926 E GooglePlusContactsSync: 	at dpm.b(PG:1345)
08-10 18:50:55.427 31864 31926 E GooglePlusContactsSync: 	at dpn.run(PG:282)
08-10 18:50:55.427 31864 31926 E GooglePlusContactsSync: 	at java.lang.Thread.run(Thread.java:818)
08-10 18:50:55.440 31879 31879 I ProviderInstaller: Installed default security provider GmsCore_OpenSSL
08-10 18:50:55.440 31879 31879 D AndroidMusic: GMSCore installation verified
08-10 18:50:55.495   625  1361 I ActivityManager: Start proc 31929:com.google.android.apps.photos/u0a89 for broadcast com.google.android.apps.photos/.analytics.alive.AliveLogReceiver
08-10 18:50:55.588 31879 31879 I MediaRouter: Found default route: MediaRouter.RouteInfo{ uniqueId=android/.support.v7.media.SystemMediaRouteProvider:DEFAULT_ROUTE, name=Telefono, description=null, iconUri=null, enabled=true, connecting=false, connectionState=0, canDisconnect=false, playbackType=0, playbackStream=3, deviceType=0, volumeHandling=1, volume=9, volumeMax=15, presentationDisplayId=-1, extras=null, settingsIntent=null, providerPackageName=android }
08-10 18:50:55.637 31879 31879 D MusicLifecycle: com.google.android.music.preferences.MusicPreferenceService$MusicPreferenceServiceBinder generated event: Service created
08-10 18:50:55.644 31879 31879 D MusicLifecycle: com.google.android.music.preferences.MusicPreferenceService$MusicPreferenceServiceBinder generated event: Service destroyed
08-10 18:50:55.644 31879 31879 D MusicLifecycle: com.google.android.music.preferences.MusicPreferenceService$MusicPreferenceServiceBinder generated event: Service created
08-10 18:50:55.648 31879 31879 D MusicLifecycle: com.google.android.music.preferences.MusicPreferenceService$MusicPreferenceServiceBinder generated event: Service destroyed
08-10 18:50:55.651 31879 31879 D MusicLifecycle: com.google.android.music.net.NetworkMonitor generated event: Service created
08-10 18:50:55.653 31879 31879 I NetworkMonitor: type=WIFI subType= reason=null isConnected=true
08-10 18:50:55.701 31879 31879 D MusicLifecycle: com.google.android.music.preferences.MusicPreferenceService$MusicPreferenceServiceBinder generated event: Service created
08-10 18:50:55.704 31879 31879 D MusicLifecycle: com.google.android.music.preferences.MusicPreferenceService$MusicPreferenceServiceBinder generated event: Service destroyed
08-10 18:50:55.704 31879 31879 D MusicLifecycle: com.google.android.music.download.cache.StorageMigrationService generated event: Service created
08-10 18:50:55.724   625   641 V ActivityManager: Attempted to start a foreground service (ComponentInfo{com.google.android.music/com.google.android.music.download.cache.StorageMigrationService}) with a broken notification (no icon: Notification(pri=0 contentView=com.google.android.music/0x1090085 vibrate=null sound=null defaults=0x0 flags=0x40 color=0x00000000 vis=PRIVATE))
08-10 18:50:55.731 31879 31879 D MusicLifecycle: com.google.android.music.download.artwork.ArtDownloadService generated event: Service created
08-10 18:50:55.798 31879 31879 D MusicLifecycle: com.google.android.music.preferences.MusicPreferenceService$MusicPreferenceServiceBinder generated event: Service created
08-10 18:50:55.802 31879 31879 D MusicLifecycle: com.google.android.music.net.NetworkMonitor$2 generated event: Broadcast received with context com.google.android.music.net.NetworkMonitor@15c6add and intent Intent { act=android.net.conn.CONNECTIVITY_CHANGE flg=0x4000010 (has extras) }
08-10 18:50:55.803 31879 31879 I NetworkMonitor: type=WIFI subType= reason=null isConnected=true
08-10 18:50:55.846 31879 31879 D MusicLifecycle: com.google.android.music.download.cache.StorageMigrationService generated event: Service destroyed
08-10 18:50:55.849   625 11370 I ActivityManager: Killing 29217:com.cyanogenmod.lockclock/u0a51 (adj 15): empty #17
08-10 18:50:55.899   625 11370 I ActivityManager: Killing 29269:com.google.android.calendar/u0a69 (adj 15): empty #17
08-10 18:50:55.950  1565  4256 I chatty  : uid=10012(com.google.android.gms) GAC_Executor[0] expire 1 line
08-10 18:50:56.198  1134  1152 D BluetoothAdapter: stopLeScan()
08-10 18:50:56.210  1134  1152 D BluetoothAdapter: startLeScan(): null
08-10 18:50:56.210  1134  1152 E BluetoothAdapter: startLeScan: cannot get BluetoothLeScanner
08-10 18:50:56.241  1565 31959 I chatty  : uid=10012(com.google.android.gms) expire 2 lines
08-10 18:50:56.259 26315 26315 D MtpService: starting MTP server in MTP mode
08-10 18:50:56.636   625   808 W DropBoxManagerService: Dropping: snet_gcore (94 > 0 bytes)
08-10 18:50:56.969   625   719 D ConnectivityService: updateNetworkScore for NetworkAgentInfo [WIFI () - 199] to 60
08-10 18:50:57.422 31929 31929 W art     : Verification of java.lang.String vs.c(long) took 245.719ms
08-10 18:50:58.164  1565 31977 I chatty  : uid=10012(com.google.android.gms) expire 1 line
08-10 18:50:58.311   625 11370 W DropBoxManagerService: Dropping: platform_stats_bookmark (13 > 0 bytes)
08-10 18:50:59.716  1565 31974 I chatty  : uid=10012(com.google.android.gms) expire 2 lines
08-10 18:50:59.733  1134  1152 D BluetoothAdapter: stopLeScan()
08-10 18:50:59.739  1134  1152 D BluetoothAdapter: startLeScan(): null
08-10 18:50:59.739  1134  1152 E BluetoothAdapter: startLeScan: cannot get BluetoothLeScanner
08-10 18:50:59.981   625   719 D ConnectivityService: notifyType CAP_CHANGED for NetworkAgentInfo [WIFI () - 199]
08-10 18:50:59.983   625   719 D ConnectivityService: updateNetworkScore for NetworkAgentInfo [WIFI () - 199] to 56
08-10 18:51:00.612 31929 31939 W art     : Suspending all threads took: 46.757ms
08-10 18:51:01.032 31929 31986 I GAv4    : Google Analytics 8.4.87 is starting up. To enable debug logging on a device run:
08-10 18:51:01.032 31929 31986 I GAv4    :   adb shell setprop log.tag.GAv4 DEBUG
08-10 18:51:01.032 31929 31986 I GAv4    :   adb logcat -s GAv4
08-10 18:51:01.097 31929 31986 W GAv4    : AnalyticsReceiver is not registered or is disabled. Register the receiver for reliable dispatching on non-Google Play devices. See http://goo.gl/8Rd3yj for instructions.
08-10 18:51:01.107 31929 31986 W GAv4    : CampaignTrackingReceiver is not registered, not exported or is disabled. Installation campaign tracking is not possible. See http://goo.gl/8Rd3yj for instructions.
08-10 18:51:01.112 31929 31990 W GAv4    : AnalyticsService not registered in the app manifest. Hits might not be delivered reliably. See http://goo.gl/8Rd3yj for instructions.
08-10 18:51:01.397   625 26785 I ActivityManager: Start proc 31993:com.amazon.mShop.android.shopping/u0a101 for broadcast com.amazon.mShop.android.shopping/com.amazon.clouddrive.library.device.receivers.AutoUploadReceiverProxy
08-10 18:51:01.908   625   635 I chatty  : uid=1000(system) HeapTaskDaemon expire 4 lines
08-10 18:51:01.961 31993 31993 V ApplicationStateListener: Application is created at time: 1470847861960
08-10 18:51:02.369 31993 31993 I DPLogger: DPLogger - Name was too long. Truncating; original name: BaseMetricsServiceFactory, truncated name: BaseMetricsServiceFacto
08-10 18:51:02.371 31993 31993 I DPLogger: DPLogger - Name was too long. Truncating; original name: MetricsConfigurationParser, truncated name: MetricsConfigurationPar
08-10 18:51:02.373 31993 31993 I MetricsConfigurationPar: MetricsConfigurationParser - Picking configuration; Domain: prod, Build: userdebug, isDebuggable: false
08-10 18:51:02.396 31993 31993 W System  : ClassLoader referenced unknown path: /system/framework/tcmclient.jar
08-10 18:51:02.397 31993 31993 I DPLogger: DPLogger - Name was too long. Truncating; original name: TComm.HttpClientSrrManager, truncated name: TComm.HttpClientSrrMana
08-10 18:51:02.411 31993 31993 I DPLogger: DPLogger - Name was too long. Truncating; original name: AndroidDeviceInfoManager, truncated name: AndroidDeviceInfoManage
08-10 18:51:02.412 31993 31993 I DPLogger: DPLogger - Name was too long. Truncating; original name: Metrics:BoundedByteArrayQueue, truncated name: Metrics:BoundedByteArra
08-10 18:51:02.413 31993 31993 I DPLogger: DPLogger - Name was too long. Truncating; original name: Metrics:NonVolatileBoundedByteArrayQueue, truncated name: Metrics:NonVolatileBoun
08-10 18:51:02.416 31993 31993 I DPLogger: DPLogger - Name was too long. Truncating; original name: Metrics:BatchTransmitter, truncated name: Metrics:BatchTransmitte
08-10 18:51:02.422 31993 31993 I DPLogger: DPLogger - Name was too long. Truncating; original name: Metrics:ThreadPoolBatchTransmitter, truncated name: Metrics:ThreadPoolBatch
08-10 18:51:02.422 31993 31993 I DPLogger: DPLogger - Name was too long. Truncating; original name: PeriodicBatchTransmitter, truncated name: PeriodicBatchTransmitte
08-10 18:51:02.426 31993 31993 I DPLogger: DPLogger - Name was too long. Truncating; original name: Metrics:UrgentBatchTransmitter, truncated name: Metrics:UrgentBatchTran
08-10 18:51:02.427 31993 31993 W BaseMetricsServiceFacto: createMetricsService - Skipping batch pipeline setup for ; RESERVED_FOR_LOCATION_SERVICE:  because no configuration is provided.
08-10 18:51:02.429 31993 31993 I DPLogger: DPLogger - Name was too long. Truncating; original name: OverridingDeviceInfoManager, truncated name: OverridingDeviceInfoMan
08-10 18:51:02.443 31993 31993 I DPLogger: DPLogger - Name was too long. Truncating; original name: MetricsBroadcastReceiver, truncated name: MetricsBroadcastReceive
08-10 18:51:02.446 31993 32024 I Metrics:BatchTransmitte: QueuePusher.sendBatches - Drained batch queue.; Number of HIGH queue batches sent: 0
08-10 18:51:02.446 31993 32023 I Metrics:BatchTransmitte: QueuePusher.sendBatches - Drained batch queue.; Number of NORMAL queue batches sent: 0
08-10 18:51:02.449 31993 32025 I Metrics:BatchTransmitte: QueuePusher.sendBatches - Drained batch queue.; Number of RESERVED_FOR_NON_ANONYMOUS_METRICS queue batches sent: 0
08-10 18:51:02.511 31993 31993 I WebViewSuspensionPolicy: Registering timer controller
08-10 18:51:02.520 31993 31993 I WebViewFactory: Loading com.android.webview version 44.0.2403.119 (code 246011900)
08-10 18:51:02.632 31993 31993 W System  : ClassLoader referenced unknown path: /system/app/webview/lib/arm
08-10 18:51:02.676 31993 31993 I LibraryLoader: Time to load native libraries: 20 ms (timestamps 9401-9421)
08-10 18:51:02.677 31993 31993 I LibraryLoader: Expected native library version number "",actual native library version number ""
08-10 18:51:02.693   216   645 I chatty  : uid=1013(media) AudioOut_4 expire 157 lines
08-10 18:51:02.693   625  1359 I ActivityManager: START u0 {act=android.intent.action.MAIN cmp=com.android.settings/.SubSettings (has extras)} from uid 1000 on display 0
08-10 18:51:02.721 31993 31993 V WebViewChromiumFactoryProvider: Binding Chromium to main looper Looper (main, tid 1) {f06c03e}
08-10 18:51:02.722 31993 31993 I LibraryLoader: Expected native library version number "",actual native library version number ""
08-10 18:51:02.722 31993 31993 I chromium: [INFO:library_loader_hooks.cc(120)] Chromium logging enabled: level = 0, default verbosity = 0
08-10 18:51:02.742 31993 31993 I BrowserStartupController: Initializing chromium process, singleProcess=true
08-10 18:51:02.747  1134  1152 D BluetoothAdapter: stopLeScan()
08-10 18:51:02.770  1134  1152 D BluetoothAdapter: startLeScan(): null
08-10 18:51:02.770  1134  1152 E BluetoothAdapter: startLeScan: cannot get BluetoothLeScanner
08-10 18:51:02.786 31993 31993 E SysUtils: ApplicationContext is null in ApplicationStatus
08-10 18:51:02.848 31993 31993 W chromium: [WARNING:resource_bundle.cc(285)] locale_file_path.empty()
08-10 18:51:02.865 31993 31993 E libEGL  : validate_display:255 error 3008 (EGL_BAD_DISPLAY)
08-10 18:51:02.865 31993 31993 E libEGL  : validate_display:255 error 3008 (EGL_BAD_DISPLAY)
08-10 18:51:02.868 31993 31993 I Adreno-EGL: <qeglDrvAPI_eglInitialize:379>: QUALCOMM Build: 10/21/15, 369a2ea, I96aee987eb
08-10 18:51:02.989 31993 31993 E DataReductionProxySettingListener: No DRP key due to exception:java.lang.ClassNotFoundException: com.android.webview.chromium.Drp
08-10 18:51:02.995   625   719 D ConnectivityService: notifyType CAP_CHANGED for NetworkAgentInfo [WIFI () - 199]
08-10 18:51:03.229 31993 31993 W AwContents: onDetachedFromWindow called when already detached. Ignoring
08-10 18:51:03.231 31993 31993 I CordovaLog: Changing log level to 6
08-10 18:51:03.246 31993 31993 V AmazonApplication: Unable to execute setConfigCallbackForViewRoot on Android Platform6.0.1
08-10 18:51:03.248 31993 32052 I ...h.device.api.MAPInit: Initializing MAP (130050002 / MAPAndroidLib-1.0.1385.0) for app com.amazon.mShop.android.shopping
08-10 18:51:03.249 31993 32052 I ...ing.PlatformSettings: DCP settings not available; using defaults
08-10 18:51:03.262   625   718 D WifiService: New client listening to asynchronous messages
08-10 18:51:03.264 31993 32052 I ...ures.FeatureSetCache: Caching feature IsolateApplication as false
08-10 18:51:03.271 31993 31993 I com.amazon.device.crashmanager.CrashDetectionHelper: Installing crash detector as default exception handler.
08-10 18:51:03.283 31993 32055 I DPLogger: DPLogger - Name was too long. Truncating; original name: AbstractDetArtifactProcessor, truncated name: AbstractDetArtifactProc
08-10 18:51:03.288 31993 32055 I DPLogger: DPLogger - Name was too long. Truncating; original name: JavaCrashArtifactProcessor, truncated name: JavaCrashArtifactProces
08-10 18:51:03.289 31993 32052 I ...tils.CentralApkUtils: Cannot find amazon authenticator. returning null
08-10 18:51:03.289 31993 32052 I ...tils.CentralApkUtils: No central apk detected. This should be a 3P device.
08-10 18:51:03.292 31993 32052 I ...taStorageFactoryImpl: Creating new DataStorageFactoryImpl
08-10 18:51:03.292 31993 32056 D SecondDexEntry: Copying jar has error
08-10 18:51:03.292 31993 32056 D SecondDexEntry: java.io.FileNotFoundException: dependencies/jarlist.txt
08-10 18:51:03.292 31993 32056 D SecondDexEntry: 	at android.content.res.AssetManager.openAsset(Native Method)
08-10 18:51:03.292 31993 32056 D SecondDexEntry: 	at android.content.res.AssetManager.open(AssetManager.java:331)
08-10 18:51:03.292 31993 32056 D SecondDexEntry: 	at android.content.res.AssetManager.open(AssetManager.java:305)
08-10 18:51:03.292 31993 32056 D SecondDexEntry: 	at com.amazon.mShop.android.platform.dex.DexUtils.getDexFileListFromAssets(DexUtils.java:115)
08-10 18:51:03.292 31993 32056 D SecondDexEntry: 	at com.amazon.mShop.android.platform.dex.DexUtils.copyJarsToAppPrivateFolder(DexUtils.java:51)
08-10 18:51:03.292 31993 32056 D SecondDexEntry: 	at com.amazon.mShop.android.platform.dex.SecondDexEntry.extractDexAndLoad(SecondDexEntry.java:275)
08-10 18:51:03.292 31993 32056 D SecondDexEntry: 	at com.amazon.mShop.android.platform.dex.SecondDexEntry$ExtractAndFillClassLoader.run(SecondDexEntry.java:300)
08-10 18:51:03.292 31993 32056 D SecondDexEntry: 	at java.lang.Thread.run(Thread.java:818)
08-10 18:51:03.293 31993 32052 I ...taStorageFactoryImpl: Initializing new DataStorage
08-10 18:51:03.295 31993 32052 I ...DeviceAttributeCache: Setting device attribute CentralAPK to false
08-10 18:51:03.297 31993 32052 I ...taStorageFactoryImpl: Creating and using new DistributedDataStorage
08-10 18:51:03.297 31993 32055 W System  : ClassLoader referenced unknown path: /system/framework/tcmclient.jar
08-10 18:51:03.337 31993 32060 I ...amework.MAPInitTasks: Get DataStorage instance for initialization
08-10 18:51:03.337 31993 32060 I ...amework.MAPInitTasks: Initialize DataStorage instance
08-10 18:51:03.353 31993 32055 I ArtifactUploader: uploadCrashEntries - Finished uploading artifacts. Uploaded 0 artifacts.;
08-10 18:51:03.360 31993 32060 I ...amework.MAPInitTasks: Setup DataStorage instance
08-10 18:51:03.574 31993 32042 W chromium: [WARNING:data_reduction_proxy_config.cc(423)] SPDY proxy OFF at startup
08-10 18:51:03.582 31993 32065 W System  : ClassLoader referenced unknown path: /system/framework/tcmclient.jar
08-10 18:51:03.585 31993 31993 V ApplicationStateListener: Is Application.onCreate() for foreground: false
08-10 18:51:03.653 31879 31879 D MusicLifecycle: com.google.android.music.autocache.AutoCacheSchedulingService$EnablingReceiver generated event: Broadcast received with context android.app.ReceiverRestrictedContext@4273350 and intent Intent { act=com.google.android.music.START_DOWNLOAD_SCHEDULING flg=0x10 cmp=com.google.android.music/.autocache.AutoCacheSchedulingService$EnablingReceiver }
08-10 18:51:03.684 31879 31879 D MusicLifecycle: com.google.android.music.autocache.AutoCacheSchedulingService generated event: Service created
08-10 18:51:03.737 31993 32066 I ...eAccountPluginHolder: Returning Default multiple profile settings
08-10 18:51:03.775 31879 31879 D MusicLifecycle: com.google.android.music.autocache.AutoCacheSchedulingService generated event: Service started with intent Intent { act=com.google.android.music.leanback.APP_IN_USE cmp=com.google.android.music/.autocache.AutoCacheSchedulingService (has extras) }
08-10 18:51:03.777 31879 31879 D MusicLifecycle: com.google.android.music.wear.WearBroadcastReceiver generated event: Broadcast received with context android.app.ReceiverRestrictedContext@4273350 and intent Intent { act=com.google.android.music.START_DOWNLOAD_SCHEDULING flg=0x10 cmp=com.google.android.music/.wear.WearBroadcastReceiver }
08-10 18:51:03.785 25617 25672 D ClClient: Not sending keepalive.  Current connection state=STOPPED
08-10 18:51:03.851 31879 32069 I MusicLeanback: Conditions not met for autocaching. okToAttempt=false
08-10 18:51:03.851 31879 32069 I MusicLeanback: Stop autocaching.
08-10 18:51:03.873  1713  1713 I chatty  : uid=10012 com.google.android.gms.persistent expire 8 lines
08-10 18:51:03.889 31879 32076 E GmsUtils: Failed to connect to Google API client: ConnectionResult{statusCode=API_UNAVAILABLE, resolution=null, message=null}
08-10 18:51:05.792  1134  1152 D BluetoothAdapter: stopLeScan()
08-10 18:51:05.806  1134  1152 D BluetoothAdapter: startLeScan(): null
08-10 18:51:05.806  1134  1152 E BluetoothAdapter: startLeScan: cannot get BluetoothLeScanner
08-10 18:51:06.008   625   719 D ConnectivityService: updateNetworkScore for NetworkAgentInfo [WIFI () - 199] to 60
08-10 18:51:06.294   625 26783 I ActivityManager: Killing 29535:com.android.vending/u0a26 (adj 15): empty #17
08-10 18:51:07.946   625 32036 W DropBoxManagerService: Dropping: system_app_strictmode (10 > 0 bytes)
08-10 18:51:08.825  1134  1152 D BluetoothAdapter: stopLeScan()
08-10 18:51:08.836  1134  1152 D BluetoothAdapter: startLeScan(): null
08-10 18:51:08.836  1134  1152 E BluetoothAdapter: startLeScan: cannot get BluetoothLeScanner
08-10 18:51:09.026   625   719 D ConnectivityService: notifyType CAP_CHANGED for NetworkAgentInfo [WIFI () - 199]
08-10 18:51:09.044   625   719 D ConnectivityService: updateNetworkScore for NetworkAgentInfo [WIFI () - 199] to 56
08-10 18:51:09.808   625  1358 I NotificationService: cancelToast pkg=com.android.settings callback=android.app.ITransientNotification$Stub$Proxy@840d173
08-10 18:51:09.948   625  1360 I NotificationService: cancelToast pkg=com.android.settings callback=android.app.ITransientNotification$Stub$Proxy@a57d75c
08-10 18:51:10.113   625   637 I NotificationService: cancelToast pkg=com.android.settings callback=android.app.ITransientNotification$Stub$Proxy@132fbeb
08-10 18:51:10.279   625 26783 I NotificationService: cancelToast pkg=com.android.settings callback=android.app.ITransientNotification$Stub$Proxy@2cfd906
08-10 18:51:10.393 31716 31775 I chatty  : uid=1000(system) com.android.settings expire 2 lines
08-10 18:51:10.445   625   683 I chatty  : uid=1000(system) SensorService expire 42 lines
08-10 18:51:10.461   625  5511 I chatty  : uid=1000(system) DhcpClient expire 2 lines
08-10 18:51:10.469   625 27847 I chatty  : uid=1000(system) Thread-2125 expire 1 line
08-10 18:51:11.846  1134  1152 D BluetoothAdapter: stopLeScan()
08-10 18:51:11.858  1134  1152 D BluetoothAdapter: startLeScan(): null
08-10 18:51:11.858  1134  1152 E BluetoothAdapter: startLeScan: cannot get BluetoothLeScanner
08-10 18:51:11.983  1230 14965 D PhoneInterfaceManager: [PhoneIntfMgr] getDataEnabled: subId=1 phoneId=0
08-10 18:51:11.983  1230 14965 D PhoneInterfaceManager: [PhoneIntfMgr] getDataEnabled: subId=1 retVal=true
08-10 18:51:12.050   625   719 D ConnectivityService: notifyType CAP_CHANGED for NetworkAgentInfo [WIFI () - 199]
08-10 18:51:13.643   625   807 I ActivityManager: START u0 {act=android.intent.action.MAIN cmp=com.android.settings/.SubSettings (has extras)} from uid 1000 on display 0
08-10 18:51:13.785 25617 25672 D ClClient: Not sending keepalive.  Current connection state=STOPPED
08-10 18:51:14.879  1134  1152 D BluetoothAdapter: stopLeScan()
08-10 18:51:14.895  1134  1152 D BluetoothAdapter: startLeScan(): null
08-10 18:51:14.895  1134  1152 E BluetoothAdapter: startLeScan: cannot get BluetoothLeScanner
08-10 18:51:15.072   625   719 D ConnectivityService: notifyType CAP_CHANGED for NetworkAgentInfo [WIFI () - 199]
08-10 18:51:16.374  1565 32068 I chatty  : uid=10012(com.google.android.gms) expire 1 line
08-10 18:51:16.385   625 26785 W DropBoxManagerService: Dropping: platform_stats_bookmark (13 > 0 bytes)
08-10 18:51:16.403  1713 32104 I chatty  : uid=10012 com.google.android.gms.persistent expire 11 lines
08-10 18:51:16.789   216   645 I chatty  : uid=1013(media) AudioOut_4 expire 40 lines
08-10 18:51:17.110  1134  1152 D BluetoothManager: getConnectedDevices
08-10 18:51:17.111  1134  1152 E BluetoothDevice: BT not enabled. Cannot get Remote Device type
08-10 18:51:17.132  1134  1187 E BluetoothDevice: BT not enabled. Cannot get Remote Device name
08-10 18:51:17.133  1134  1187 D Event   : No subscribers registered for event class com.xiaomi.hm.health.device.b.c
08-10 18:51:17.133  1134  1187 D Event   : No subscribers registered for event class de.greenrobot.a.j
08-10 18:51:17.158  1134  1152 D BluetoothAdapter: stopLeScan()
08-10 18:51:17.168  1134  1152 D BluetoothAdapter: startLeScan(): null
08-10 18:51:17.169  1134  1152 E BluetoothAdapter: startLeScan: cannot get BluetoothLeScanner
08-10 18:51:18.091   625   719 D ConnectivityService: notifyType CAP_CHANGED for NetworkAgentInfo [WIFI () - 199]
08-10 18:51:18.611   625   641 I ActivityManager: Waited long enough for: ServiceRecord{f7b3f00 u0 com.google.android.gms/.stats.service.DropBoxEntryAddedService}
08-10 18:51:20.180  1134  1152 D BluetoothAdapter: stopLeScan()
08-10 18:51:20.187  1134  1152 D BluetoothAdapter: startLeScan(): null
08-10 18:51:20.187  1134  1152 E BluetoothAdapter: startLeScan: cannot get BluetoothLeScanner
08-10 18:51:20.900   216   645 D ACDB-LOADER: ACDB -> ACDB_CMD_GET_AFE_COMMON_TABLE
08-10 18:51:20.900   216   645 E ACDB-LOADER: Error: ACDB AFE returned = -8
08-10 18:51:20.900   216   645 D ACDB-LOADER: ACDB -> AUDIO_SET_AFE_CAL
08-10 18:51:20.900   216   645 D alsa_ucm: Setting mixer control: PRI_RX Channels, value: One
08-10 18:51:20.900   216   645 D alsa_ucm: Setting mixer control: RX4 MIX1 INP1, value: RX1
08-10 18:51:20.905   216   645 D alsa_ucm: Setting mixer control: SLIM RX1 MUX, value: AIF1_PB
08-10 18:51:20.905   216   645 D alsa_ucm: Setting mixer control: SPK DAC Switch, value: 1
08-10 18:51:20.906   216   645 D alsa_ucm: Setting mixer control: RX4 Digital Volume, value: 68
08-10 18:51:20.907   216   645 D alsa_ucm: Setting mixer control: SPK DRV Volume, value: 87
08-10 18:51:20.908   216   645 D alsa_ucm: Set mixer controls for HiFi Lowlatency enable 1
08-10 18:51:20.908   216   645 D alsa_ucm: Setting mixer control: PRI_RX Audio Mixer MultiMedia5, value: 1
08-10 18:51:20.908   216   645 D ALSADevice: close: handle 0xb600ff50 h 0x0
08-10 18:51:20.908   216   645 D ALSADevice: open: handle 0xb600ff50, format 0x2
08-10 18:51:20.908   216   645 D ALSADevice: Device value returned is hw:0,14
08-10 18:51:20.920   216   645 D ALSADevice: handle->format: 0x2
08-10 18:51:20.920   216   645 D ALSADevice: setHardwareParams: reqBuffSize 256 channels 2 sampleRate 48000
08-10 18:51:20.927   216   645 D ALSADevice: setHardwareParams: buffer_size 512, period_size 256, period_cnt 2
08-10 18:51:20.967   625   683 I chatty  : uid=1000(system) SensorService expire 46 lines
08-10 18:51:21.437  3985  3985 V xiaomi  : [Thread:1] Service called on timer
08-10 18:51:21.444  1713  8279 I chatty  : uid=10012(com.google.android.gms) lowpool[223] expire 11 lines
08-10 18:51:21.445  1713 32105 I chatty  : uid=10012 com.google.android.gms.persistent expire 12 lines
08-10 18:51:22.208   216   645 D ALSAStreamOps: setParameters(): keyRouting with device 0x2
08-10 18:51:22.208   216   645 D ALSAStreamOps: setParameters(): keyRouting with device 0x2
08-10 18:51:22.208   216   645 D ALSADevice: route: devices 0x2 in mode 0
08-10 18:51:22.209   216   645 D ALSADevice: No valid input device: 0
08-10 18:51:22.209   216   645 D alsa_ucm: snd_use_case_set(): uc_mgr 0xb600b510 identifier _enadev value Speaker
08-10 18:51:22.209   216   645 D alsa_ucm: Set mixer controls for HiFi Lowlatency enable 1
08-10 18:51:22.209   216   645 D alsa_ucm: Setting mixer control: PRI_RX Audio Mixer MultiMedia5, value: 1
08-10 18:51:22.209   216   645 D ALSADevice: switchDevice: mCurTxUCMDevivce Camcorder Tx mCurRxDevDevice Speaker
08-10 18:51:22.245   216   645 D AudioFlinger: mixer(0xb3800000) throttle end: throttle time(5)
08-10 18:51:22.324   625   643 I UsbDeviceManager: Setting USB config to mtp,adb
08-10 18:51:22.359   625   637 W InputMethodManagerService: Window already focused, ignoring focus gain of: com.android.internal.view.IInputMethodClient$Stub$Proxy@6f139fa attribute=null, token = android.os.BinderProxy@d1bc3b5
08-10 18:51:22.593   625 11370 I ActivityManager: Killing 29737:com.google.android.talk/u0a82 (adj 15): empty #17
08-10 18:51:23.176 26315 26315 D MtpService: starting MTP server in MTP mode
08-10 18:51:23.202  1134  1152 D BluetoothAdapter: stopLeScan()
08-10 18:51:23.214  1134  1152 D BluetoothAdapter: startLeScan(): null
08-10 18:51:23.214  1134  1152 E BluetoothAdapter: startLeScan: cannot get BluetoothLeScanner
08-10 18:51:23.788 25617 25672 D ClClient: Not sending keepalive.  Current connection state=STOPPED
08-10 18:51:25.369   216   645 D ALSADevice: standby: handle 0xb600ff50 h 0x0
08-10 18:51:25.410   216   645 D alsa_ucm: snd_use_case_set(): uc_mgr 0xb600b510 identifier _verb value Inactive
08-10 18:51:25.410   216   645 D alsa_ucm: Set mixer controls for HiFi Lowlatency enable 0
08-10 18:51:25.410   216   645 D alsa_ucm: Setting mixer control: PRI_RX Audio Mixer MultiMedia5, value: 0
08-10 18:51:25.410   216   645 D alsa_ucm: snd_use_case_set(): uc_mgr 0xb600b510 identifier _disdev value Camcorder Tx
08-10 18:51:25.410   216   645 D alsa_ucm: disdev: device Camcorder Tx not enabled, no need to disable
08-10 18:51:25.411   216   645 D alsa_ucm: snd_use_case_set(): uc_mgr 0xb600b510 identifier _disdev value Speaker
08-10 18:51:25.411   216   645 D alsa_ucm: Set mixer controls for Speaker enable 0
08-10 18:51:25.411   216   645 D alsa_ucm: Setting mixer control: RX4 MIX1 INP1, value: ZERO
08-10 18:51:25.413   216   645 D alsa_ucm: Setting mixer control: SLIM RX1 MUX, value: ZERO
08-10 18:51:25.415   216   645 D alsa_ucm: Setting mixer control: SPK DAC Switch, value: 0
08-10 18:51:25.417   216   645 D alsa_ucm: Setting mixer control: RX4 Digital Volume, value: 0
08-10 18:51:25.418   216   645 D alsa_ucm: Setting mixer control: SPK DRV Volume, value: 0
08-10 18:51:25.419   216   645 D AudioUsbALSA: exitPlaybackThread, mproxypfdPlayback: -1
08-10 18:51:25.419   216   645 D AudioUsbALSA: closeDevice handle 0x0
08-10 18:51:25.419   216   645 D AudioUsbALSA: closeDevice handle 0x0
08-10 18:51:26.238  1134  1152 D BluetoothAdapter: stopLeScan()
08-10 18:51:26.246  1134  1152 D BluetoothAdapter: startLeScan(): null
08-10 18:51:26.246  1134  1152 E BluetoothAdapter: startLeScan: cannot get BluetoothLeScanner
08-10 18:51:29.020  1713 32132 I chatty  : uid=10012 com.google.android.gms.persistent expire 11 lines
08-10 18:51:29.268  1134  1152 D BluetoothAdapter: stopLeScan()
08-10 18:51:29.282  1134  1152 D BluetoothAdapter: startLeScan(): null
08-10 18:51:29.283  1134  1152 E BluetoothAdapter: startLeScan: cannot get BluetoothLeScanner
08-10 18:51:31.536  1713 32133 I chatty  : uid=10012 com.google.android.gms.persistent expire 19 lines
08-10 18:51:31.606   625  1360 I ProcessStatsService: Added stats: 2016-08-10-13-17-59, over +4h58m22s152ms
08-10 18:51:31.672   625  1360 I ProcessStatsService: Added stats: 2016-08-10-09-44-00, over +3h33m59s674ms
08-10 18:51:31.731   625  1360 I ProcessStatsService: Added stats: 2016-08-10-06-11-34, over +3h32m25s479ms
08-10 18:51:31.765   625  1360 I ProcessStatsService: Added stats: 2016-08-10-01-28-29, over +4h43m4s775ms
08-10 18:51:31.870  1713  1724 I chatty  : uid=10012(com.google.android.gms) HeapTaskDaemon expire 1 line
08-10 18:51:32.297  1134  1152 D BluetoothAdapter: stopLeScan()
08-10 18:51:32.305  1134  1152 D BluetoothAdapter: startLeScan(): null
08-10 18:51:32.305  1134  1152 E BluetoothAdapter: startLeScan: cannot get BluetoothLeScanner
08-10 18:51:32.476   625   683 I chatty  : uid=1000(system) SensorService expire 46 lines
08-10 18:51:33.780 25617 25672 D ClClient: Not sending keepalive.  Current connection state=STOPPED
08-10 18:51:35.322  1134  1152 D BluetoothAdapter: stopLeScan()
08-10 18:51:35.330  1134  1152 D BluetoothAdapter: startLeScan(): null
08-10 18:51:35.330  1134  1152 E BluetoothAdapter: startLeScan: cannot get BluetoothLeScanner
08-10 18:51:36.193   625   719 D ConnectivityService: notifyType CAP_CHANGED for NetworkAgentInfo [WIFI () - 199]
08-10 18:51:36.478  3985 27153 V xiaomi  : [Thread:779] JOB: check the ping-pong.
08-10 18:51:37.495   625 27846 I chatty  : uid=1000(system) Thread-2124 expire 2 lines
08-10 18:51:38.340  1134  1152 D BluetoothAdapter: stopLeScan()
08-10 18:51:38.347  1134  1152 D BluetoothAdapter: startLeScan(): null
08-10 18:51:38.347  1134  1152 E BluetoothAdapter: startLeScan: cannot get BluetoothLeScanner
08-10 18:51:39.094  1713 32160 I chatty  : uid=10012 com.google.android.gms.persistent expire 12 lines
08-10 18:51:39.230   625   719 D ConnectivityService: notifyType CAP_CHANGED for NetworkAgentInfo [WIFI () - 199]
08-10 18:51:41.359  1134  1152 D BluetoothAdapter: stopLeScan()
08-10 18:51:41.367  1134  1152 D BluetoothAdapter: startLeScan(): null
08-10 18:51:41.367  1134  1152 E BluetoothAdapter: startLeScan: cannot get BluetoothLeScanner
08-10 18:51:41.615  1713  1949 I chatty  : uid=10012(com.google.android.gms) Binder_4 expire 1 line
08-10 18:51:43.757 25617 25672 D ClClient: Not sending keepalive.  Current connection state=STOPPED
08-10 18:51:43.976   625   683 I chatty  : uid=1000(system) SensorService expire 86 lines
08-10 18:51:44.133  1713 32104 I chatty  : uid=10012 com.google.android.gms.persistent expire 12 lines
08-10 18:51:44.389  1134  1152 D BluetoothAdapter: stopLeScan()
08-10 18:51:44.403  1134  1152 D BluetoothAdapter: startLeScan(): null
08-10 18:51:44.404  1134  1152 E BluetoothAdapter: startLeScan: cannot get BluetoothLeScanner
08-10 18:51:47.187  1134  1152 D BluetoothManager: getConnectedDevices
08-10 18:51:47.187  1134  1152 E BluetoothDevice: BT not enabled. Cannot get Remote Device type
08-10 18:51:47.199  1134  1187 E BluetoothDevice: BT not enabled. Cannot get Remote Device name
08-10 18:51:47.199  1134  1187 D Event   : No subscribers registered for event class com.xiaomi.hm.health.device.b.c
08-10 18:51:47.200  1134  1187 D Event   : No subscribers registered for event class de.greenrobot.a.j
08-10 18:51:47.220  1134  1152 D BluetoothAdapter: stopLeScan()
08-10 18:51:47.229  1134  1152 D BluetoothAdapter: startLeScan(): null
08-10 18:51:47.229  1134  1152 E BluetoothAdapter: startLeScan: cannot get BluetoothLeScanner
08-10 18:51:49.483   625 11369 I chatty  : uid=1000(system) Binder_C expire 7 lines
08-10 18:51:49.550  1565 32183 I chatty  : uid=10012(com.google.android.gms) expire 2 lines
08-10 18:51:49.698   625   636 W DropBoxManagerService: Dropping: event_data (39 > 0 bytes)
08-10 18:51:50.250  1134  1152 D BluetoothAdapter: stopLeScan()
08-10 18:51:50.263  1134  1152 D BluetoothAdapter: startLeScan(): null
08-10 18:51:50.263  1134  1152 E BluetoothAdapter: startLeScan: cannot get BluetoothLeScanner
08-10 18:51:50.524   625   717 I chatty  : uid=1000(system) WifiStateMachin expire 10 lines
08-10 18:51:52.957   625   807 I chatty  : uid=1000(system) Binder_3 expire 3 lines
08-10 18:51:53.067  1713  4581 I chatty  : uid=10012(com.google.android.gms) lowpool[207] expire 10 lines
08-10 18:51:53.284  1134  1152 D BluetoothAdapter: stopLeScan()
08-10 18:51:53.305  1134  1152 D BluetoothAdapter: startLeScan(): null
08-10 18:51:53.305  1134  1152 E BluetoothAdapter: startLeScan: cannot get BluetoothLeScanner
08-10 18:51:53.782 25617 25672 D ClClient: Not sending keepalive.  Current connection state=STOPPED
08-10 18:51:56.322  1134  1152 D BluetoothAdapter: stopLeScan()
08-10 18:51:56.330  1134  1152 D BluetoothAdapter: startLeScan(): null
08-10 18:51:56.330  1134  1152 E BluetoothAdapter: startLeScan: cannot get BluetoothLeScanner
08-10 18:51:59.245  1713 32132 I chatty  : uid=10012 com.google.android.gms.persistent expire 9 lines
08-10 18:51:59.353  1134  1152 D BluetoothAdapter: stopLeScan()
08-10 18:51:59.364  1134  1152 D BluetoothAdapter: startLeScan(): null
08-10 18:51:59.364  1134  1152 E BluetoothAdapter: startLeScan: cannot get BluetoothLeScanner
08-10 18:52:02.382  1134  1152 D BluetoothAdapter: stopLeScan()
08-10 18:52:02.390  1134  1152 D BluetoothAdapter: startLeScan(): null
08-10 18:52:02.390  1134  1152 E BluetoothAdapter: startLeScan: cannot get BluetoothLeScanner
08-10 18:52:03.785 25617 25672 D ClClient: Not sending keepalive.  Current connection state=STOPPED
08-10 18:52:05.405  1134  1152 D BluetoothAdapter: stopLeScan()
08-10 18:52:05.413  1134  1152 D BluetoothAdapter: startLeScan(): null
08-10 18:52:05.413  1134  1152 E BluetoothAdapter: startLeScan: cannot get BluetoothLeScanner
08-10 18:52:05.477   625   683 I chatty  : uid=1000(system) SensorService expire 84 lines
08-10 18:52:05.495   212   612 E NetlinkEvent: NetlinkEvent::FindParam(): Parameter 'UID' not found
08-10 18:52:06.224   212   612 E NetlinkEvent: NetlinkEvent::FindParam(): Parameter 'UID' not found
08-10 18:52:06.785  1713 32192 I chatty  : uid=10012 com.google.android.gms.persistent expire 8 lines
08-10 18:52:06.870   625  1360 W DropBoxManagerService: Dropping: platform_stats_bookmark (13 > 0 bytes)
08-10 18:52:08.436  1134  1152 D BluetoothAdapter: stopLeScan()
08-10 18:52:08.445  1134  1152 D BluetoothAdapter: startLeScan(): null
08-10 18:52:08.445  1134  1152 E BluetoothAdapter: startLeScan: cannot get BluetoothLeScanner
08-10 18:52:11.468  1134  1152 D BluetoothAdapter: stopLeScan()
08-10 18:52:11.482  1134  1152 D BluetoothAdapter: startLeScan(): null
08-10 18:52:11.482  1134  1152 E BluetoothAdapter: startLeScan: cannot get BluetoothLeScanner
08-10 18:52:13.005   625   708 I ActivityManager: START u0 {act=android.intent.action.MAIN cat=[android.intent.category.HOME] flg=0x10200000 cmp=com.cyanogenmod.trebuchet/com.android.launcher3.Launcher (has extras)} from uid 1000 on display 0
08-10 18:52:13.665  1255  1527 W OpenGLRenderer: Incorrectly called buildLayer on View: ShortcutAndWidgetContainer, destroying layer...
08-10 18:52:13.666  1255  1527 W OpenGLRenderer: Incorrectly called buildLayer on View: ShortcutAndWidgetContainer, destroying layer...
08-10 18:52:13.785 25617 25672 D ClClient: Not sending keepalive.  Current connection state=STOPPED
08-10 18:52:14.502  1134  1152 D BluetoothAdapter: stopLeScan()
08-10 18:52:14.510  1134  1152 D BluetoothAdapter: startLeScan(): null
08-10 18:52:14.510  1134  1152 E BluetoothAdapter: startLeScan: cannot get BluetoothLeScanner
08-10 18:52:15.433   625   719 D ConnectivityService: notifyType CAP_CHANGED for NetworkAgentInfo [WIFI () - 199]
08-10 18:52:16.848  1713  8279 I chatty  : uid=10012(com.google.android.gms) lowpool[223] expire 8 lines
08-10 18:52:17.239  1134  1152 D BluetoothManager: getConnectedDevices
08-10 18:52:17.239  1134  1152 E BluetoothDevice: BT not enabled. Cannot get Remote Device type
08-10 18:52:17.251  1134  1187 E BluetoothDevice: BT not enabled. Cannot get Remote Device name
08-10 18:52:17.251  1134  1187 D Event   : No subscribers registered for event class com.xiaomi.hm.health.device.b.c
08-10 18:52:17.251  1134  1187 D Event   : No subscribers registered for event class de.greenrobot.a.j
08-10 18:52:17.271  1134  1152 D BluetoothAdapter: stopLeScan()
08-10 18:52:17.279  1134  1152 D BluetoothAdapter: startLeScan(): null
08-10 18:52:17.279  1134  1152 E BluetoothAdapter: startLeScan: cannot get BluetoothLeScanner
08-10 18:52:18.456   625   719 D ConnectivityService: notifyType CAP_CHANGED for NetworkAgentInfo [WIFI () - 199]
08-10 18:52:20.300  1134  1152 D BluetoothAdapter: stopLeScan()
08-10 18:52:20.308  1134  1152 D BluetoothAdapter: startLeScan(): null
08-10 18:52:20.308  1134  1152 E BluetoothAdapter: startLeScan: cannot get BluetoothLeScanner
08-10 18:52:21.876  1713 32160 I chatty  : uid=10012 com.google.android.gms.persistent expire 4 lines
08-10 18:52:23.323  1134  1152 D BluetoothAdapter: stopLeScan()
08-10 18:52:23.331  1134  1152 D BluetoothAdapter: startLeScan(): null
08-10 18:52:23.331  1134  1152 E BluetoothAdapter: startLeScan: cannot get BluetoothLeScanner
08-10 18:52:23.785 25617 25672 D ClClient: Not sending keepalive.  Current connection state=STOPPED
08-10 18:52:24.389  1713 32104 I chatty  : uid=10012 com.google.android.gms.persistent expire 8 lines
08-10 18:52:26.354  1134  1152 D BluetoothAdapter: stopLeScan()
08-10 18:52:26.364  1134  1152 D BluetoothAdapter: startLeScan(): null
