08-10 14:01:26.652   625 11369 I chatty  : uid=1000(system) Binder_C expire 10 lines
08-10 14:01:28.383   212   612 E NetlinkEvent: NetlinkEvent::FindParam(): Parameter 'UID' not found
08-10 14:01:29.069  1713  1713 I chatty  : uid=10012 com.google.android.gms.persistent expire 40 lines
08-10 14:01:29.090 22393 22405 I chatty  : uid=10012 com.google.android.gms.unstable expire 40 lines
08-10 14:01:30.927   625  1360 I chatty  : uid=1000(system) Binder_8 expire 10 lines
08-10 14:01:49.032   212   612 E NetlinkEvent: NetlinkEvent::FindParam(): Parameter 'UID' not found
08-10 14:01:49.116   212   612 E NetlinkEvent: NetlinkEvent::FindParam(): Parameter 'UID' not found
08-10 14:02:16.043   212   612 E NetlinkEvent: NetlinkEvent::FindParam(): Parameter 'UID' not found
08-10 14:02:21.113   212   612 E NetlinkEvent: NetlinkEvent::FindParam(): Parameter 'UID' not found
08-10 14:03:32.019   212   612 E NetlinkEvent: NetlinkEvent::FindParam(): Parameter 'UID' not found
08-10 14:03:36.014   212   612 E NetlinkEvent: NetlinkEvent::FindParam(): Parameter 'UID' not found
08-10 14:04:03.044   212   612 E NetlinkEvent: NetlinkEvent::FindParam(): Parameter 'UID' not found
08-10 14:04:14.016   212   612 E NetlinkEvent: NetlinkEvent::FindParam(): Parameter 'UID' not found
08-10 14:05:19.026   212   612 E NetlinkEvent: NetlinkEvent::FindParam(): Parameter 'UID' not found
08-10 14:05:20.428   212   612 E NetlinkEvent: NetlinkEvent::FindParam(): Parameter 'UID' not found
08-10 14:06:07.453   212   612 E NetlinkEvent: NetlinkEvent::FindParam(): Parameter 'UID' not found
08-10 14:06:09.992   212   612 E NetlinkEvent: NetlinkEvent::FindParam(): Parameter 'UID' not found
08-10 14:07:03.023   212   612 E NetlinkEvent: NetlinkEvent::FindParam(): Parameter 'UID' not found
08-10 14:07:14.018   212   612 E NetlinkEvent: NetlinkEvent::FindParam(): Parameter 'UID' not found
08-10 14:07:44.021   212   612 E NetlinkEvent: NetlinkEvent::FindParam(): Parameter 'UID' not found
08-10 14:07:46.640   212   612 E NetlinkEvent: NetlinkEvent::FindParam(): Parameter 'UID' not found
08-10 14:08:14.021   212   612 E NetlinkEvent: NetlinkEvent::FindParam(): Parameter 'UID' not found
08-10 14:08:20.014   212   612 E NetlinkEvent: NetlinkEvent::FindParam(): Parameter 'UID' not found
08-10 14:09:32.027   212   612 E NetlinkEvent: NetlinkEvent::FindParam(): Parameter 'UID' not found
08-10 14:09:32.711   212   612 E NetlinkEvent: NetlinkEvent::FindParam(): Parameter 'UID' not found
08-10 14:10:14.016   212   612 E NetlinkEvent: NetlinkEvent::FindParam(): Parameter 'UID' not found
08-10 14:10:14.371   212   612 E NetlinkEvent: NetlinkEvent::FindParam(): Parameter 'UID' not found
08-10 14:10:31.016   212   612 E NetlinkEvent: NetlinkEvent::FindParam(): Parameter 'UID' not found
08-10 14:11:23.222   212   612 E NetlinkEvent: NetlinkEvent::FindParam(): Parameter 'UID' not found
08-10 14:12:47.054   212   612 E NetlinkEvent: NetlinkEvent::FindParam(): Parameter 'UID' not found
08-10 14:12:47.229   212   612 E NetlinkEvent: NetlinkEvent::FindParam(): Parameter 'UID' not found
08-10 14:13:14.018   212   612 E NetlinkEvent: NetlinkEvent::FindParam(): Parameter 'UID' not found
08-10 14:13:14.018   212   612 E NetlinkEvent: NetlinkEvent::FindParam(): Parameter 'UID' not found
08-10 14:14:05.023   212   612 E NetlinkEvent: NetlinkEvent::FindParam(): Parameter 'UID' not found
08-10 14:14:05.152   212   612 E NetlinkEvent: NetlinkEvent::FindParam(): Parameter 'UID' not found
08-10 14:14:31.088   212   612 E NetlinkEvent: NetlinkEvent::FindParam(): Parameter 'UID' not found
08-10 14:14:33.677   212   612 E NetlinkEvent: NetlinkEvent::FindParam(): Parameter 'UID' not found
08-10 14:15:22.024   212   612 E NetlinkEvent: NetlinkEvent::FindParam(): Parameter 'UID' not found
08-10 14:15:22.294   212   612 E NetlinkEvent: NetlinkEvent::FindParam(): Parameter 'UID' not found
08-10 14:15:23.390   625  1359 I chatty  : uid=1000(system) Binder_7 expire 10 lines
08-10 14:15:35.315   625 26783 I chatty  : uid=1000(system) Binder_E expire 10 lines
08-10 14:16:03.022   212   612 E NetlinkEvent: NetlinkEvent::FindParam(): Parameter 'UID' not found
08-10 14:16:03.379   212   612 E NetlinkEvent: NetlinkEvent::FindParam(): Parameter 'UID' not found
08-10 14:16:40.022   212   612 E NetlinkEvent: NetlinkEvent::FindParam(): Parameter 'UID' not found
08-10 14:16:40.314   212   612 E NetlinkEvent: NetlinkEvent::FindParam(): Parameter 'UID' not found
08-10 14:17:17.024   212   612 E NetlinkEvent: NetlinkEvent::FindParam(): Parameter 'UID' not found
08-10 14:17:17.304   212   612 E NetlinkEvent: NetlinkEvent::FindParam(): Parameter 'UID' not found
08-10 14:17:47.022   212   612 E NetlinkEvent: NetlinkEvent::FindParam(): Parameter 'UID' not found
08-10 14:17:47.133   212   612 E NetlinkEvent: NetlinkEvent::FindParam(): Parameter 'UID' not found
08-10 14:18:32.022   212   612 E NetlinkEvent: NetlinkEvent::FindParam(): Parameter 'UID' not found
08-10 14:18:32.401   625  3711 I chatty  : uid=1000(system) Binder_B expire 10 lines
08-10 14:18:32.490   625   719 I chatty  : uid=1000(system) ConnectivitySer expire 42 lines
08-10 14:18:32.845   212   612 E NetlinkEvent: NetlinkEvent::FindParam(): Parameter 'UID' not found
08-10 14:18:34.988   625   637 I chatty  : uid=1000(system) Binder_2 expire 7 lines
08-10 14:18:36.269   625   808 I chatty  : uid=1000(system) Binder_4 expire 11 lines
08-10 14:18:37.260   625   807 I chatty  : uid=1000(system) Binder_3 expire 9 lines
08-10 14:19:07.104   212   612 E NetlinkEvent: NetlinkEvent::FindParam(): Parameter 'UID' not found
08-10 14:19:07.282   212   612 E NetlinkEvent: NetlinkEvent::FindParam(): Parameter 'UID' not found
08-10 14:19:10.489   625   719 I chatty  : uid=1000(system) ConnectivitySer expire 12 lines
08-10 14:22:27.023   212   612 E NetlinkEvent: NetlinkEvent::FindParam(): Parameter 'UID' not found
08-10 14:22:27.234   212   612 E NetlinkEvent: NetlinkEvent::FindParam(): Parameter 'UID' not found
08-10 14:23:09.077   212   612 E NetlinkEvent: NetlinkEvent::FindParam(): Parameter 'UID' not found
08-10 14:23:09.211   212   612 E NetlinkEvent: NetlinkEvent::FindParam(): Parameter 'UID' not found
08-10 14:24:47.107   212   612 E NetlinkEvent: NetlinkEvent::FindParam(): Parameter 'UID' not found
08-10 14:24:47.262   212   612 E NetlinkEvent: NetlinkEvent::FindParam(): Parameter 'UID' not found
08-10 14:25:41.020   212   612 E NetlinkEvent: NetlinkEvent::FindParam(): Parameter 'UID' not found
08-10 14:25:41.143   212   612 E NetlinkEvent: NetlinkEvent::FindParam(): Parameter 'UID' not found
08-10 14:27:28.080   212   612 E NetlinkEvent: NetlinkEvent::FindParam(): Parameter 'UID' not found
08-10 14:27:28.199   212   612 E NetlinkEvent: NetlinkEvent::FindParam(): Parameter 'UID' not found
08-10 14:27:49.021   212   612 E NetlinkEvent: NetlinkEvent::FindParam(): Parameter 'UID' not found
08-10 14:27:49.325   212   612 E NetlinkEvent: NetlinkEvent::FindParam(): Parameter 'UID' not found
08-10 14:28:43.067   212   612 E NetlinkEvent: NetlinkEvent::FindParam(): Parameter 'UID' not found
08-10 14:28:43.173   212   612 E NetlinkEvent: NetlinkEvent::FindParam(): Parameter 'UID' not found
08-10 14:31:20.076   212   612 E NetlinkEvent: NetlinkEvent::FindParam(): Parameter 'UID' not found
08-10 14:32:27.173   212   612 E NetlinkEvent: NetlinkEvent::FindParam(): Parameter 'UID' not found
08-10 14:32:50.074   212   612 E NetlinkEvent: NetlinkEvent::FindParam(): Parameter 'UID' not found
08-10 14:34:53.016   212   612 E NetlinkEvent: NetlinkEvent::FindParam(): Parameter 'UID' not found
08-10 14:34:53.031   212   612 E NetlinkEvent: NetlinkEvent::FindParam(): Parameter 'UID' not found
08-10 14:34:53.041   212   612 E NetlinkEvent: NetlinkEvent::FindParam(): Parameter 'UID' not found
08-10 14:34:53.214   625   641 I chatty  : uid=1000(system) ActivityManager expire 10 lines
08-10 14:36:49.051   212   612 E NetlinkEvent: NetlinkEvent::FindParam(): Parameter 'UID' not found
08-10 14:36:49.157   212   612 E NetlinkEvent: NetlinkEvent::FindParam(): Parameter 'UID' not found
08-10 14:36:52.118   625   719 I chatty  : uid=1000(system) ConnectivitySer expire 12 lines
08-10 14:37:28.077   212   612 E NetlinkEvent: NetlinkEvent::FindParam(): Parameter 'UID' not found
08-10 14:37:28.211   212   612 E NetlinkEvent: NetlinkEvent::FindParam(): Parameter 'UID' not found
08-10 14:37:48.082   212   612 E NetlinkEvent: NetlinkEvent::FindParam(): Parameter 'UID' not found
08-10 14:37:48.347   212   612 E NetlinkEvent: NetlinkEvent::FindParam(): Parameter 'UID' not found
08-10 14:38:47.016   212   612 E NetlinkEvent: NetlinkEvent::FindParam(): Parameter 'UID' not found
08-10 14:38:47.337   212   612 E NetlinkEvent: NetlinkEvent::FindParam(): Parameter 'UID' not found
08-10 14:40:48.016   212   612 E NetlinkEvent: NetlinkEvent::FindParam(): Parameter 'UID' not found
08-10 14:40:48.866   212   612 E NetlinkEvent: NetlinkEvent::FindParam(): Parameter 'UID' not found
08-10 14:42:27.024   212   612 E NetlinkEvent: NetlinkEvent::FindParam(): Parameter 'UID' not found
08-10 14:42:27.161   212   612 E NetlinkEvent: NetlinkEvent::FindParam(): Parameter 'UID' not found
08-10 14:43:53.020   212   612 E NetlinkEvent: NetlinkEvent::FindParam(): Parameter 'UID' not found
08-10 14:43:53.138   212   612 E NetlinkEvent: NetlinkEvent::FindParam(): Parameter 'UID' not found
08-10 14:44:47.080   212   612 E NetlinkEvent: NetlinkEvent::FindParam(): Parameter 'UID' not found
08-10 14:46:11.190   212   612 E NetlinkEvent: NetlinkEvent::FindParam(): Parameter 'UID' not found
08-10 14:47:28.078   212   612 E NetlinkEvent: NetlinkEvent::FindParam(): Parameter 'UID' not found
08-10 14:47:28.256   212   612 E NetlinkEvent: NetlinkEvent::FindParam(): Parameter 'UID' not found
08-10 14:48:46.083   212   612 E NetlinkEvent: NetlinkEvent::FindParam(): Parameter 'UID' not found
08-10 14:52:28.163   212   612 E NetlinkEvent: NetlinkEvent::FindParam(): Parameter 'UID' not found
08-10 14:52:49.092   212   612 E NetlinkEvent: NetlinkEvent::FindParam(): Parameter 'UID' not found
08-10 14:52:49.825   212   612 E NetlinkEvent: NetlinkEvent::FindParam(): Parameter 'UID' not found
08-10 14:53:13.021   212   612 E NetlinkEvent: NetlinkEvent::FindParam(): Parameter 'UID' not found
08-10 14:53:13.147   212   612 E NetlinkEvent: NetlinkEvent::FindParam(): Parameter 'UID' not found
08-10 14:56:53.080   212   612 E NetlinkEvent: NetlinkEvent::FindParam(): Parameter 'UID' not found
08-10 14:57:27.127   212   612 E NetlinkEvent: NetlinkEvent::FindParam(): Parameter 'UID' not found
08-10 15:00:52.113   212   612 E NetlinkEvent: NetlinkEvent::FindParam(): Parameter 'UID' not found
08-10 15:02:27.173   212   612 E NetlinkEvent: NetlinkEvent::FindParam(): Parameter 'UID' not found
08-10 15:02:49.023   212   612 E NetlinkEvent: NetlinkEvent::FindParam(): Parameter 'UID' not found
08-10 15:04:30.016   212   612 E NetlinkEvent: NetlinkEvent::FindParam(): Parameter 'UID' not found
08-10 15:04:30.086   212   612 E NetlinkEvent: NetlinkEvent::FindParam(): Parameter 'UID' not found
08-10 15:04:30.140   212   612 E NetlinkEvent: NetlinkEvent::FindParam(): Parameter 'UID' not found
08-10 15:04:51.091   212   612 E NetlinkEvent: NetlinkEvent::FindParam(): Parameter 'UID' not found
08-10 15:06:50.060   212   612 E NetlinkEvent: NetlinkEvent::FindParam(): Parameter 'UID' not found
08-10 15:06:50.119   212   612 E NetlinkEvent: NetlinkEvent::FindParam(): Parameter 'UID' not found
08-10 15:06:50.791   212   612 E NetlinkEvent: NetlinkEvent::FindParam(): Parameter 'UID' not found
08-10 15:06:51.869  1713  1713 I chatty  : uid=10012 com.google.android.gms.persistent expire 40 lines
08-10 15:06:51.889 23428 23440 I chatty  : uid=10012 com.google.android.gms.unstable expire 40 lines
08-10 15:06:55.352   625   719 I chatty  : uid=1000(system) ConnectivitySer expire 12 lines
08-10 15:07:27.106   212   612 E NetlinkEvent: NetlinkEvent::FindParam(): Parameter 'UID' not found
08-10 15:07:27.237   212   612 E NetlinkEvent: NetlinkEvent::FindParam(): Parameter 'UID' not found
08-10 15:08:50.060   212   612 E NetlinkEvent: NetlinkEvent::FindParam(): Parameter 'UID' not found
08-10 15:08:50.346   212   612 E NetlinkEvent: NetlinkEvent::FindParam(): Parameter 'UID' not found
08-10 15:09:50.059   212   612 E NetlinkEvent: NetlinkEvent::FindParam(): Parameter 'UID' not found
08-10 15:09:50.182   212   612 E NetlinkEvent: NetlinkEvent::FindParam(): Parameter 'UID' not found
08-10 15:10:56.024   212   612 E NetlinkEvent: NetlinkEvent::FindParam(): Parameter 'UID' not found
08-10 15:10:59.013   212   612 E NetlinkEvent: NetlinkEvent::FindParam(): Parameter 'UID' not found
08-10 15:12:27.022   212   612 E NetlinkEvent: NetlinkEvent::FindParam(): Parameter 'UID' not found
08-10 15:12:27.179   212   612 E NetlinkEvent: NetlinkEvent::FindParam(): Parameter 'UID' not found
08-10 15:12:49.020   212   612 E NetlinkEvent: NetlinkEvent::FindParam(): Parameter 'UID' not found
08-10 15:13:54.017   212   612 E NetlinkEvent: NetlinkEvent::FindParam(): Parameter 'UID' not found
08-10 15:13:54.104   212   612 E NetlinkEvent: NetlinkEvent::FindParam(): Parameter 'UID' not found
08-10 15:13:54.318   212   612 E NetlinkEvent: NetlinkEvent::FindParam(): Parameter 'UID' not found
08-10 15:16:48.113   212   612 E NetlinkEvent: NetlinkEvent::FindParam(): Parameter 'UID' not found
08-10 15:16:48.697   212   612 E NetlinkEvent: NetlinkEvent::FindParam(): Parameter 'UID' not found
08-10 15:17:27.025   212   612 E NetlinkEvent: NetlinkEvent::FindParam(): Parameter 'UID' not found
08-10 15:17:27.212   212   612 E NetlinkEvent: NetlinkEvent::FindParam(): Parameter 'UID' not found
08-10 15:19:11.060   212   612 E NetlinkEvent: NetlinkEvent::FindParam(): Parameter 'UID' not found
08-10 15:20:51.068   212   612 E NetlinkEvent: NetlinkEvent::FindParam(): Parameter 'UID' not found
08-10 15:20:56.006   625   719 I chatty  : uid=1000(system) ConnectivitySer expire 12 lines
08-10 15:21:07.941   212   612 E NetlinkEvent: NetlinkEvent::FindParam(): Parameter 'UID' not found
08-10 15:22:28.269   212   612 E NetlinkEvent: NetlinkEvent::FindParam(): Parameter 'UID' not found
08-10 15:23:54.098   212   612 E NetlinkEvent: NetlinkEvent::FindParam(): Parameter 'UID' not found
08-10 15:23:54.137   212   612 E NetlinkEvent: NetlinkEvent::FindParam(): Parameter 'UID' not found
08-10 15:23:54.226   625   719 I chatty  : uid=1000(system) ConnectivitySer expire 18 lines
08-10 15:25:01.023   212   612 E NetlinkEvent: NetlinkEvent::FindParam(): Parameter 'UID' not found
08-10 15:25:01.841   212   612 E NetlinkEvent: NetlinkEvent::FindParam(): Parameter 'UID' not found
08-10 15:26:19.025   212   612 E NetlinkEvent: NetlinkEvent::FindParam(): Parameter 'UID' not found
08-10 15:26:19.037   212   612 E NetlinkEvent: NetlinkEvent::FindParam(): Parameter 'UID' not found
08-10 15:26:22.238   625   719 I chatty  : uid=1000(system) ConnectivitySer expire 12 lines
08-10 15:26:38.311   212   612 E NetlinkEvent: NetlinkEvent::FindParam(): Parameter 'UID' not found
08-10 15:27:28.162   212   612 E NetlinkEvent: NetlinkEvent::FindParam(): Parameter 'UID' not found
08-10 15:27:57.021   212   612 E NetlinkEvent: NetlinkEvent::FindParam(): Parameter 'UID' not found
08-10 15:27:58.121   212   612 E NetlinkEvent: NetlinkEvent::FindParam(): Parameter 'UID' not found
08-10 15:29:11.040   212   612 E NetlinkEvent: NetlinkEvent::FindParam(): Parameter 'UID' not found
08-10 15:29:11.143   212   612 E NetlinkEvent: NetlinkEvent::FindParam(): Parameter 'UID' not found
08-10 15:29:23.017   212   612 E NetlinkEvent: NetlinkEvent::FindParam(): Parameter 'UID' not found
08-10 15:30:26.138   212   612 E NetlinkEvent: NetlinkEvent::FindParam(): Parameter 'UID' not found
08-10 15:30:26.145   212   612 E NetlinkEvent: NetlinkEvent::FindParam(): Parameter 'UID' not found
08-10 15:30:36.780   212   612 E NetlinkEvent: NetlinkEvent::FindParam(): Parameter 'UID' not found
08-10 15:30:39.175   625   719 I chatty  : uid=1000(system) ConnectivitySer expire 12 lines
08-10 15:30:47.017   212   612 E NetlinkEvent: NetlinkEvent::FindParam(): Parameter 'UID' not found
08-10 15:32:06.140   212   612 E NetlinkEvent: NetlinkEvent::FindParam(): Parameter 'UID' not found
08-10 15:32:27.020   212   612 E NetlinkEvent: NetlinkEvent::FindParam(): Parameter 'UID' not found
08-10 15:32:27.177   212   612 E NetlinkEvent: NetlinkEvent::FindParam(): Parameter 'UID' not found
08-10 15:33:10.022   212   612 E NetlinkEvent: NetlinkEvent::FindParam(): Parameter 'UID' not found
08-10 15:33:10.273   212   612 E NetlinkEvent: NetlinkEvent::FindParam(): Parameter 'UID' not found
08-10 15:33:30.022   212   612 E NetlinkEvent: NetlinkEvent::FindParam(): Parameter 'UID' not found
08-10 15:36:07.175   212   612 E NetlinkEvent: NetlinkEvent::FindParam(): Parameter 'UID' not found
08-10 15:36:07.206   625   719 I chatty  : uid=1000(system) ConnectivitySer expire 12 lines
08-10 15:36:19.485   212   612 E NetlinkEvent: NetlinkEvent::FindParam(): Parameter 'UID' not found
08-10 15:36:23.131   212   612 E NetlinkEvent: NetlinkEvent::FindParam(): Parameter 'UID' not found
08-10 15:37:28.047   212   612 E NetlinkEvent: NetlinkEvent::FindParam(): Parameter 'UID' not found
08-10 15:37:28.096   212   612 E NetlinkEvent: NetlinkEvent::FindParam(): Parameter 'UID' not found
08-10 15:38:05.049   212   612 E NetlinkEvent: NetlinkEvent::FindParam(): Parameter 'UID' not found
08-10 15:39:35.315   212   612 E NetlinkEvent: NetlinkEvent::FindParam(): Parameter 'UID' not found
08-10 15:39:36.464   625   719 I chatty  : uid=1000(system) ConnectivitySer expire 12 lines
08-10 15:39:58.024   212   612 E NetlinkEvent: NetlinkEvent::FindParam(): Parameter 'UID' not found
08-10 15:39:58.349   212   612 E NetlinkEvent: NetlinkEvent::FindParam(): Parameter 'UID' not found
08-10 15:40:20.085   212   612 E NetlinkEvent: NetlinkEvent::FindParam(): Parameter 'UID' not found
08-10 15:40:20.972   212   612 E NetlinkEvent: NetlinkEvent::FindParam(): Parameter 'UID' not found
08-10 15:42:04.053   212   612 E NetlinkEvent: NetlinkEvent::FindParam(): Parameter 'UID' not found
08-10 15:42:04.204   212   612 E NetlinkEvent: NetlinkEvent::FindParam(): Parameter 'UID' not found
08-10 15:42:28.029   212   612 E NetlinkEvent: NetlinkEvent::FindParam(): Parameter 'UID' not found
08-10 15:42:28.114   212   612 E NetlinkEvent: NetlinkEvent::FindParam(): Parameter 'UID' not found
08-10 15:43:03.023   212   612 E NetlinkEvent: NetlinkEvent::FindParam(): Parameter 'UID' not found
08-10 15:43:03.294   212   612 E NetlinkEvent: NetlinkEvent::FindParam(): Parameter 'UID' not found
08-10 15:43:04.818   625   719 I chatty  : uid=1000(system) ConnectivitySer expire 12 lines
08-10 15:46:11.055   212   612 E NetlinkEvent: NetlinkEvent::FindParam(): Parameter 'UID' not found
08-10 15:47:04.946   212   612 E NetlinkEvent: NetlinkEvent::FindParam(): Parameter 'UID' not found
08-10 15:47:27.019   212   612 E NetlinkEvent: NetlinkEvent::FindParam(): Parameter 'UID' not found
08-10 15:47:27.212   212   612 E NetlinkEvent: NetlinkEvent::FindParam(): Parameter 'UID' not found
08-10 15:49:17.018   212   612 E NetlinkEvent: NetlinkEvent::FindParam(): Parameter 'UID' not found
08-10 15:50:07.131   212   612 E NetlinkEvent: NetlinkEvent::FindParam(): Parameter 'UID' not found
08-10 15:50:07.230   625   719 I chatty  : uid=1000(system) ConnectivitySer expire 12 lines
08-10 15:51:12.099   212   612 E NetlinkEvent: NetlinkEvent::FindParam(): Parameter 'UID' not found
08-10 15:52:27.145   212   612 E NetlinkEvent: NetlinkEvent::FindParam(): Parameter 'UID' not found
08-10 15:54:09.021   212   612 E NetlinkEvent: NetlinkEvent::FindParam(): Parameter 'UID' not found
08-10 15:54:11.013   212   612 E NetlinkEvent: NetlinkEvent::FindParam(): Parameter 'UID' not found
08-10 15:57:27.020   212   612 E NetlinkEvent: NetlinkEvent::FindParam(): Parameter 'UID' not found
08-10 15:57:27.159   212   612 E NetlinkEvent: NetlinkEvent::FindParam(): Parameter 'UID' not found
08-10 15:58:08.017   212   612 E NetlinkEvent: NetlinkEvent::FindParam(): Parameter 'UID' not found
08-10 15:58:08.455   212   612 E NetlinkEvent: NetlinkEvent::FindParam(): Parameter 'UID' not found
08-10 16:02:27.017   212   612 E NetlinkEvent: NetlinkEvent::FindParam(): Parameter 'UID' not found
08-10 16:02:27.157   212   612 E NetlinkEvent: NetlinkEvent::FindParam(): Parameter 'UID' not found
08-10 16:02:50.034   212   612 E NetlinkEvent: NetlinkEvent::FindParam(): Parameter 'UID' not found
08-10 16:04:08.059   212   612 E NetlinkEvent: NetlinkEvent::FindParam(): Parameter 'UID' not found
08-10 16:04:08.105   212   612 E NetlinkEvent: NetlinkEvent::FindParam(): Parameter 'UID' not found
08-10 16:04:08.894   212   612 E NetlinkEvent: NetlinkEvent::FindParam(): Parameter 'UID' not found
08-10 16:04:31.016   212   612 E NetlinkEvent: NetlinkEvent::FindParam(): Parameter 'UID' not found
08-10 16:04:31.117   212   612 E NetlinkEvent: NetlinkEvent::FindParam(): Parameter 'UID' not found
08-10 16:07:28.074   212   612 E NetlinkEvent: NetlinkEvent::FindParam(): Parameter 'UID' not found
08-10 16:07:28.293   212   612 E NetlinkEvent: NetlinkEvent::FindParam(): Parameter 'UID' not found
08-10 16:07:49.020   212   612 E NetlinkEvent: NetlinkEvent::FindParam(): Parameter 'UID' not found
08-10 16:07:49.880   212   612 E NetlinkEvent: NetlinkEvent::FindParam(): Parameter 'UID' not found
08-10 16:11:49.081   212   612 E NetlinkEvent: NetlinkEvent::FindParam(): Parameter 'UID' not found
08-10 16:12:27.129   212   612 E NetlinkEvent: NetlinkEvent::FindParam(): Parameter 'UID' not found
08-10 16:14:33.020   212   612 E NetlinkEvent: NetlinkEvent::FindParam(): Parameter 'UID' not found
08-10 16:14:33.130   212   612 E NetlinkEvent: NetlinkEvent::FindParam(): Parameter 'UID' not found
08-10 16:15:48.083   212   612 E NetlinkEvent: NetlinkEvent::FindParam(): Parameter 'UID' not found
08-10 16:17:28.276   212   612 E NetlinkEvent: NetlinkEvent::FindParam(): Parameter 'UID' not found
08-10 16:17:51.059   212   612 E NetlinkEvent: NetlinkEvent::FindParam(): Parameter 'UID' not found
08-10 16:18:09.071   212   612 E NetlinkEvent: NetlinkEvent::FindParam(): Parameter 'UID' not found
08-10 16:18:09.123   212   612 E NetlinkEvent: NetlinkEvent::FindParam(): Parameter 'UID' not found
08-10 16:18:09.719   212   612 E NetlinkEvent: NetlinkEvent::FindParam(): Parameter 'UID' not found
08-10 16:18:09.951  1713  1713 I chatty  : uid=10012 com.google.android.gms.persistent expire 40 lines
08-10 16:18:09.971 23428 23440 I chatty  : uid=10012 com.google.android.gms.unstable expire 40 lines
08-10 16:18:13.531   625   719 I chatty  : uid=1000(system) ConnectivitySer expire 14 lines
08-10 16:19:47.085   212   612 E NetlinkEvent: NetlinkEvent::FindParam(): Parameter 'UID' not found
08-10 16:19:47.138   212   612 E NetlinkEvent: NetlinkEvent::FindParam(): Parameter 'UID' not found
08-10 16:20:16.079   212   612 E NetlinkEvent: NetlinkEvent::FindParam(): Parameter 'UID' not found
08-10 16:20:16.106   212   612 E NetlinkEvent: NetlinkEvent::FindParam(): Parameter 'UID' not found
08-10 16:20:16.125   625   641 I chatty  : uid=1000(system) ActivityManager expire 11 lines
08-10 16:20:18.368   625   719 I chatty  : uid=1000(system) ConnectivitySer expire 12 lines
08-10 16:20:47.077   212   612 E NetlinkEvent: NetlinkEvent::FindParam(): Parameter 'UID' not found
08-10 16:20:47.287   212   612 E NetlinkEvent: NetlinkEvent::FindParam(): Parameter 'UID' not found
08-10 16:22:01.022   212   612 E NetlinkEvent: NetlinkEvent::FindParam(): Parameter 'UID' not found
08-10 16:22:01.032   212   612 E NetlinkEvent: NetlinkEvent::FindParam(): Parameter 'UID' not found
08-10 16:23:46.020   212   612 E NetlinkEvent: NetlinkEvent::FindParam(): Parameter 'UID' not found
08-10 16:23:49.012   212   612 E NetlinkEvent: NetlinkEvent::FindParam(): Parameter 'UID' not found
08-10 16:24:31.020   212   612 E NetlinkEvent: NetlinkEvent::FindParam(): Parameter 'UID' not found
08-10 16:24:31.143   212   612 E NetlinkEvent: NetlinkEvent::FindParam(): Parameter 'UID' not found
08-10 16:25:39.024   212   612 E NetlinkEvent: NetlinkEvent::FindParam(): Parameter 'UID' not found
08-10 16:25:39.600   212   612 E NetlinkEvent: NetlinkEvent::FindParam(): Parameter 'UID' not found
08-10 16:27:28.070   212   612 E NetlinkEvent: NetlinkEvent::FindParam(): Parameter 'UID' not found
08-10 16:27:28.171   212   612 E NetlinkEvent: NetlinkEvent::FindParam(): Parameter 'UID' not found
08-10 16:27:45.016   212   612 E NetlinkEvent: NetlinkEvent::FindParam(): Parameter 'UID' not found
08-10 16:31:43.024   212   612 E NetlinkEvent: NetlinkEvent::FindParam(): Parameter 'UID' not found
08-10 16:31:43.041   212   612 E NetlinkEvent: NetlinkEvent::FindParam(): Parameter 'UID' not found
08-10 16:31:43.406   212   612 E NetlinkEvent: NetlinkEvent::FindParam(): Parameter 'UID' not found
08-10 16:32:10.088   212   612 E NetlinkEvent: NetlinkEvent::FindParam(): Parameter 'UID' not found
08-10 16:32:10.381   212   612 E NetlinkEvent: NetlinkEvent::FindParam(): Parameter 'UID' not found
08-10 16:32:27.016   212   612 E NetlinkEvent: NetlinkEvent::FindParam(): Parameter 'UID' not found
08-10 16:32:27.129   212   612 E NetlinkEvent: NetlinkEvent::FindParam(): Parameter 'UID' not found
08-10 16:32:45.021   212   612 E NetlinkEvent: NetlinkEvent::FindParam(): Parameter 'UID' not found
08-10 16:32:45.133   212   612 E NetlinkEvent: NetlinkEvent::FindParam(): Parameter 'UID' not found
08-10 16:35:53.036   212   612 E NetlinkEvent: NetlinkEvent::FindParam(): Parameter 'UID' not found
08-10 16:35:53.452   212   612 E NetlinkEvent: NetlinkEvent::FindParam(): Parameter 'UID' not found
08-10 16:36:15.568   625   719 I chatty  : uid=1000(system) ConnectivitySer expire 12 lines
08-10 16:36:42.182   212   612 E NetlinkEvent: NetlinkEvent::FindParam(): Parameter 'UID' not found
08-10 16:36:44.761   212   612 E NetlinkEvent: NetlinkEvent::FindParam(): Parameter 'UID' not found
08-10 16:37:04.901   212   612 E NetlinkEvent: NetlinkEvent::FindParam(): Parameter 'UID' not found
08-10 16:37:11.682   212   612 E NetlinkEvent: NetlinkEvent::FindParam(): Parameter 'UID' not found
08-10 16:38:21.221   212   612 E NetlinkEvent: NetlinkEvent::FindParam(): Parameter 'UID' not found
08-10 16:38:22.721   212   612 E NetlinkEvent: NetlinkEvent::FindParam(): Parameter 'UID' not found
08-10 16:38:36.582   212   612 E NetlinkEvent: NetlinkEvent::FindParam(): Parameter 'UID' not found
08-10 16:38:55.780   212   612 E NetlinkEvent: NetlinkEvent::FindParam(): Parameter 'UID' not found
08-10 16:39:06.521   212   612 E NetlinkEvent: NetlinkEvent::FindParam(): Parameter 'UID' not found
08-10 16:39:30.087   212   612 E NetlinkEvent: NetlinkEvent::FindParam(): Parameter 'UID' not found
08-10 16:40:44.900   212   612 E NetlinkEvent: NetlinkEvent::FindParam(): Parameter 'UID' not found
08-10 16:40:55.680   212   612 E NetlinkEvent: NetlinkEvent::FindParam(): Parameter 'UID' not found
08-10 16:40:58.582   625   638 I chatty  : uid=1000(system) android.bg expire 1 line
08-10 16:41:05.862   212   612 E NetlinkEvent: NetlinkEvent::FindParam(): Parameter 'UID' not found
08-10 16:41:32.322   212   612 E NetlinkEvent: NetlinkEvent::FindParam(): Parameter 'UID' not found
08-10 16:41:43.141   212   612 E NetlinkEvent: NetlinkEvent::FindParam(): Parameter 'UID' not found
08-10 16:41:44.321   212   612 E NetlinkEvent: NetlinkEvent::FindParam(): Parameter 'UID' not found
08-10 16:41:54.341   212   612 E NetlinkEvent: NetlinkEvent::FindParam(): Parameter 'UID' not found
08-10 16:41:55.868   212   612 E NetlinkEvent: NetlinkEvent::FindParam(): Parameter 'UID' not found
08-10 16:42:06.520   212   612 E NetlinkEvent: NetlinkEvent::FindParam(): Parameter 'UID' not found
08-10 16:42:11.841   212   612 E NetlinkEvent: NetlinkEvent::FindParam(): Parameter 'UID' not found
08-10 16:42:49.521   212   612 E NetlinkEvent: NetlinkEvent::FindParam(): Parameter 'UID' not found
08-10 16:43:32.482   212   612 E NetlinkEvent: NetlinkEvent::FindParam(): Parameter 'UID' not found
08-10 16:43:43.461   212   612 E NetlinkEvent: NetlinkEvent::FindParam(): Parameter 'UID' not found
08-10 16:43:44.641   212   612 E NetlinkEvent: NetlinkEvent::FindParam(): Parameter 'UID' not found
08-10 16:43:54.661   212   612 E NetlinkEvent: NetlinkEvent::FindParam(): Parameter 'UID' not found
08-10 16:44:12.161   212   612 E NetlinkEvent: NetlinkEvent::FindParam(): Parameter 'UID' not found
08-10 16:44:24.102   212   612 E NetlinkEvent: NetlinkEvent::FindParam(): Parameter 'UID' not found
08-10 16:44:27.521   212   612 E NetlinkEvent: NetlinkEvent::FindParam(): Parameter 'UID' not found
08-10 16:44:37.541   212   612 E NetlinkEvent: NetlinkEvent::FindParam(): Parameter 'UID' not found
08-10 16:44:55.959   212   612 E NetlinkEvent: NetlinkEvent::FindParam(): Parameter 'UID' not found
08-10 16:45:06.761   212   612 E NetlinkEvent: NetlinkEvent::FindParam(): Parameter 'UID' not found
08-10 16:45:32.801   212   612 E NetlinkEvent: NetlinkEvent::FindParam(): Parameter 'UID' not found
08-10 16:45:42.821   212   612 E NetlinkEvent: NetlinkEvent::FindParam(): Parameter 'UID' not found
08-10 16:45:44.962   212   612 E NetlinkEvent: NetlinkEvent::FindParam(): Parameter 'UID' not found
08-10 16:46:10.025   212   612 E NetlinkEvent: NetlinkEvent::FindParam(): Parameter 'UID' not found
08-10 16:46:10.635   212   612 E NetlinkEvent: NetlinkEvent::FindParam(): Parameter 'UID' not found
08-10 16:46:17.046   625   719 I chatty  : uid=1000(system) ConnectivitySer expire 12 lines
08-10 16:47:27.023   212   612 E NetlinkEvent: NetlinkEvent::FindParam(): Parameter 'UID' not found
08-10 16:47:27.169   212   612 E NetlinkEvent: NetlinkEvent::FindParam(): Parameter 'UID' not found
08-10 16:47:50.030   212   612 E NetlinkEvent: NetlinkEvent::FindParam(): Parameter 'UID' not found
08-10 16:47:50.890   212   612 E NetlinkEvent: NetlinkEvent::FindParam(): Parameter 'UID' not found
08-10 16:50:10.033   212   612 E NetlinkEvent: NetlinkEvent::FindParam(): Parameter 'UID' not found
08-10 16:50:10.265   212   612 E NetlinkEvent: NetlinkEvent::FindParam(): Parameter 'UID' not found
08-10 16:50:12.857   625   719 I chatty  : uid=1000(system) ConnectivitySer expire 38 lines
08-10 16:50:14.000   625   636 I chatty  : uid=1000(system) Binder_1 expire 8 lines
08-10 16:50:15.307   625 26784 I chatty  : uid=1000(system) Binder_F expire 7 lines
08-10 16:50:21.281   625   821 I chatty  : uid=1000(system) Binder_5 expire 8 lines
08-10 16:50:41.628   212   612 E NetlinkEvent: NetlinkEvent::FindParam(): Parameter 'UID' not found
08-10 16:50:44.500   212   612 E NetlinkEvent: NetlinkEvent::FindParam(): Parameter 'UID' not found
08-10 16:50:53.695   212   612 E NetlinkEvent: NetlinkEvent::FindParam(): Parameter 'UID' not found
08-10 16:53:06.022   212   612 E NetlinkEvent: NetlinkEvent::FindParam(): Parameter 'UID' not found
08-10 16:53:36.018   212   612 E NetlinkEvent: NetlinkEvent::FindParam(): Parameter 'UID' not found
08-10 16:53:36.097   212   612 E NetlinkEvent: NetlinkEvent::FindParam(): Parameter 'UID' not found
08-10 16:54:06.018   212   612 E NetlinkEvent: NetlinkEvent::FindParam(): Parameter 'UID' not found
08-10 16:54:06.093   212   612 E NetlinkEvent: NetlinkEvent::FindParam(): Parameter 'UID' not found
08-10 16:54:08.017   212   612 E NetlinkEvent: NetlinkEvent::FindParam(): Parameter 'UID' not found
08-10 16:54:34.077   212   612 E NetlinkEvent: NetlinkEvent::FindParam(): Parameter 'UID' not found
08-10 16:54:34.242   212   612 E NetlinkEvent: NetlinkEvent::FindParam(): Parameter 'UID' not found
08-10 16:54:51.022   212   612 E NetlinkEvent: NetlinkEvent::FindParam(): Parameter 'UID' not found
08-10 16:55:00.014   212   612 E NetlinkEvent: NetlinkEvent::FindParam(): Parameter 'UID' not found
08-10 16:55:55.016   212   612 E NetlinkEvent: NetlinkEvent::FindParam(): Parameter 'UID' not found
08-10 16:55:55.390   212   612 E NetlinkEvent: NetlinkEvent::FindParam(): Parameter 'UID' not found
08-10 16:56:18.042   212   612 E NetlinkEvent: NetlinkEvent::FindParam(): Parameter 'UID' not found
08-10 16:57:16.018   212   612 E NetlinkEvent: NetlinkEvent::FindParam(): Parameter 'UID' not found
08-10 16:57:16.084   212   612 E NetlinkEvent: NetlinkEvent::FindParam(): Parameter 'UID' not found
08-10 16:57:22.017   212   612 E NetlinkEvent: NetlinkEvent::FindParam(): Parameter 'UID' not found
08-10 16:58:08.017   212   612 E NetlinkEvent: NetlinkEvent::FindParam(): Parameter 'UID' not found
08-10 16:58:16.018   212   612 E NetlinkEvent: NetlinkEvent::FindParam(): Parameter 'UID' not found
08-10 16:58:26.425   625   719 I chatty  : uid=1000(system) ConnectivitySer expire 15 lines
08-10 16:59:30.371   212   612 E NetlinkEvent: NetlinkEvent::FindParam(): Parameter 'UID' not found
08-10 16:59:35.354   212   612 E NetlinkEvent: NetlinkEvent::FindParam(): Parameter 'UID' not found
08-10 17:00:30.510   625   808 I chatty  : uid=1000(system) Binder_4 expire 3 lines
08-10 17:00:31.735   625 11370 I chatty  : uid=1000(system) Binder_D expire 5 lines
08-10 17:00:31.755   625  1358 I chatty  : uid=1000(system) Binder_6 expire 4 lines
08-10 17:00:31.771   625  1361 I chatty  : uid=1000(system) Binder_9 expire 4 lines
08-10 17:00:35.166   625 25999 I chatty  : uid=1000 system_server expire 1 line
08-10 17:00:46.860   625   653 I chatty  : uid=1000(system) PowerManagerSer expire 10 lines
08-10 17:01:06.240   625 26108 I chatty  : uid=1000 system_server expire 1 line
08-10 17:02:06.024   212   612 E NetlinkEvent: NetlinkEvent::FindParam(): Parameter 'UID' not found
08-10 17:02:06.213   212   612 E NetlinkEvent: NetlinkEvent::FindParam(): Parameter 'UID' not found
08-10 17:02:06.358   625   719 I chatty  : uid=1000(system) ConnectivitySer expire 15 lines
08-10 17:02:06.752   625   651 I chatty  : uid=1000(system) android.display expire 8 lines
08-10 17:02:07.666   625   641 I chatty  : uid=1000(system) ActivityManager expire 10 lines
08-10 17:02:10.702   625 26785 I chatty  : uid=1000(system) Binder_10 expire 4 lines
08-10 17:02:24.369   625   709 I chatty  : uid=1000(system) InputReader expire 7 lines
08-10 17:02:50.469   625 11369 I chatty  : uid=1000(system) Binder_C expire 2 lines
08-10 17:03:03.371   212   612 E NetlinkEvent: NetlinkEvent::FindParam(): Parameter 'UID' not found
08-10 17:03:03.482   625   719 I chatty  : uid=1000(system) ConnectivitySer expire 56 lines
08-10 17:03:13.595   212   612 E NetlinkEvent: NetlinkEvent::FindParam(): Parameter 'UID' not found
08-10 17:03:16.468   212   612 E NetlinkEvent: NetlinkEvent::FindParam(): Parameter 'UID' not found
08-10 17:03:18.272   625  1359 I chatty  : uid=1000(system) Binder_7 expire 2 lines
08-10 17:03:18.283   625  3711 I chatty  : uid=1000(system) Binder_B expire 2 lines
08-10 17:03:29.393   212   612 E NetlinkEvent: NetlinkEvent::FindParam(): Parameter 'UID' not found
08-10 17:04:06.056   212   612 E NetlinkEvent: NetlinkEvent::FindParam(): Parameter 'UID' not found
08-10 17:04:39.018   212   612 E NetlinkEvent: NetlinkEvent::FindParam(): Parameter 'UID' not found
08-10 17:04:39.045   212   612 E NetlinkEvent: NetlinkEvent::FindParam(): Parameter 'UID' not found
08-10 17:04:47.017   212   612 E NetlinkEvent: NetlinkEvent::FindParam(): Parameter 'UID' not found
08-10 17:05:14.088   212   612 E NetlinkEvent: NetlinkEvent::FindParam(): Parameter 'UID' not found
08-10 17:05:16.135   212   612 E NetlinkEvent: NetlinkEvent::FindParam(): Parameter 'UID' not found
08-10 17:05:36.022   212   612 E NetlinkEvent: NetlinkEvent::FindParam(): Parameter 'UID' not found
08-10 17:06:05.018   212   612 E NetlinkEvent: NetlinkEvent::FindParam(): Parameter 'UID' not found
08-10 17:06:05.039   212   612 E NetlinkEvent: NetlinkEvent::FindParam(): Parameter 'UID' not found
08-10 17:06:29.018   212   612 E NetlinkEvent: NetlinkEvent::FindParam(): Parameter 'UID' not found
08-10 17:06:29.085   212   612 E NetlinkEvent: NetlinkEvent::FindParam(): Parameter 'UID' not found
08-10 17:06:36.014   212   612 E NetlinkEvent: NetlinkEvent::FindParam(): Parameter 'UID' not found
08-10 17:06:50.594   625   719 I chatty  : uid=1000(system) ConnectivitySer expire 23 lines
08-10 17:07:56.030   212   612 E NetlinkEvent: NetlinkEvent::FindParam(): Parameter 'UID' not found
08-10 17:07:56.278   212   612 E NetlinkEvent: NetlinkEvent::FindParam(): Parameter 'UID' not found
08-10 17:08:18.192   625   653 I chatty  : uid=1000(system) PowerManagerSer expire 3 lines
08-10 17:08:36.336   625  1362 I chatty  : uid=1000(system) Binder_A expire 1 line
08-10 17:12:59.029   212   612 E NetlinkEvent: NetlinkEvent::FindParam(): Parameter 'UID' not found
08-10 17:13:10.017   212   612 E NetlinkEvent: NetlinkEvent::FindParam(): Parameter 'UID' not found
08-10 17:13:36.022   212   612 E NetlinkEvent: NetlinkEvent::FindParam(): Parameter 'UID' not found
08-10 17:14:16.017   212   612 E NetlinkEvent: NetlinkEvent::FindParam(): Parameter 'UID' not found
08-10 17:14:16.095   212   612 E NetlinkEvent: NetlinkEvent::FindParam(): Parameter 'UID' not found
08-10 17:14:16.200   212   612 E NetlinkEvent: NetlinkEvent::FindParam(): Parameter 'UID' not found
08-10 17:14:46.030   212   612 E NetlinkEvent: NetlinkEvent::FindParam(): Parameter 'UID' not found
08-10 17:15:06.018   212   612 E NetlinkEvent: NetlinkEvent::FindParam(): Parameter 'UID' not found
08-10 17:15:06.090   212   612 E NetlinkEvent: NetlinkEvent::FindParam(): Parameter 'UID' not found
08-10 17:16:01.018   212   612 E NetlinkEvent: NetlinkEvent::FindParam(): Parameter 'UID' not found
08-10 17:16:01.102   212   612 E NetlinkEvent: NetlinkEvent::FindParam(): Parameter 'UID' not found
08-10 17:16:11.159   212   612 E NetlinkEvent: NetlinkEvent::FindParam(): Parameter 'UID' not found
08-10 17:17:15.023   212   612 E NetlinkEvent: NetlinkEvent::FindParam(): Parameter 'UID' not found
08-10 17:17:15.073   212   612 E NetlinkEvent: NetlinkEvent::FindParam(): Parameter 'UID' not found
08-10 17:18:34.081   212   612 E NetlinkEvent: NetlinkEvent::FindParam(): Parameter 'UID' not found
08-10 17:18:34.790   212   612 E NetlinkEvent: NetlinkEvent::FindParam(): Parameter 'UID' not found
08-10 17:20:31.057   212   612 E NetlinkEvent: NetlinkEvent::FindParam(): Parameter 'UID' not found
08-10 17:20:31.244   212   612 E NetlinkEvent: NetlinkEvent::FindParam(): Parameter 'UID' not found
08-10 17:20:32.645   625   719 I chatty  : uid=1000(system) ConnectivitySer expire 18 lines
08-10 17:20:32.784   212   612 E NetlinkEvent: NetlinkEvent::FindParam(): Parameter 'UID' not found
08-10 17:20:34.787  1713  1713 I chatty  : uid=10012 com.google.android.gms.persistent expire 38 lines
08-10 17:20:34.798  1713  1713 D Error   : ERR: TOTAL BYTES WRITTEN: 46284
08-10 17:20:34.798  1713  1713 D StrictMode: Wrote violation #4 of 5: 46328 bytes
08-10 17:20:34.808 27650 27662 D Error   : ERR: exClass=android.os.StrictMode$StrictModeDiskWriteViolation
08-10 17:20:34.808 27650 27662 D Error   : ERR: exMsg=policy=6815749 violation=1
08-10 17:20:34.808 27650 27662 D Error   : ERR: file=StrictMode.java
08-10 17:20:34.808 27650 27662 D Error   : ERR: class=android.os.StrictMode$AndroidBlockGuardPolicy
08-10 17:20:34.808 27650 27662 D Error   : ERR: method=onWriteToDisk line=1223
08-10 17:20:34.816 27650 27662 D Error   : ERR: stack=android.os.StrictMode$StrictModeDiskWriteViolation: policy=6815749 violation=1
08-10 17:20:34.816 27650 27662 D Error   : 	at android.os.StrictMode$AndroidBlockGuardPolicy.onWriteToDisk(StrictMode.java:1223)
08-10 17:20:34.816 27650 27662 D Error   : 	at libcore.io.BlockGuardOs.chmod(BlockGuardOs.java:72)
08-10 17:20:34.816 27650 27662 D Error   : 	at java.io.File.doChmod(File.java:706)
08-10 17:20:34.816 27650 27662 D Error   : 	at java.io.File.setExecutable(File.java:630)
08-10 17:20:34.816 27650 27662 D Error   : 	at com.google.android.chimera.container.ConfigurationManager.getConfigurationDirectory(:com.google.android.gms:634)
08-10 17:20:34.816 27650 27662 D Error   : 	at com.google.android.chimera.container.ConfigurationManager.getCurrentConfigurationFile(:com.google.android.gms:640)
08-10 17:20:34.816 27650 27662 D Error   : 	at com.google.android.chimera.container.ConfigurationManager.getCurrentConfiguration(:com.google.android.gms:374)
08-10 17:20:34.816 27650 27662 D Error   : 	at com.google.android.chimera.container.ServiceProxy.attachService(:com.google.android.gms:55)
08-10 17:20:34.816 27650 27662 D Error   : 	at com.google.android.chimera.container.ServiceProxy.attachBaseContext(:com.google.android.gms:36)
08-10 17:20:34.816 27650 27662 D Error   : 	at android.app.Service.attach(Service.java:704)
08-10 17:20:34.816 27650 27662 D Error   : 	at android.app.ActivityThread.handleCreateService(ActivityThread.java:2919)
08-10 17:20:34.816 27650 27662 D Error   : 	at android.app.ActivityThread.-wrap4(ActivityThread.java)
08-10 17:20:34.816 27650 27662 D Error   : 	at android.app.ActivityThread$H.handleMessage(ActivityThread.java:1446)
08-10 17:20:34.816 27650 27662 D Error   : 	at android.os.Handler.dispatchMessage(Handler.java:102)
08-10 17:20:34.816 27650 27662 D Error   : 	at android.os.Looper.loop(Looper.java:148)
08-10 17:20:34.816 27650 27662 D Error   : 	at android.app.ActivityThread.main(ActivityThread.java:5466)
08-10 17:20:34.816 27650 27662 D Error   : 	at java.lang.reflect.Method.invoke(Native Method)
08-10 17:20:34.816 27650 27662 D Error   : 	at com.android.internal.os.ZygoteInit$MethodAndArgsCaller.run(ZygoteInit.java:726)
08-10 17:20:34.816 27650 27662 D Error   : 	at com.android.internal.os.ZygoteInit.main(ZygoteInit.java:616)
08-10 17:20:34.816 27650 27662 D Error   : # via Binder call with stack:
08-10 17:20:34.816 27650 27662 D Error   : android.os.StrictMode$LogStackTrace
08-10 17:20:34.816 27650 27662 D Error   : 	at android.os.StrictMode.readAndHandleBinderCallViolations(StrictMode.java:1911)
08-10 17:20:34.816 27650 27662 D Error   : 	at android.os.Parcel.readExceptionCode(Parcel.java:1601)
08-10 17:20:34.816 27650 27662 D Error   : 	at android.os.Parcel.readException(Parcel.java:1570)
08-10 17:20:34.816 27650 27662 D Error   : 	at ikl.a(:com.google.android.gms:119)
08-10 17:20:34.816 27650 27662 D Error   : 	at ijn.a(:com.google.android.gms:66)
08-10 17:20:34.816 27650 27662 D Error   : 	at lpk.a(:com.google.android.gms:189)
08-10 17:20:34.816 27650 27662 D Error   : 	at iht.a(:com.google.android.gms:592)
08-10 17:20:34.816 27650 27662 D Error   : 	at ikn.onTransact(:com.google.android.gms:824)
08-10 17:20:34.816 27650 27662 D Error   : 	at android.os.Binder.execTransact(Binder.java:453)
08-10 17:20:34.816 27650 27662 D Error   : # via Binder call with stack:
08-10 17:20:34.816 27650 27662 D Error   : android.os.StrictMode$LogStackTrace
08-10 17:20:34.816 27650 27662 D Error   : 	at android.os.StrictMode.readAndHandleBinderCallViolations(StrictMode.java:1911)
08-10 17:20:34.816 27650 27662 D Error   : 	at android.os.Parcel.readExceptionCode(Parcel.java:1601)
08-10 17:20:34.816 27650 27662 D Error   : 	at android.os.Parcel.readException(Parcel.java:1570)
08-10 17:20:34.816 27650 27662 D Error   : 	at iko.a(:com.google.android.gms:1949)
08-10 17:20:34.816 27650 27662 D Error   : 	at ihz.a(:com.google.android.gms:1293)
08-10 17:20:34.816 27650 27662 D Error   : 	at iii.a(:com.google.android.gms:401)
08-10 17:20:34.816 27650 27662 D Error   : 	at iik.a(:com.google.android.gms:725)
08-10 17:20:34.816 27650 27662 D Error   : 	at iia.a(:com.google.android.gms:1829)
08-10 17:20:34.816 27650 27662 D Error   : 	at iid.handleMessage(:com.google.android.gms:5339)
08-10 17:20:34.816 27650 27662 D Error   : 	at android.os.Handler.dispatchMessage(Handler.java:102)
08-10 17:20:34.816 27650 27662 D Error   : 	at android.os.Looper.loop(Looper.java:148)
08-10 17:20:34.816 27650 27662 D Error   : 	at android.app.ActivityThread.main(ActivityThread.java:5466)
08-10 17:20:34.816 27650 27662 D Error   : 	at java.lang.reflect.Method.invoke(Native Method)
08-10 17:20:34.816 27650 27662 D Error   : 	at com.android.internal.os.ZygoteInit$MethodAndArgsCaller.run(ZygoteInit.java:726)
08-10 17:20:34.816 27650 27662 D Error   : 	at com.android.internal.os.ZygoteInit.main(ZygoteInit.java:616)
08-10 17:20:34.816 27650 27662 D Error   : # via Binder call with stack:
08-10 17:20:34.816 27650 27662 D Error   : android.os.StrictMode$LogStackTrace
08-10 17:20:34.816 27650 27662 D Error   : 	at android.os.StrictMode.readAndHandleBinderCallViolations(StrictMode.java:1911)
08-10 17:20:34.816 27650 27662 D Error   : 	at android.os.Parcel.readExceptionCode(Parcel.java:1601)
08-10 17:20:34.816 27650 27662 D Error   : 	at android.os.Parcel.readException(Parcel.java:1570)
08-10 17:20:34.816 27650 27662 D Error   : 	at ikl.a(:com.google.android.gms:119)
08-10 17:20:34.816 27650 27662 D Error   : 	at ijn.a(:com.google.android.gms:66)
08-10 17:20:34.816 27650 27662 D Error   : 	at lpk.a(:com.google.android.gms:189)
08-10 17:20:34.816 27650 27662 D Error   : 	at iht.a(:com.google.android.gms:592)
08-10 17:20:34.816 27650 27662 D Error   : 	at ikn.onTransact(:com.google.android.gms:824)
08-10 17:20:34.816 27650 27662 D Error   : 	at android.os.Binder.execTransact(Binder.java:453)
08-10 17:20:34.816 27650 27662 D Error   : # via Binder call with stack:
08-10 17:20:34.816 27650 27662 D Error   : android.os.StrictMode$LogStackTrace
08-10 17:20:34.816 27650 27662 D Error   : 	at android.os.StrictMode.readAndHandleBinderCallViolations(StrictMode.java:1911)
08-10 17:20:34.816 27650 27662 D Error   : 	at android.os.Parcel.readExceptionCode(Parcel.java:1601)
08-10 17:20:34.816 27650 27662 D Error   : 	at android.os.Parcel.readException(Parcel.java:1570)
08-10 17:20:34.816 27650 27662 D Error   : 	at iko.a(:com.google.android.gms:1949)
08-10 17:20:34.816 27650 27662 D Error   : 	at ihz.a(:com.google.android.gms:1293)
08-10 17:20:34.816 27650 27662 D Error   : 	at iii.a(:com.google.android.gms:401)
08-10 17:20:34.816 27650 27662 D Error   : 	at iik.a(:com.google.android.gms:725)
08-10 17:20:34.816 27650 27662 D Error   : 	at iia.a(:com.google.android.gms:1829)
08-10 17:20:34.816 27650 27662 D Error   : 	at iid.handleMessage(:com.google.android.gms:5339)
08-10 17:20:34.816 27650 27662 D Error   : 	at android.os.Handler.dispatchMessage(Handler.java:102)
08-10 17:20:34.816 27650 27662 D Error   : 	at android.os.Looper.loop(Looper.java:148)
08-10 17:20:34.816 27650 27662 D Error   : 	at android.app.ActivityThread.main(ActivityThread.java:5466)
08-10 17:20:34.816 27650 27662 D Error   : 	at ja
08-10 17:20:34.816 27650 27662 D Error   : ERR: TOTAL BYTES WRITTEN: 45964
08-10 17:20:34.816 27650 27662 D StrictMode: Wrote violation #0 of 5: 46008 bytes
08-10 17:20:34.816 27650 27662 D Error   : ERR: exClass=android.os.StrictMode$StrictModeDiskReadViolation
08-10 17:20:34.816 27650 27662 D Error   : ERR: exMsg=policy=6815751 violation=2
08-10 17:20:34.816 27650 27662 D Error   : ERR: file=StrictMode.java
08-10 17:20:34.816 27650 27662 D Error   : ERR: class=android.os.StrictMode$AndroidBlockGuardPolicy
08-10 17:20:34.816 27650 27662 D Error   : ERR: method=onReadFromDisk line=1263
08-10 17:20:34.817 27650 27662 D Error   : ERR: stack=android.os.StrictMode$StrictModeDiskReadViolation: policy=6815751 violation=2
08-10 17:20:34.817 27650 27662 D Error   : 	at android.os.StrictMode$AndroidBlockGuardPolicy.onReadFromDisk(StrictMode.java:1263)
08-10 17:20:34.817 27650 27662 D Error   : 	at libcore.io.BlockGuardOs.stat(BlockGuardOs.java:292)
08-10 17:20:34.817 27650 27662 D Error   : 	at java.io.File.isDirectory(File.java:522)
08-10 17:20:34.817 27650 27662 D Error   : 	at android.app.ContextImpl.validateFilePath(ContextImpl.java:1972)
08-10 17:20:34.817 27650 27662 D Error   : 	at android.app.ContextImpl.openOrCreateDatabase(ContextImpl.java:578)
08-10 17:20:34.817 27650 27662 D Error   : 	at android.app.ContextImpl.openOrCreateDatabase(ContextImpl.java:572)
08-10 17:20:34.817 27650 27662 D Error   : 	at android.content.ContextWrapper.openOrCreateDatabase(ContextWrapper.java:269)
08-10 17:20:34.817 27650 27662 D Error   : 	at android.content.ContextWrapper.openOrCreateDatabase(ContextWrapper.java:269)
08-10 17:20:34.817 27650 27662 D Error   : 	at irl.c(:com.google.android.gms:216)
08-10 17:20:34.817 27650 27662 D Error   : 	at irl.d(:com.google.android.gms:187)
08-10 17:20:34.817 27650 27662 D Error   : 	at irg.c(:com.google.android.gms:19519)
08-10 17:20:34.817 27650 27662 D Error   : 	at obo.a(:com.google.android.gms:278)
08-10 17:20:34.817 27650 27662 D Error   : 	at obl.a(:com.google.android.gms:15083)
08-10 17:20:34.817 27650 27662 D Error   : 	at obm.a(:com.google.android.gms:25053)
08-10 17:20:34.817 27650 27662 D Error   : 	at obm.handleMessage(:com.google.android.gms:178)
08-10 17:20:34.817 27650 27662 D Error   : 	at android.os.Handler.dispatchMessage(Handler.java:102)
08-10 17:20:34.817 27650 27662 D Error   : 	at android.os.Looper.loop(Looper.java:148)
08-10 17:20:34.817 27650 27662 D Error   : 	at android.app.ActivityThread.main(ActivityThread.java:5466)
08-10 17:20:34.817 27650 27662 D Error   : 	at java.lang.reflect.Method.invoke(Native Method)
08-10 17:20:34.817 27650 27662 D Error   : 	at com.android.internal.os.ZygoteInit$MethodAndArgsCaller.run(ZygoteInit.java:726)
08-10 17:20:34.817 27650 27662 D Error   : 	at com.android.internal.os.ZygoteInit.main(ZygoteInit.java:616)
08-10 17:20:34.817 27650 27662 D Error   : # via Binder call with stack:
08-10 17:20:34.817 27650 27662 D Error   : android.os.StrictMode$LogStackTrace
