08-10 18:53:52.858  1565 32597 D gH_CompatibleDatabase: Release reference of irg@d1924df: 1
08-10 18:53:52.858  1565 32597 D gH_CompatibleDatabase: Close irg@cec2900, release reference: 0
08-10 18:53:52.859  1565 32597 D gH_CompatibleDatabase: Close irg@b0ba539, release reference: 0
08-10 18:53:52.863  1565 32597 D gH_CompatibleDatabase: Close irg@d1924df, release reference: 0
08-10 18:53:53.502  1134  1152 D BluetoothAdapter: stopLeScan()
08-10 18:53:53.508  1134  1152 D BluetoothAdapter: startLeScan(): null
08-10 18:53:53.508  1134  1152 E BluetoothAdapter: startLeScan: cannot get BluetoothLeScanner
08-10 18:53:53.736  1230  1244 I art     : Background sticky concurrent mark sweep GC freed 45504(3MB) AllocSpace objects, 0(0B) LOS objects, 38% free, 5MB/9MB, paused 2.014ms total 671.905ms
08-10 18:53:53.786 25617 25672 V ClClient: SEND(18)	KeepAliveRequest_4{}	UID:d8deb3e8-8486-4bf9-b05f-6364e64da2ff
08-10 18:53:54.404   625   807 I ActivityManager: Killing 28094:com.google.android.apps.fitness/u0a77 (adj 15): empty #17
08-10 18:53:54.545   625 26785 I ActivityManager: Start proc 32606:de.robv.android.xposed.installer/u0a120 for broadcast de.robv.android.xposed.installer/.PackageChangeReceiver
08-10 18:53:54.559  1713 17741 E SQLiteLog: (5) database is locked
08-10 18:53:54.569  1713 17741 E SQLiteDatabase: Failed to open database '/data/user/0/com.google.android.gms/databases/phenotype.db'.
08-10 18:53:54.569  1713 17741 E SQLiteDatabase: android.database.sqlite.SQLiteDatabaseLockedException: database is locked (code 5): , while compiling: PRAGMA journal_mode
08-10 18:53:54.569  1713 17741 E SQLiteDatabase: 	at android.database.sqlite.SQLiteConnection.nativePrepareStatement(Native Method)
08-10 18:53:54.569  1713 17741 E SQLiteDatabase: 	at android.database.sqlite.SQLiteConnection.acquirePreparedStatement(SQLiteConnection.java:889)
08-10 18:53:54.569  1713 17741 E SQLiteDatabase: 	at android.database.sqlite.SQLiteConnection.executeForString(SQLiteConnection.java:634)
08-10 18:53:54.569  1713 17741 E SQLiteDatabase: 	at android.database.sqlite.SQLiteConnection.setJournalMode(SQLiteConnection.java:318)
08-10 18:53:54.569  1713 17741 E SQLiteDatabase: 	at android.database.sqlite.SQLiteConnection.setWalModeFromConfiguration(SQLiteConnection.java:292)
08-10 18:53:54.569  1713 17741 E SQLiteDatabase: 	at android.database.sqlite.SQLiteConnection.open(SQLiteConnection.java:213)
08-10 18:53:54.569  1713 17741 E SQLiteDatabase: 	at android.database.sqlite.SQLiteConnection.open(SQLiteConnection.java:191)
08-10 18:53:54.569  1713 17741 E SQLiteDatabase: 	at android.database.sqlite.SQLiteConnectionPool.openConnectionLocked(SQLiteConnectionPool.java:463)
08-10 18:53:54.569  1713 17741 E SQLiteDatabase: 	at android.database.sqlite.SQLiteConnectionPool.open(SQLiteConnectionPool.java:185)
08-10 18:53:54.569  1713 17741 E SQLiteDatabase: 	at android.database.sqlite.SQLiteConnectionPool.open(SQLiteConnectionPool.java:177)
08-10 18:53:54.569  1713 17741 E SQLiteDatabase: 	at android.database.sqlite.SQLiteDatabase.openInner(SQLiteDatabase.java:806)
08-10 18:53:54.569  1713 17741 E SQLiteDatabase: 	at android.database.sqlite.SQLiteDatabase.open(SQLiteDatabase.java:791)
08-10 18:53:54.569  1713 17741 E SQLiteDatabase: 	at android.database.sqlite.SQLiteDatabase.openDatabase(SQLiteDatabase.java:694)
08-10 18:53:54.569  1713 17741 E SQLiteDatabase: 	at android.app.ContextImpl.openOrCreateDatabase(ContextImpl.java:583)
08-10 18:53:54.569  1713 17741 E SQLiteDatabase: 	at android.app.ContextImpl.openOrCreateDatabase(ContextImpl.java:572)
08-10 18:53:54.569  1713 17741 E SQLiteDatabase: 	at android.content.ContextWrapper.openOrCreateDatabase(ContextWrapper.java:269)
08-10 18:53:54.569  1713 17741 E SQLiteDatabase: 	at android.content.ContextWrapper.openOrCreateDatabase(ContextWrapper.java:269)
08-10 18:53:54.569  1713 17741 E SQLiteDatabase: 	at irl.c(:com.google.android.gms:216)
08-10 18:53:54.569  1713 17741 E SQLiteDatabase: 	at irl.d(:com.google.android.gms:187)
08-10 18:53:54.569  1713 17741 E SQLiteDatabase: 	at irg.a(:com.google.android.gms:1519)
08-10 18:53:54.569  1713 17741 E SQLiteDatabase: 	at tev.a(:com.google.android.gms:140)
08-10 18:53:54.569  1713 17741 E SQLiteDatabase: 	at gzm.a(:com.google.android.gms:643)
08-10 18:53:54.569  1713 17741 E SQLiteDatabase: 	at gzm.a(:com.google.android.gms:383)
08-10 18:53:54.569  1713 17741 E SQLiteDatabase: 	at gzm.run(:com.google.android.gms:199)
08-10 18:53:54.569  1713 17741 E SQLiteDatabase: 	at java.util.concurrent.Executors$RunnableAdapter.call(Executors.java:423)
08-10 18:53:54.569  1713 17741 E SQLiteDatabase: 	at aixu.a(:com.google.android.gms:108)
08-10 18:53:54.569  1713 17741 E SQLiteDatabase: 	at aiwz.run(:com.google.android.gms:59)
08-10 18:53:54.569  1713 17741 E SQLiteDatabase: 	at aixt.run(:com.google.android.gms:74)
08-10 18:53:54.569  1713 17741 E SQLiteDatabase: 	at itt.run(:com.google.android.gms:453)
08-10 18:53:54.569  1713 17741 E SQLiteDatabase: 	at java.util.concurrent.ThreadPoolExecutor.runWorker(ThreadPoolExecutor.java:1113)
08-10 18:53:54.569  1713 17741 E SQLiteDatabase: 	at java.util.concurrent.ThreadPoolExecutor$Worker.run(ThreadPoolExecutor.java:588)
08-10 18:53:54.569  1713 17741 E SQLiteDatabase: 	at iyg.run(:com.google.android.gms:17)
08-10 18:53:54.569  1713 17741 E SQLiteDatabase: 	at java.lang.Thread.run(Thread.java:818)
08-10 18:53:54.661 32606 32606 W System  : ClassLoader referenced unknown path: /data/app/de.robv.android.xposed.installer-1/lib/arm
08-10 18:53:54.702 25617 25671 V ClClient: RECV(18)  +0,9s	KeepAliveResponse_5{hasEstablishedSession=true}
08-10 18:53:54.959 32444 32444 D CAR.SERVICE: onUnbind
08-10 18:53:54.959 32444 32444 D CAR.SERVICE: CSB onClientsDisconnected
08-10 18:53:54.959 32444 32444 D CAR.SERVICE: tearDown
08-10 18:53:54.959 32444 32444 D CAR.SERVICE: tearDownCarState
08-10 18:53:54.959 32444 32444 D CAR.SERVICE: Skip, car not connected.
08-10 18:53:54.959 32444 32444 D CAR.SERVICE: tearDownClientState
08-10 18:53:54.960 32444 32444 D CAR.SERVICE: requestStop
08-10 18:53:54.961 32444 32444 D CAR.SERVICE: onDestroy
08-10 18:53:54.962 32444 32444 D CAR.SERVICE: tearDown
08-10 18:53:54.962 32444 32444 D CAR.SERVICE: tearDownCarState
08-10 18:53:54.962 32444 32444 D CAR.SERVICE: Skip, car not connected.
08-10 18:53:54.962 32444 32444 D CAR.SERVICE: tearDownClientState
08-10 18:53:54.962 32444 32444 D CAR.SERVICE: requestStop
08-10 18:53:54.964   625  1361 I ActivityManager: Killing 28895:it.wind.myWind/u0a110 (adj 15): empty #17
08-10 18:53:54.974 32444 32444 E ActivityThread: Service com.google.android.gms.car.CarService has leaked ServiceConnection com.google.android.gms.car.CarCallService@c4bf946 that was originally bound here
08-10 18:53:54.974 32444 32444 E ActivityThread: android.app.ServiceConnectionLeaked: Service com.google.android.gms.car.CarService has leaked ServiceConnection com.google.android.gms.car.CarCallService@c4bf946 that was originally bound here
08-10 18:53:54.974 32444 32444 E ActivityThread: 	at android.app.LoadedApk$ServiceDispatcher.<init>(LoadedApk.java:1093)
08-10 18:53:54.974 32444 32444 E ActivityThread: 	at android.app.LoadedApk.getServiceDispatcher(LoadedApk.java:987)
08-10 18:53:54.974 32444 32444 E ActivityThread: 	at android.app.ContextImpl.bindServiceCommon(ContextImpl.java:1315)
08-10 18:53:54.974 32444 32444 E ActivityThread: 	at android.app.ContextImpl.bindService(ContextImpl.java:1298)
08-10 18:53:54.974 32444 32444 E ActivityThread: 	at android.content.ContextWrapper.bindService(ContextWrapper.java:610)
08-10 18:53:54.974 32444 32444 E ActivityThread: 	at android.content.ContextWrapper.bindService(ContextWrapper.java:610)
08-10 18:53:54.974 32444 32444 E ActivityThread: 	at android.content.ContextWrapper.bindService(ContextWrapper.java:610)
08-10 18:53:54.974 32444 32444 E ActivityThread: 	at irv.a(:com.google.android.gms:120)
08-10 18:53:54.974 32444 32444 E ActivityThread: 	at irv.a(:com.google.android.gms:137)
08-10 18:53:54.974 32444 32444 E ActivityThread: 	at com.google.android.gms.car.CarCallService.h(:com.google.android.gms:76)
08-10 18:53:54.974 32444 32444 E ActivityThread: 	at com.google.android.gms.car.CarCallService.<init>(:com.google.android.gms:64)
08-10 18:53:54.974 32444 32444 E ActivityThread: 	at fgl.i(:com.google.android.gms:551)
08-10 18:53:54.974 32444 32444 E ActivityThread: 	at com.google.android.gms.car.CarChimeraService.onBind(:com.google.android.gms:163)
08-10 18:53:54.974 32444 32444 E ActivityThread: 	at com.google.android.chimera.container.ServiceProxy.onBind(:com.google.android.gms:160)
08-10 18:53:54.974 32444 32444 E ActivityThread: 	at android.app.ActivityThread.handleBindService(ActivityThread.java:2948)
08-10 18:53:54.974 32444 32444 E ActivityThread: 	at android.app.ActivityThread.-wrap2(ActivityThread.java)
08-10 18:53:54.974 32444 32444 E ActivityThread: 	at android.app.ActivityThread$H.handleMessage(ActivityThread.java:1451)
08-10 18:53:54.974 32444 32444 E ActivityThread: 	at android.os.Handler.dispatchMessage(Handler.java:102)
08-10 18:53:54.974 32444 32444 E ActivityThread: 	at android.os.Looper.loop(Looper.java:148)
08-10 18:53:54.974 32444 32444 E ActivityThread: 	at android.app.ActivityThread.main(ActivityThread.java:5466)
08-10 18:53:54.974 32444 32444 E ActivityThread: 	at java.lang.reflect.Method.invoke(Native Method)
08-10 18:53:54.974 32444 32444 E ActivityThread: 	at com.android.internal.os.ZygoteInit$MethodAndArgsCaller.run(ZygoteInit.java:726)
08-10 18:53:54.974 32444 32444 E ActivityThread: 	at com.android.internal.os.ZygoteInit.main(ZygoteInit.java:616)
08-10 18:53:55.026   625   807 W ActivityManager: Unbind failed: could not find connection for android.os.BinderProxy@893666f
08-10 18:53:55.609 32362 32385 I chatty  : uid=10026(com.android.vending) PackageInstalle expire 9 lines
08-10 18:53:55.622 32362 32396 I chatty  : uid=10026(com.android.vending) AsyncTask #2 expire 2 lines
08-10 18:53:55.625   625  1361 I ActivityManager: Killing 27677:com.android.cellbroadcastreceiver/u0a6 (adj 15): empty #17
08-10 18:53:55.672   625 11370 I ActivityManager: Start proc 32627:org.cyanogenmod.bugreport/2000 for broadcast org.cyanogenmod.bugreport/.PackageChangeReceiver
08-10 18:53:56.042   625   637 I chatty  : uid=1000(system) Binder_2 expire 1 line
08-10 18:53:56.157  1713  1713 I Auth    : [AuthDelegateWrapper] Service intent: Intent { cmp=com.google.android.gms/.auth.account.authenticator.DefaultAuthDelegateService }.
08-10 18:53:56.275  1713  1713 D WearableService: callingUid 10012, callindPid: 1713
08-10 18:53:56.309  1713  1776 D DeviceConnectionService: client connected with version: 8487000
08-10 18:53:56.336 32627 32627 W System  : ClassLoader referenced unknown path: /system/priv-app/CMBugReport/lib/arm
08-10 18:53:56.395   625  1362 I ActivityManager: Killing 31906:com.google.android.play.games.ui/u0a90 (adj 15): empty #17
08-10 18:53:56.463   625 11370 I ActivityManager: Start proc 32640:org.cyanogenmod.themes.provider/u0a19 for broadcast org.cyanogenmod.themes.provider/.AppReceiver
08-10 18:53:56.517  1134  1152 D BluetoothAdapter: stopLeScan()
08-10 18:53:56.524  1134  1152 D BluetoothAdapter: startLeScan(): null
08-10 18:53:56.524  1134  1152 E BluetoothAdapter: startLeScan: cannot get BluetoothLeScanner
08-10 18:53:56.541 32640 32640 W System  : ClassLoader referenced unknown path: /system/priv-app/ThemesProvider/lib/arm
08-10 18:53:56.565   625   821 I ActivityManager: Start proc 32653:com.google.android.partnersetup/u0a25 for broadcast com.google.android.partnersetup/.RlzPingBroadcastReceiver
08-10 18:53:56.567   625   821 I ActivityManager: Killing 31879:com.google.android.music:main/u0a86 (adj 15): empty #17
08-10 18:53:56.629 32362 32362 I chatty  : uid=10026(com.android.vending) expire 10 lines
08-10 18:53:56.642  1713  1713 I Auth    : [AuthDelegateWrapper] Service intent: Intent { cmp=com.google.android.gms/.auth.account.authenticator.DefaultAuthDelegateService }.
08-10 18:53:56.738 32653 32653 W System  : ClassLoader referenced unknown path: /system/priv-app/GooglePartnerSetup/lib/arm
08-10 18:53:56.744 32640 32666 D ThemesProvider: Deleted 0
08-10 18:53:56.846   625 11369 I ActivityManager: Start proc 32671:com.svox.pico/u0a57 for broadcast com.svox.pico/.VoiceDataInstallerReceiver
08-10 18:53:56.883   625   807 I ActivityManager: Killing 20676:com.android.chrome/u0a39 (adj 15): empty #17
08-10 18:53:56.921   625  1362 D ConnectivityService: ConnectivityService NetworkRequestInfo binderDied(NetworkRequest [ id=155, legacyType=-1, [ Capabilities: INTERNET&NOT_RESTRICTED&TRUSTED&NOT_VPN] ], android.os.BinderProxy@4cd5262)
08-10 18:53:56.921   625  1362 I chatty  : uid=1000(system) Binder_A expire 2 lines
08-10 18:53:56.922   625 26783 D ConnectivityService: ConnectivityService NetworkRequestInfo binderDied(NetworkRequest [ id=151, legacyType=-1, [ Capabilities: INTERNET&NOT_RESTRICTED&TRUSTED&NOT_VPN] ], android.os.BinderProxy@4521ff3)
08-10 18:53:56.923   625   719 D ConnectivityService: releasing NetworkRequest NetworkRequest [ id=155, legacyType=-1, [ Capabilities: INTERNET&NOT_RESTRICTED&TRUSTED&NOT_VPN] ]
08-10 18:53:56.983   625   719 E ConnectivityService: RemoteException caught trying to send a callback msg for NetworkRequest [ id=155, legacyType=-1, [ Capabilities: INTERNET&NOT_RESTRICTED&TRUSTED&NOT_VPN] ]
08-10 18:53:56.983   625   719 D ConnectivityService: releasing NetworkRequest NetworkRequest [ id=151, legacyType=-1, [ Capabilities: INTERNET&NOT_RESTRICTED&TRUSTED&NOT_VPN] ]
08-10 18:53:56.984   625   719 E ConnectivityService: RemoteException caught trying to send a callback msg for NetworkRequest [ id=151, legacyType=-1, [ Capabilities: INTERNET&NOT_RESTRICTED&TRUSTED&NOT_VPN] ]
08-10 18:53:57.031   625  1362 I ActivityManager: Killing 20999:com.android.chrome:sandboxed_process3/u0a39i100 (adj 0): isolated not needed
08-10 18:53:57.031   625  1362 W libprocessgroup: failed to open /acct/uid_10039/pid_20999/cgroup.procs: No such file or directory
08-10 18:53:57.081  1713 17741 E SQLiteLog: (5) database is locked
08-10 18:53:57.082  1713 17741 E SQLiteDatabase: Failed to open database '/data/user/0/com.google.android.gms/databases/phenotype.db'.
08-10 18:53:57.082  1713 17741 E SQLiteDatabase: android.database.sqlite.SQLiteDatabaseLockedException: database is locked (code 5): , while compiling: PRAGMA journal_mode
08-10 18:53:57.082  1713 17741 E SQLiteDatabase: 	at android.database.sqlite.SQLiteConnection.nativePrepareStatement(Native Method)
08-10 18:53:57.082  1713 17741 E SQLiteDatabase: 	at android.database.sqlite.SQLiteConnection.acquirePreparedStatement(SQLiteConnection.java:889)
08-10 18:53:57.082  1713 17741 E SQLiteDatabase: 	at android.database.sqlite.SQLiteConnection.executeForString(SQLiteConnection.java:634)
08-10 18:53:57.082  1713 17741 E SQLiteDatabase: 	at android.database.sqlite.SQLiteConnection.setJournalMode(SQLiteConnection.java:318)
08-10 18:53:57.082  1713 17741 E SQLiteDatabase: 	at android.database.sqlite.SQLiteConnection.setWalModeFromConfiguration(SQLiteConnection.java:292)
08-10 18:53:57.082  1713 17741 E SQLiteDatabase: 	at android.database.sqlite.SQLiteConnection.open(SQLiteConnection.java:213)
08-10 18:53:57.082  1713 17741 E SQLiteDatabase: 	at android.database.sqlite.SQLiteConnection.open(SQLiteConnection.java:191)
08-10 18:53:57.082  1713 17741 E SQLiteDatabase: 	at android.database.sqlite.SQLiteConnectionPool.openConnectionLocked(SQLiteConnectionPool.java:463)
08-10 18:53:57.082  1713 17741 E SQLiteDatabase: 	at android.database.sqlite.SQLiteConnectionPool.open(SQLiteConnectionPool.java:185)
08-10 18:53:57.082  1713 17741 E SQLiteDatabase: 	at android.database.sqlite.SQLiteConnectionPool.open(SQLiteConnectionPool.java:177)
08-10 18:53:57.082  1713 17741 E SQLiteDatabase: 	at android.database.sqlite.SQLiteDatabase.openInner(SQLiteDatabase.java:806)
08-10 18:53:57.082  1713 17741 E SQLiteDatabase: 	at android.database.sqlite.SQLiteDatabase.open(SQLiteDatabase.java:791)
08-10 18:53:57.082  1713 17741 E SQLiteDatabase: 	at android.database.sqlite.SQLiteDatabase.openDatabase(SQLiteDatabase.java:694)
08-10 18:53:57.082  1713 17741 E SQLiteDatabase: 	at android.app.ContextImpl.openOrCreateDatabase(ContextImpl.java:583)
08-10 18:53:57.082  1713 17741 E SQLiteDatabase: 	at android.app.ContextImpl.openOrCreateDatabase(ContextImpl.java:572)
08-10 18:53:57.082  1713 17741 E SQLiteDatabase: 	at android.content.ContextWrapper.openOrCreateDatabase(ContextWrapper.java:269)
08-10 18:53:57.082  1713 17741 E SQLiteDatabase: 	at android.content.ContextWrapper.openOrCreateDatabase(ContextWrapper.java:269)
08-10 18:53:57.082  1713 17741 E SQLiteDatabase: 	at irl.c(:com.google.android.gms:216)
08-10 18:53:57.082  1713 17741 E SQLiteDatabase: 	at irl.d(:com.google.android.gms:187)
08-10 18:53:57.082  1713 17741 E SQLiteDatabase: 	at irg.a(:com.google.android.gms:1519)
08-10 18:53:57.082  1713 17741 E SQLiteDatabase: 	at tev.a(:com.google.android.gms:140)
08-10 18:53:57.082  1713 17741 E SQLiteDatabase: 	at gzm.a(:com.google.android.gms:643)
08-10 18:53:57.082  1713 17741 E SQLiteDatabase: 	at gzm.a(:com.google.android.gms:383)
08-10 18:53:57.082  1713 17741 E SQLiteDatabase: 	at gzm.run(:com.google.android.gms:199)
08-10 18:53:57.082  1713 17741 E SQLiteDatabase: 	at java.util.concurrent.Executors$RunnableAdapter.call(Executors.java:423)
08-10 18:53:57.082  1713 17741 E SQLiteDatabase: 	at aixu.a(:com.google.android.gms:108)
08-10 18:53:57.082  1713 17741 E SQLiteDatabase: 	at aiwz.run(:com.google.android.gms:59)
08-10 18:53:57.082  1713 17741 E SQLiteDatabase: 	at aixt.run(:com.google.android.gms:74)
08-10 18:53:57.082  1713 17741 E SQLiteDatabase: 	at itt.run(:com.google.android.gms:453)
08-10 18:53:57.082  1713 17741 E SQLiteDatabase: 	at java.util.concurrent.ThreadPoolExecutor.runWorker(ThreadPoolExecutor.java:1113)
08-10 18:53:57.082  1713 17741 E SQLiteDatabase: 	at java.util.concurrent.ThreadPoolExecutor$Worker.run(ThreadPoolExecutor.java:588)
08-10 18:53:57.082  1713 17741 E SQLiteDatabase: 	at iyg.run(:com.google.android.gms:17)
08-10 18:53:57.082  1713 17741 E SQLiteDatabase: 	at java.lang.Thread.run(Thread.java:818)
08-10 18:53:57.263  1565 32577 E IntentOperationSvc: Failed to instantiate Chimera operation impl, dropping operation
08-10 18:53:57.264  1565 32597 D PkgBroadcastIntentOp: Received broadcast action=android.intent.action.PACKAGE_ADDED and uri=io.cordova.hellocordova
08-10 18:53:57.266  1565 32597 D AuthPkgBcIntentOp: Received broadcast action=android.intent.action.PACKAGE_ADDED and uri=io.cordova.hellocordova
08-10 18:53:57.280   625   808 I ActivityManager: Killing 31864:com.google.android.apps.plus/u0a80 (adj 15): empty #17
08-10 18:53:57.322  1565  1565 D AsyncTaskServiceImpl: Submit a task: nwp
08-10 18:53:57.350  1565  1947 D nwp     : Processing package: io.cordova.hellocordova
08-10 18:53:57.365  1565  1575 W art     : Suspending all threads took: 10.529ms
08-10 18:53:57.518  1565 32597 D WearableController: Received broadcast action=android.intent.action.PACKAGE_ADDED and uri=io.cordova.hellocordova
08-10 18:53:57.520 32584 32594 W art     : Suspending all threads took: 105.081ms
08-10 18:53:57.846   625   683 I chatty  : uid=1000(system) SensorService expire 41 lines
08-10 18:53:57.866  1565  1947 D GassUtils: Found app info for package io.cordova.hellocordova:10000. Hash: c3791f33c5006e442242c88e2613d537fa2b37fd0fe09be5d6183d0b17fb134a
08-10 18:53:57.866  1565  1947 D nwp     : Found info for package io.cordova.hellocordova in db.
08-10 18:53:58.878  1565 32690 W IcingInternalCorpora: getNumBytesRead when not calculated.
08-10 18:53:58.959 25617 25617 V ApplicationReceiver:onReceive: 2016-08-10 16:53:58-null-Application install message is received ver:1.1.19
08-10 18:53:58.965 25617 25617 V ApplicationReceiver:onReceive: 2016-08-10 16:53:58-null-ApplicationReceiver detectes the installation of package:io.cordova.hellocordova ver:1.1.19
08-10 18:53:59.150 32693 32693 I art     : Late-enabling -Xcheck:jni
08-10 18:53:59.151   625 26783 I ActivityManager: Start proc 32693:com.myappfree.gpschanger/u0a121 for broadcast com.myappfree.gpschanger/.InstallCheckerService
08-10 18:53:59.528   625   718 D WifiService: New client listening to asynchronous messages
08-10 18:53:59.532  1134  1152 D BluetoothAdapter: stopLeScan()
08-10 18:53:59.548 32693 32693 W System  : ClassLoader referenced unknown path: /data/app/com.myappfree.gpschanger-1/lib/arm
08-10 18:53:59.554  1134  1152 D BluetoothAdapter: startLeScan(): null
08-10 18:53:59.554  1134  1152 E BluetoothAdapter: startLeScan: cannot get BluetoothLeScanner
08-10 18:53:59.593  1188  1188 I LatinIME: Starting input. Cursor position = 0,0
08-10 18:53:59.747 32584 32706 W ModelDownloadController: Cannot find any speech config location.
08-10 18:53:59.747 32584 32706 W ModelDownloadController: Cannot find any speech config location.
08-10 18:54:00.032 32584 32687 I UpdateIcingCorporaServi: Updating corpora: APPS=io.cordova.hellocordova, CONTACTS=MAYBE
08-10 18:54:00.039   625   719 D ConnectivityService: updateNetworkScore for NetworkAgentInfo [WIFI () - 199] to 56
08-10 18:54:00.524  1565 25061 I Icing   : Indexing 886FF685B88DDE671DC48F08A189E27DF3608665 from com.google.android.gms
08-10 18:54:00.552 32693 32717 I GMPM    : App measurement is starting up
08-10 18:54:00.734  1565 25061 E Icing   : Not enough disk space for indexing
08-10 18:54:00.734  1565 25061 I Icing   : Cannot sync untrimmable corpus: no sync
08-10 18:54:00.734  1565 25061 I Icing   : Indexing done 886FF685B88DDE671DC48F08A189E27DF3608665
08-10 18:54:00.734  1565 25061 E Icing   : Aborting indexing of corpus apps
08-10 18:54:02.192  1713  1713 I Auth    : [AuthDelegateWrapper] Service intent: Intent { cmp=com.google.android.gms/.auth.account.authenticator.DefaultAuthDelegateService }.
08-10 18:54:02.193  1713  1713 I Auth    : [AuthDelegateWrapper] Service intent: Intent { cmp=com.google.android.gms/.auth.account.authenticator.DefaultAuthDelegateService }.
08-10 18:54:02.275  1713  1713 I Auth    : [AuthDelegateWrapper] Service intent: Intent { cmp=com.google.android.gms/.auth.account.authenticator.DefaultAuthDelegateService }.
08-10 18:54:02.476 32483 32562 W Flag    : Duration spec must be at least 2 characters long: 
08-10 18:54:02.564  1134  1152 D BluetoothAdapter: stopLeScan()
08-10 18:54:02.575  1134  1152 D BluetoothAdapter: startLeScan(): null
08-10 18:54:02.575  1134  1152 E BluetoothAdapter: startLeScan: cannot get BluetoothLeScanner
08-10 18:54:03.045   625   719 D ConnectivityService: updateNetworkScore for NetworkAgentInfo [WIFI () - 199] to 52
08-10 18:54:03.616 32584 32687 I UpdateIcingCorporaServi: UpdateCorporaTask done [took 3574 ms] updated apps [took 3534 ms] 
08-10 18:54:03.785 25617 25672 V ClClient: SEND(19)	KeepAliveRequest_4{}	UID:234de40f-53b1-4e51-a6e0-96109b578022
08-10 18:54:03.853 32483 32562 W linker  : /data/app/com.google.android.gms-2/lib/arm/libgmscore.so: unused DT entry: type 0x7ffffffd arg 0x785
08-10 18:54:03.881 32483 32562 W linker  : /data/app/com.google.android.gms-2/lib/arm/libconscrypt_gmscore_jni.so: unused DT entry: type 0x1d arg 0xe0
08-10 18:54:03.882 32483 32562 W linker  : /data/app/com.google.android.gms-2/lib/arm/libconscrypt_gmscore_jni.so: unused DT entry: type 0x7ffffffd arg 0x1c7
08-10 18:54:03.887 32483 32562 V JNIHelp : Registering com/google/android/gms/org/conscrypt/NativeCrypto's 255 native methods...
08-10 18:54:03.919 32483 32562 I ProviderInstaller: Installed default security provider GmsCore_OpenSSL
08-10 18:54:04.247 25617 25671 V ClClient: RECV(19)  +0,5s	KeepAliveResponse_5{hasEstablishedSession=true}
08-10 18:54:04.375   625   807 I ActivityManager: Start proc 32727:com.google.android.apps.cloudprint/u0a71 for broadcast com.google.android.apps.cloudprint/.printdialog.receivers.UpgradeBroadcastReceiver
08-10 18:54:04.376   625   807 I ActivityManager: Killing 31929:com.google.android.apps.photos/u0a89 (adj 15): empty #17
08-10 18:54:04.601  1565 25061 I Icing   : Indexing 1B4F962FEF5C03D921E3A7B0701195EE0DFF3FE0 from com.google.android.googlequicksearchbox
08-10 18:54:04.601  1565 25061 E Icing   : Not enough disk space for indexing
08-10 18:54:04.601  1565 25061 I Icing   : Cannot sync untrimmable corpus: no sync
08-10 18:54:04.601  1565 25061 I Icing   : Indexing done 1B4F962FEF5C03D921E3A7B0701195EE0DFF3FE0
08-10 18:54:04.601  1565 25061 E Icing   : Aborting indexing of corpus applications_uri
08-10 18:54:04.772 32727 32727 W System  : ClassLoader referenced unknown path: /system/app/CloudPrint2/lib/arm
08-10 18:54:04.860 32512 32551 I chatty  : uid=10097(io.cordova.hellocordova) expire 7 lines
08-10 18:54:05.589  1134  1152 D BluetoothAdapter: stopLeScan()
08-10 18:54:05.598  1134  1152 D BluetoothAdapter: startLeScan(): null
08-10 18:54:05.598  1134  1152 E BluetoothAdapter: startLeScan: cannot get BluetoothLeScanner
08-10 18:54:05.961   625   808 I ActivityManager: Killing 31993:com.amazon.mShop.android.shopping/u0a101 (adj 15): empty #17
08-10 18:54:05.968  1565 32742 D PkgBroadcastIntentOp: Received broadcast action=android.intent.action.PACKAGE_REPLACED and uri=io.cordova.hellocordova
08-10 18:54:05.991   625   718 D WifiService: Client connection lost with reason: 4
08-10 18:54:06.057   625   719 D ConnectivityService: updateNetworkScore for NetworkAgentInfo [WIFI () - 199] to 56
08-10 18:54:06.092  1565  1565 D AsyncTaskServiceImpl: Submit a task: nwp
08-10 18:54:06.172  1713  1713 E NetworkScheduler.SR: Invalid parameter app
08-10 18:54:06.172  1713  1713 E NetworkScheduler.SR: Invalid package name : Perhaps you didn't include a PendingIntent in the extras?
08-10 18:54:06.184   625  1361 I ActivityManager: Start proc 32744:com.google.android.apps.magazines/u0a87 for broadcast com.google.android.apps.magazines/com.google.apps.dots.android.app.receiver.FirstInstallNotificationReceiver
08-10 18:54:06.196  1565 25061 D nwp     : Processing package: io.cordova.hellocordova
08-10 18:54:06.263  1565 25061 D GassUtils: Found app info for package io.cordova.hellocordova:10000. Hash: c3791f33c5006e442242c88e2613d537fa2b37fd0fe09be5d6183d0b17fb134a
08-10 18:54:06.263  1565 25061 D nwp     : Found info for package io.cordova.hellocordova in db.
08-10 18:54:06.339  1188  1188 I LatinIME: Starting input. Cursor position = 5,5
08-10 18:54:07.005 32744 32744 W System  : ClassLoader referenced unknown path: /data/app/com.google.android.apps.magazines-1/lib/arm
08-10 18:54:07.238 32744 32744 I MultiDex: VM with version 2.1.0 has multidex support
08-10 18:54:07.238 32744 32744 I MultiDex: install
08-10 18:54:07.238 32744 32744 I MultiDex: VM has multidex support, MultiDex support library is disabled.
08-10 18:54:07.558  1565 25061 I Icing   : Indexing 886FF685B88DDE671DC48F08A189E27DF3608665 from com.google.android.gms
08-10 18:54:07.558  1565 25061 E Icing   : Not enough disk space for indexing
08-10 18:54:07.559  1565 25061 I Icing   : Cannot sync untrimmable corpus: no sync
08-10 18:54:07.559  1565 25061 I Icing   : Indexing done 886FF685B88DDE671DC48F08A189E27DF3608665
08-10 18:54:07.559  1565 25061 E Icing   : Aborting indexing of corpus apps
08-10 18:54:07.752 32744 32744 I GAv4    : Google Analytics 8.2.98 is starting up. To enable debug logging on a device run:
08-10 18:54:07.752 32744 32744 I GAv4    :   adb shell setprop log.tag.GAv4 DEBUG
08-10 18:54:07.752 32744 32744 I GAv4    :   adb logcat -s GAv4
08-10 18:54:07.813 32744 32744 W GAv4    : AnalyticsReceiver is not registered or is disabled. Register the receiver for reliable dispatching on non-Google Play devices. See http://goo.gl/8Rd3yj for instructions.
08-10 18:54:07.854 32744 32755 W art     : Suspending all threads took: 12.421ms
08-10 18:54:07.858 32744 32764 W GAv4    : AnalyticsService not registered in the app manifest. Hits might not be delivered reliably. See http://goo.gl/8Rd3yj for instructions.
08-10 18:54:08.059 32744 32744 W System  : ClassLoader referenced unknown path: /system/framework/tcmclient.jar
08-10 18:54:08.064 32744 32744 W System  : ClassLoader referenced unknown path: /system/framework/tcmclient.jar
08-10 18:54:08.096   625   683 I chatty  : uid=1000(system) SensorService expire 56 lines
08-10 18:54:08.283 32744 32744 I NSApplication: Starting up...
08-10 18:54:08.297   625   807 I ActivityManager: Start proc 320:com.google.android.apps.photos/u0a89 for broadcast com.google.android.apps.photos/.experiments.phenotype.AppUpgradeBroadcastReceiver
08-10 18:54:08.300   625   807 I ActivityManager: Killing 32348:com.android.defcontainer/u0a7 (adj 15): empty #17
08-10 18:54:08.394  1565  1565 V Herrevad: NQAS connected
08-10 18:54:08.491  1565 25061 W LocalPredictor: On wifi, but couldn't get security type
08-10 18:54:08.609  1134  1152 D BluetoothAdapter: stopLeScan()
08-10 18:54:08.614  1134  1152 D BluetoothAdapter: startLeScan(): null
08-10 18:54:08.614  1134  1152 E BluetoothAdapter: startLeScan: cannot get BluetoothLeScanner
08-10 18:54:09.071   625   719 D ConnectivityService: notifyType CAP_CHANGED for NetworkAgentInfo [WIFI () - 199]
08-10 18:54:09.285   625  1362 I ActivityManager: Start proc 347:it.wind.myWind/u0a110 for broadcast it.wind.myWind/com.xtify.sdk.wi.AlarmReceiver
08-10 18:54:09.530   625  1360 I ActivityManager: Killing 32466:com.android.keychain/1000 (adj 15): empty #17
08-10 18:54:09.572 32362   372 I chatty  : uid=10026(com.android.vending) expire 1 line
08-10 18:54:09.578 32362 32378 I chatty  : uid=10026(com.android.vending) droid.play.a.al expire 6 lines
08-10 18:54:09.609 32362   374 I chatty  : uid=10026(com.android.vending) PlayEventLogger expire 2 lines
08-10 18:54:09.637  1713  1713 I Auth    : [AuthDelegateWrapper] Service intent: Intent { cmp=com.google.android.gms/.auth.account.authenticator.DefaultAuthDelegateService }.
08-10 18:54:09.648  1713  1713 I Auth    : [AuthDelegateWrapper] Service intent: Intent { cmp=com.google.android.gms/.auth.account.authenticator.DefaultAuthDelegateService }.
08-10 18:54:09.649  1713  1713 I Auth    : [AuthDelegateWrapper] Service intent: Intent { cmp=com.google.android.gms/.auth.account.authenticator.DefaultAuthDelegateService }.
08-10 18:54:09.770 32512 32512 I chatty  : uid=10097(io.cordova.hellocordova) expire 40 lines
08-10 18:54:09.922 32512   379 I chatty  : uid=10097(io.cordova.hellocordova) expire 59 lines
08-10 18:54:10.044   625  3711 I ActivityManager: Start proc 388:com.google.android.apps.plus/u0a80 for service com.google.android.apps.plus/com.google.android.apps.photos.service.PhotosService
08-10 18:54:10.154 32512   380 I chatty  : uid=10097(io.cordova.hellocordova) expire 1 line
08-10 18:54:10.356 26315 26331 E DatabaseUtils: Writing exception to parcel
08-10 18:54:10.356 26315 26331 E DatabaseUtils: java.lang.SecurityException: Permission Denial: reading com.android.providers.media.MediaProvider uri content://media/external/fs_id from pid=388, uid=10080 requires android.permission.READ_EXTERNAL_STORAGE, or grantUriPermission()
08-10 18:54:10.356 26315 26331 E DatabaseUtils: 	at android.content.ContentProvider.enforceReadPermissionInner(ContentProvider.java:605)
08-10 18:54:10.356 26315 26331 E DatabaseUtils: 	at android.content.ContentProvider$Transport.enforceReadPermission(ContentProvider.java:480)
08-10 18:54:10.356 26315 26331 E DatabaseUtils: 	at android.content.ContentProvider$Transport.query(ContentProvider.java:211)
08-10 18:54:10.356 26315 26331 E DatabaseUtils: 	at android.content.ContentProviderNative.onTransact(ContentProviderNative.java:112)
08-10 18:54:10.356 26315 26331 E DatabaseUtils: 	at android.os.Binder.execTransact(Binder.java:453)
08-10 18:54:10.540   625   717 I chatty  : uid=1000(system) WifiStateMachin expire 7 lines
08-10 18:54:10.598  1713  1724 I art     : Background sticky concurrent mark sweep GC freed 24313(3MB) AllocSpace objects, 0(0B) LOS objects, 22% free, 12MB/16MB, paused 17.579ms total 107.401ms
08-10 18:54:10.610  1713  1722 E DataBuffer: Internal data leak within a DataBuffer object detected!  Be sure to explicitly call release() on all DataBuffer extending objects when you are done with them. (internal object: com.google.android.gms.common.data.DataHolder@d51fa64)
08-10 18:54:10.695   320   373 W TrustedPartners: no provider found for com.motorola.camera.provider.bestshotprovider.BestShotProvider; do not trust
08-10 18:54:10.698   320   373 W TrustedPartners: no provider found for com.google.android.apps.photos.api.SpecialTypesProvider; do not trust
08-10 18:54:10.698   320   373 W TrustedPartners: no provider found for com.lge.photos.specialtypeprovider; do not trust
08-10 18:54:10.712  1713  1949 W System.err: java.lang.Exception: Error converting session
08-10 18:54:10.759  1713  1949 W System.err: 	at rtz.log(:com.google.android.gms:302)
08-10 18:54:10.760  1713  1949 W System.err: 	at rtz.toSession(:com.google.android.gms:269)
08-10 18:54:10.760  1713  1949 W System.err: 	at com.google.android.gms.org.conscrypt.ClientSessionContext.getSession(:com.google.android.gms:87)
08-10 18:54:10.760  1713  1949 W System.err: 	at com.google.android.gms.org.conscrypt.SSLParametersImpl.getCachedClientSession(:com.google.android.gms:710)
08-10 18:54:10.760  1713  1949 W System.err: 	at com.google.android.gms.org.conscrypt.SSLParametersImpl.getSessionToReuse(:com.google.android.gms:377)
08-10 18:54:10.760  1713  1949 W System.err: 	at com.google.android.gms.org.conscrypt.OpenSSLSocketImpl.startHandshake(:com.google.android.gms:310)
08-10 18:54:10.760  1713  1949 W System.err: 	at com.google.android.gms.common.net.SSLCertificateSocketFactory.verifyHostname(:com.google.android.gms:217)
08-10 18:54:10.760  1713  1949 W System.err: 	at com.google.android.gms.common.net.SSLCertificateSocketFactory.createSocket(:com.google.android.gms:507)
08-10 18:54:10.760  1713  1949 W System.err: 	at com.android.okhttp.internal.http.SocketConnector.connectTls(SocketConnector.java:89)
08-10 18:54:10.760  1713  1949 W System.err: 	at com.android.okhttp.Connection.connect(Connection.java:143)
08-10 18:54:10.760  1713  1949 W System.err: 	at com.android.okhttp.Connection.connectAndSetOwner(Connection.java:185)
08-10 18:54:10.760  1713  1949 W System.err: 	at com.android.okhttp.OkHttpClient$1.connectAndSetOwner(OkHttpClient.java:128)
08-10 18:54:10.760  1713  1949 W System.err: 	at com.android.okhttp.internal.http.HttpEngine.nextConnection(HttpEngine.java:341)
08-10 18:54:10.760  1713  1949 W System.err: 	at com.android.okhttp.internal.http.HttpEngine.connect(HttpEngine.java:330)
08-10 18:54:10.760  1713  1949 W System.err: 	at com.android.okhttp.internal.http.HttpEngine.sendRequest(HttpEngine.java:248)
08-10 18:54:10.760  1713  1949 W System.err: 	at com.android.okhttp.internal.huc.HttpURLConnectionImpl.execute(HttpURLConnectionImpl.java:437)
08-10 18:54:10.760  1713  1949 W System.err: 	at com.android.okhttp.internal.huc.HttpURLConnectionImpl.connect(HttpURLConnectionImpl.java:114)
08-10 18:54:10.760  1713  1949 W System.err: 	at com.android.okhttp.internal.huc.HttpURLConnectionImpl.getOutputStream(HttpURLConnectionImpl.java:245)
08-10 18:54:10.760  1713  1949 W System.err: 	at com.android.okhttp.internal.huc.DelegatingHttpsURLConnection.getOutputStream(DelegatingHttpsURLConnection.java:218)
08-10 18:54:10.760  1713  1949 W System.err: 	at com.android.okhttp.internal.huc.HttpsURLConnectionImpl.getOutputStream(HttpsURLConnectionImpl.java)
08-10 18:54:10.760  1713  1949 W System.err: 	at com.google.android.gms.http.GoogleHttpClient.a(:com.google.android.gms:943)
08-10 18:54:10.760  1713  1949 W System.err: 	at com.google.android.gms.http.GoogleHttpClient.a(:com.google.android.gms:761)
08-10 18:54:10.760  1713  1949 W System.err: 	at com.google.android.gms.http.GoogleHttpClient.execute(:com.google.android.gms:660)
08-10 18:54:10.760  1713  1949 W System.err: 	at egr.a(:com.google.android.gms:87)
08-10 18:54:10.760  1713  1949 W System.err: 	at egr.a(:com.google.android.gms:135)
08-10 18:54:10.760  1713  1949 W System.err: 	at dcc.a(:com.google.android.gms:24157)
08-10 18:54:10.760  1713  1949 W System.err: 	at dap.a(:com.google.android.gms:397)
08-10 18:54:10.761  1713  1949 W System.err: 	at dao.a(:com.google.android.gms:31369)
08-10 18:54:10.761  1713  1949 W System.err: 	at dao.a(:com.google.android.gms:313)
08-10 18:54:10.761  1713  1949 W System.err: 	at ece.a(:com.google.android.gms:1201)
08-10 18:54:10.761  1713  1949 W System.err: 	at ecd.a(:com.google.android.gms:530)
08-10 18:54:10.761  1713  1949 W System.err: 	at ecd.a(:com.google.android.gms:196)
08-10 18:54:10.761  1713  1949 W System.err: 	at cxm.a(:com.google.android.gms:287)
08-10 18:54:10.761  1713  1949 W System.err: 	at cxm.a(:com.google.android.gms:207)
08-10 18:54:10.761  1713  1949 W System.err: 	at bcv.onTransact(:com.google.android.gms:137)
08-10 18:54:10.761  1713  1949 W System.err: 	at android.os.Binder.execTransact(Binder.java:453)
08-10 18:54:10.761  1713  1949 W System.err: Caused by: java.io.IOException: Invalid session data
08-10 18:54:10.761  1713  1949 W System.err: 	at com.google.android.gms.org.conscrypt.OpenSSLSessionImpl.<init>(:com.google.android.gms:88)
08-10 18:54:10.761  1713  1949 W System.err: 	at rtz.toSession(:com.google.android.gms:267)
08-10 18:54:10.761  1713  1949 W System.err: 	... 34 more
08-10 18:54:11.039   625   821 W ActivityManager: Permission Denial: opening provider com.android.providers.contacts.ContactsProvider2 from ProcessRecord{9edd8de 388:com.google.android.apps.plus/u0a80} (pid=388, uid=10080) requires android.permission.READ_CONTACTS or android.permission.WRITE_CONTACTS
08-10 18:54:11.051   625 11369 W ActivityManager: Permission Denial: opening provider com.android.providers.contacts.ContactsProvider2 from ProcessRecord{9edd8de 388:com.google.android.apps.plus/u0a80} (pid=388, uid=10080) requires android.permission.READ_CONTACTS or android.permission.WRITE_CONTACTS
08-10 18:54:11.053   625 11370 W ActivityManager: Permission Denial: opening provider com.android.providers.contacts.ContactsProvider2 from ProcessRecord{9edd8de 388:com.google.android.apps.plus/u0a80} (pid=388, uid=10080) requires android.permission.READ_CONTACTS or android.permission.WRITE_CONTACTS
08-10 18:54:11.074   388   427 E GooglePlusContactsSync: Failed to clear out contacts
08-10 18:54:11.074   388   427 E GooglePlusContactsSync: java.lang.SecurityException: Permission Denial: opening provider com.android.providers.contacts.ContactsProvider2 from ProcessRecord{9edd8de 388:com.google.android.apps.plus/u0a80} (pid=388, uid=10080) requires android.permission.READ_CONTACTS or android.permission.WRITE_CONTACTS
08-10 18:54:11.074   388   427 E GooglePlusContactsSync: 	at android.os.Parcel.readException(Parcel.java:1620)
08-10 18:54:11.074   388   427 E GooglePlusContactsSync: 	at android.os.Parcel.readException(Parcel.java:1573)
08-10 18:54:11.074   388   427 E GooglePlusContactsSync: 	at android.app.ActivityManagerProxy.getContentProvider(ActivityManagerNative.java:3572)
08-10 18:54:11.074   388   427 E GooglePlusContactsSync: 	at android.app.ActivityThread.acquireProvider(ActivityThread.java:4827)
08-10 18:54:11.074   388   427 E GooglePlusContactsSync: 	at android.app.ContextImpl$ApplicationContentResolver.acquireUnstableProvider(ContextImpl.java:2062)
08-10 18:54:11.074   388   427 E GooglePlusContactsSync: 	at android.content.ContentResolver.acquireUnstableProvider(ContentResolver.java:1473)
08-10 18:54:11.074   388   427 E GooglePlusContactsSync: 	at android.content.ContentResolver.query(ContentResolver.java:477)
08-10 18:54:11.074   388   427 E GooglePlusContactsSync: 	at android.content.ContentResolver.query(ContentResolver.java:435)
08-10 18:54:11.074   388   427 E GooglePlusContactsSync: 	at dpm.a(PG:397)
08-10 18:54:11.074   388   427 E GooglePlusContactsSync: 	at dpm.b(PG:1345)
08-10 18:54:11.074   388   427 E GooglePlusContactsSync: 	at dpn.run(PG:282)
08-10 18:54:11.074   388   427 E GooglePlusContactsSync: 	at java.lang.Thread.run(Thread.java:818)
08-10 18:54:11.217   625  3711 D ConnectivityService: listenForNetwork for Listen from uid/pid:10089/320 for NetworkRequest [ id=159, legacyType=-1, [ Capabilities: INTERNET&NOT_RESTRICTED&TRUSTED] ]
08-10 18:54:11.236   320   346 I art     : Note: end time exceeds epoch: 
08-10 18:54:11.559   320   346 I art     : Note: end time exceeds epoch: 
08-10 18:54:11.623  1134  1152 D BluetoothAdapter: stopLeScan()
08-10 18:54:11.631  1134  1152 D BluetoothAdapter: startLeScan(): null
08-10 18:54:11.631  1134  1152 E BluetoothAdapter: startLeScan: cannot get BluetoothLeScanner
08-10 18:54:11.764   320   346 I art     : Note: end time exceeds epoch: 
08-10 18:54:11.766   320   346 I art     : Note: end time exceeds epoch: 
08-10 18:54:11.952  1713   367 E SQLiteLog: (5) database is locked
08-10 18:54:11.958  1713   367 E SQLiteDatabase: Failed to open database '/data/user/0/com.google.android.gms/databases/phenotype.db'.
08-10 18:54:11.958  1713   367 E SQLiteDatabase: android.database.sqlite.SQLiteDatabaseLockedException: database is locked (code 5): , while compiling: PRAGMA journal_mode
08-10 18:54:11.958  1713   367 E SQLiteDatabase: 	at android.database.sqlite.SQLiteConnection.nativePrepareStatement(Native Method)
08-10 18:54:11.958  1713   367 E SQLiteDatabase: 	at android.database.sqlite.SQLiteConnection.acquirePreparedStatement(SQLiteConnection.java:889)
08-10 18:54:11.958  1713   367 E SQLiteDatabase: 	at android.database.sqlite.SQLiteConnection.executeForString(SQLiteConnection.java:634)
08-10 18:54:11.958  1713   367 E SQLiteDatabase: 	at android.database.sqlite.SQLiteConnection.setJournalMode(SQLiteConnection.java:318)
08-10 18:54:11.958  1713   367 E SQLiteDatabase: 	at android.database.sqlite.SQLiteConnection.setWalModeFromConfiguration(SQLiteConnection.java:292)
08-10 18:54:11.958  1713   367 E SQLiteDatabase: 	at android.database.sqlite.SQLiteConnection.open(SQLiteConnection.java:213)
08-10 18:54:11.958  1713   367 E SQLiteDatabase: 	at android.database.sqlite.SQLiteConnection.open(SQLiteConnection.java:191)
08-10 18:54:11.958  1713   367 E SQLiteDatabase: 	at android.database.sqlite.SQLiteConnectionPool.openConnectionLocked(SQLiteConnectionPool.java:463)
08-10 18:54:11.958  1713   367 E SQLiteDatabase: 	at android.database.sqlite.SQLiteConnectionPool.open(SQLiteConnectionPool.java:185)
08-10 18:54:11.958  1713   367 E SQLiteDatabase: 	at android.database.sqlite.SQLiteConnectionPool.open(SQLiteConnectionPool.java:177)
08-10 18:54:11.958  1713   367 E SQLiteDatabase: 	at android.database.sqlite.SQLiteDatabase.openInner(SQLiteDatabase.java:806)
08-10 18:54:11.958  1713   367 E SQLiteDatabase: 	at android.database.sqlite.SQLiteDatabase.open(SQLiteDatabase.java:791)
08-10 18:54:11.958  1713   367 E SQLiteDatabase: 	at android.database.sqlite.SQLiteDatabase.openDatabase(SQLiteDatabase.java:694)
08-10 18:54:11.958  1713   367 E SQLiteDatabase: 	at android.app.ContextImpl.openOrCreateDatabase(ContextImpl.java:583)
08-10 18:54:11.958  1713   367 E SQLiteDatabase: 	at android.app.ContextImpl.openOrCreateDatabase(ContextImpl.java:572)
08-10 18:54:11.958  1713   367 E SQLiteDatabase: 	at android.content.ContextWrapper.openOrCreateDatabase(ContextWrapper.java:269)
08-10 18:54:11.958  1713   367 E SQLiteDatabase: 	at android.content.ContextWrapper.openOrCreateDatabase(ContextWrapper.java:269)
08-10 18:54:11.958  1713   367 E SQLiteDatabase: 	at irl.c(:com.google.android.gms:216)
08-10 18:54:11.958  1713   367 E SQLiteDatabase: 	at irl.d(:com.google.android.gms:187)
08-10 18:54:11.958  1713   367 E SQLiteDatabase: 	at irg.a(:com.google.android.gms:1519)
08-10 18:54:11.958  1713   367 E SQLiteDatabase: 	at tey.a(:com.google.android.gms:123)
08-10 18:54:11.958  1713   367 E SQLiteDatabase: 	at tep.a(:com.google.android.gms:1064)
08-10 18:54:11.958  1713   367 E SQLiteDatabase: 	at gpq.run(:com.google.android.gms:188)
08-10 18:54:11.958  1713   367 E SQLiteDatabase: 	at java.util.concurrent.ThreadPoolExecutor.runWorker(ThreadPoolExecutor.java:1113)
08-10 18:54:11.958  1713   367 E SQLiteDatabase: 	at java.util.concurrent.ThreadPoolExecutor$Worker.run(ThreadPoolExecutor.java:588)
08-10 18:54:11.958  1713   367 E SQLiteDatabase: 	at java.lang.Thread.run(Thread.java:818)
08-10 18:54:11.960  1713   367 E PhenotypeChimeraIntentService: database is locked (code 5): , while compiling: PRAGMA journal_mode
08-10 18:54:11.960  1713   367 E PhenotypeChimeraIntentService: android.database.sqlite.SQLiteDatabaseLockedException: database is locked (code 5): , while compiling: PRAGMA journal_mode
08-10 18:54:11.960  1713   367 E PhenotypeChimeraIntentService: 	at android.database.sqlite.SQLiteConnection.nativePrepareStatement(Native Method)
08-10 18:54:11.960  1713   367 E PhenotypeChimeraIntentService: 	at android.database.sqlite.SQLiteConnection.acquirePreparedStatement(SQLiteConnection.java:889)
08-10 18:54:11.960  1713   367 E PhenotypeChimeraIntentService: 	at android.database.sqlite.SQLiteConnection.executeForString(SQLiteConnection.java:634)
08-10 18:54:11.960  1713   367 E PhenotypeChimeraIntentService: 	at android.database.sqlite.SQLiteConnection.setJournalMode(SQLiteConnection.java:318)
08-10 18:54:11.960  1713   367 E PhenotypeChimeraIntentService: 	at android.database.sqlite.SQLiteConnection.setWalModeFromConfiguration(SQLiteConnection.java:292)
08-10 18:54:11.960  1713   36