08-10 10:40:31.034   212   612 E NetlinkEvent: NetlinkEvent::FindParam(): Parameter 'UID' not found
08-10 10:40:31.131   212   612 E NetlinkEvent: NetlinkEvent::FindParam(): Parameter 'UID' not found
08-10 10:41:02.020   212   612 E NetlinkEvent: NetlinkEvent::FindParam(): Parameter 'UID' not found
08-10 10:41:30.016   212   612 E NetlinkEvent: NetlinkEvent::FindParam(): Parameter 'UID' not found
08-10 10:41:30.078   212   612 E NetlinkEvent: NetlinkEvent::FindParam(): Parameter 'UID' not found
08-10 10:41:30.710   212   612 E NetlinkEvent: NetlinkEvent::FindParam(): Parameter 'UID' not found
08-10 10:42:04.098   212   612 E NetlinkEvent: NetlinkEvent::FindParam(): Parameter 'UID' not found
08-10 10:42:04.112   212   612 E NetlinkEvent: NetlinkEvent::FindParam(): Parameter 'UID' not found
08-10 10:42:04.614  1713  1713 I chatty  : uid=10012 com.google.android.gms.persistent expire 40 lines
08-10 10:42:04.638 11703 11715 I chatty  : uid=10012 com.google.android.gms.unstable expire 40 lines
08-10 10:42:21.189   212   612 E NetlinkEvent: NetlinkEvent::FindParam(): Parameter 'UID' not found
08-10 10:43:00.017   212   612 E NetlinkEvent: NetlinkEvent::FindParam(): Parameter 'UID' not found
08-10 10:43:00.040   212   612 E NetlinkEvent: NetlinkEvent::FindParam(): Parameter 'UID' not found
08-10 10:43:10.017   212   612 E NetlinkEvent: NetlinkEvent::FindParam(): Parameter 'UID' not found
08-10 10:44:30.022   212   612 E NetlinkEvent: NetlinkEvent::FindParam(): Parameter 'UID' not found
08-10 10:44:40.013   212   612 E NetlinkEvent: NetlinkEvent::FindParam(): Parameter 'UID' not found
08-10 10:45:39.072   212   612 E NetlinkEvent: NetlinkEvent::FindParam(): Parameter 'UID' not found
08-10 10:45:39.158   212   612 E NetlinkEvent: NetlinkEvent::FindParam(): Parameter 'UID' not found
08-10 10:46:00.021   212   612 E NetlinkEvent: NetlinkEvent::FindParam(): Parameter 'UID' not found
08-10 10:46:05.013   212   612 E NetlinkEvent: NetlinkEvent::FindParam(): Parameter 'UID' not found
08-10 10:47:30.021   212   612 E NetlinkEvent: NetlinkEvent::FindParam(): Parameter 'UID' not found
08-10 10:47:40.012   212   612 E NetlinkEvent: NetlinkEvent::FindParam(): Parameter 'UID' not found
08-10 10:48:32.102   212   612 E NetlinkEvent: NetlinkEvent::FindParam(): Parameter 'UID' not found
08-10 10:48:32.140   212   612 E NetlinkEvent: NetlinkEvent::FindParam(): Parameter 'UID' not found
08-10 10:49:00.020   212   612 E NetlinkEvent: NetlinkEvent::FindParam(): Parameter 'UID' not found
08-10 10:49:10.012   212   612 E NetlinkEvent: NetlinkEvent::FindParam(): Parameter 'UID' not found
08-10 10:50:10.062   212   612 E NetlinkEvent: NetlinkEvent::FindParam(): Parameter 'UID' not found
08-10 10:50:10.549   212   612 E NetlinkEvent: NetlinkEvent::FindParam(): Parameter 'UID' not found
08-10 10:50:28.014   212   612 E NetlinkEvent: NetlinkEvent::FindParam(): Parameter 'UID' not found
08-10 10:50:28.151   212   612 E NetlinkEvent: NetlinkEvent::FindParam(): Parameter 'UID' not found
08-10 10:51:08.085   212   612 E NetlinkEvent: NetlinkEvent::FindParam(): Parameter 'UID' not found
08-10 10:51:27.012   212   612 E NetlinkEvent: NetlinkEvent::FindParam(): Parameter 'UID' not found
08-10 10:51:27.036   212   612 E NetlinkEvent: NetlinkEvent::FindParam(): Parameter 'UID' not found
08-10 10:52:00.017   212   612 E NetlinkEvent: NetlinkEvent::FindParam(): Parameter 'UID' not found
08-10 10:52:00.042   212   612 E NetlinkEvent: NetlinkEvent::FindParam(): Parameter 'UID' not found
08-10 10:52:10.013   212   612 E NetlinkEvent: NetlinkEvent::FindParam(): Parameter 'UID' not found
08-10 10:54:01.020   212   612 E NetlinkEvent: NetlinkEvent::FindParam(): Parameter 'UID' not found
08-10 10:54:38.017   212   612 E NetlinkEvent: NetlinkEvent::FindParam(): Parameter 'UID' not found
08-10 10:54:38.044   212   612 E NetlinkEvent: NetlinkEvent::FindParam(): Parameter 'UID' not found
08-10 10:54:44.173   212   612 E NetlinkEvent: NetlinkEvent::FindParam(): Parameter 'UID' not found
08-10 10:55:28.015   212   612 E NetlinkEvent: NetlinkEvent::FindParam(): Parameter 'UID' not found
08-10 10:55:31.018   212   612 E NetlinkEvent: NetlinkEvent::FindParam(): Parameter 'UID' not found
08-10 10:56:11.021   212   612 E NetlinkEvent: NetlinkEvent::FindParam(): Parameter 'UID' not found
08-10 10:56:11.076   212   612 E NetlinkEvent: NetlinkEvent::FindParam(): Parameter 'UID' not found
08-10 10:56:21.013   625   709 I chatty  : uid=1000(system) InputReader expire 13 lines
08-10 10:57:50.034   212   612 E NetlinkEvent: NetlinkEvent::FindParam(): Parameter 'UID' not found
08-10 10:58:31.012   212   612 E NetlinkEvent: NetlinkEvent::FindParam(): Parameter 'UID' not found
08-10 10:58:31.034   212   612 E NetlinkEvent: NetlinkEvent::FindParam(): Parameter 'UID' not found
08-10 10:58:40.017   212   612 E NetlinkEvent: NetlinkEvent::FindParam(): Parameter 'UID' not found
08-10 11:00:01.015   212   612 E NetlinkEvent: NetlinkEvent::FindParam(): Parameter 'UID' not found
08-10 11:00:10.010   212   612 E NetlinkEvent: NetlinkEvent::FindParam(): Parameter 'UID' not found
08-10 11:00:29.071   212   612 E NetlinkEvent: NetlinkEvent::FindParam(): Parameter 'UID' not found
08-10 11:00:29.177   212   612 E NetlinkEvent: NetlinkEvent::FindParam(): Parameter 'UID' not found
08-10 11:01:53.032   212   612 E NetlinkEvent: NetlinkEvent::FindParam(): Parameter 'UID' not found
08-10 11:02:11.011   212   612 E NetlinkEvent: NetlinkEvent::FindParam(): Parameter 'UID' not found
08-10 11:02:11.033   212   612 E NetlinkEvent: NetlinkEvent::FindParam(): Parameter 'UID' not found
08-10 11:03:01.058   212   612 E NetlinkEvent: NetlinkEvent::FindParam(): Parameter 'UID' not found
08-10 11:03:58.015   212   612 E NetlinkEvent: NetlinkEvent::FindParam(): Parameter 'UID' not found
08-10 11:04:31.017   212   612 E NetlinkEvent: NetlinkEvent::FindParam(): Parameter 'UID' not found
08-10 11:04:31.045   212   612 E NetlinkEvent: NetlinkEvent::FindParam(): Parameter 'UID' not found
08-10 11:05:11.017   212   612 E NetlinkEvent: NetlinkEvent::FindParam(): Parameter 'UID' not found
08-10 11:05:11.044   212   612 E NetlinkEvent: NetlinkEvent::FindParam(): Parameter 'UID' not found
08-10 11:05:26.013   212   612 E NetlinkEvent: NetlinkEvent::FindParam(): Parameter 'UID' not found
08-10 11:06:01.020   212   612 E NetlinkEvent: NetlinkEvent::FindParam(): Parameter 'UID' not found
08-10 11:07:31.017   212   612 E NetlinkEvent: NetlinkEvent::FindParam(): Parameter 'UID' not found
08-10 11:07:31.078   212   612 E NetlinkEvent: NetlinkEvent::FindParam(): Parameter 'UID' not found
08-10 11:07:36.012   212   612 E NetlinkEvent: NetlinkEvent::FindParam(): Parameter 'UID' not found
08-10 11:07:50.048   212   612 E NetlinkEvent: NetlinkEvent::FindParam(): Parameter 'UID' not found
08-10 11:07:50.140   212   612 E NetlinkEvent: NetlinkEvent::FindParam(): Parameter 'UID' not found
08-10 11:08:11.090   212   612 E NetlinkEvent: NetlinkEvent::FindParam(): Parameter 'UID' not found
08-10 11:08:41.017   212   612 E NetlinkEvent: NetlinkEvent::FindParam(): Parameter 'UID' not found
08-10 11:08:41.087   212   612 E NetlinkEvent: NetlinkEvent::FindParam(): Parameter 'UID' not found
08-10 11:08:42.202   212   612 E NetlinkEvent: NetlinkEvent::FindParam(): Parameter 'UID' not found
08-10 11:09:22.030   212   612 E NetlinkEvent: NetlinkEvent::FindParam(): Parameter 'UID' not found
08-10 11:09:45.048   212   612 E NetlinkEvent: NetlinkEvent::FindParam(): Parameter 'UID' not found
08-10 11:09:45.068   212   612 E NetlinkEvent: NetlinkEvent::FindParam(): Parameter 'UID' not found
08-10 11:09:45.153   212   612 E NetlinkEvent: NetlinkEvent::FindParam(): Parameter 'UID' not found
08-10 11:10:11.019   212   612 E NetlinkEvent: NetlinkEvent::FindParam(): Parameter 'UID' not found
08-10 11:10:39.129   212   612 E NetlinkEvent: NetlinkEvent::FindParam(): Parameter 'UID' not found
08-10 11:10:55.011   625   653 I chatty  : uid=1000(system) PowerManagerSer expire 11 lines
08-10 11:13:03.020   212   612 E NetlinkEvent: NetlinkEvent::FindParam(): Parameter 'UID' not found
08-10 11:13:03.036   212   612 E NetlinkEvent: NetlinkEvent::FindParam(): Parameter 'UID' not found
08-10 11:13:25.082   212   612 E NetlinkEvent: NetlinkEvent::FindParam(): Parameter 'UID' not found
08-10 11:14:00.017   212   612 E NetlinkEvent: NetlinkEvent::FindParam(): Parameter 'UID' not found
08-10 11:14:00.075   212   612 E NetlinkEvent: NetlinkEvent::FindParam(): Parameter 'UID' not found
08-10 11:14:01.148   212   612 E NetlinkEvent: NetlinkEvent::FindParam(): Parameter 'UID' not found
08-10 11:14:41.020   212   612 E NetlinkEvent: NetlinkEvent::FindParam(): Parameter 'UID' not found
08-10 11:14:45.013   212   612 E NetlinkEvent: NetlinkEvent::FindParam(): Parameter 'UID' not found
08-10 11:15:31.016   212   612 E NetlinkEvent: NetlinkEvent::FindParam(): Parameter 'UID' not found
08-10 11:15:39.115   212   612 E NetlinkEvent: NetlinkEvent::FindParam(): Parameter 'UID' not found
08-10 11:16:11.086   212   612 E NetlinkEvent: NetlinkEvent::FindParam(): Parameter 'UID' not found
08-10 11:16:11.284   212   612 E NetlinkEvent: NetlinkEvent::FindParam(): Parameter 'UID' not found
08-10 11:16:41.020   212   612 E NetlinkEvent: NetlinkEvent::FindParam(): Parameter 'UID' not found
08-10 11:17:01.017   212   612 E NetlinkEvent: NetlinkEvent::FindParam(): Parameter 'UID' not found
08-10 11:17:01.088   212   612 E NetlinkEvent: NetlinkEvent::FindParam(): Parameter 'UID' not found
08-10 11:17:06.012   212   612 E NetlinkEvent: NetlinkEvent::FindParam(): Parameter 'UID' not found
08-10 11:17:30.030   212   612 E NetlinkEvent: NetlinkEvent::FindParam(): Parameter 'UID' not found
08-10 11:17:43.379   212   612 E NetlinkEvent: NetlinkEvent::FindParam(): Parameter 'UID' not found
08-10 11:17:43.457   625   719 I chatty  : uid=1000(system) ConnectivitySer expire 10 lines
08-10 11:18:23.026   212   612 E NetlinkEvent: NetlinkEvent::FindParam(): Parameter 'UID' not found
08-10 11:18:23.591   212   612 E NetlinkEvent: NetlinkEvent::FindParam(): Parameter 'UID' not found
08-10 11:18:25.469   625 26783 I chatty  : uid=1000(system) Binder_E expire 11 lines
08-10 11:18:26.748   625   636 I chatty  : uid=1000(system) Binder_1 expire 10 lines
08-10 11:18:29.091   625   719 I chatty  : uid=1000(system) ConnectivitySer expire 84 lines
08-10 11:19:03.403   625   642 I chatty  : uid=1000(system) android.ui expire 1 line
08-10 11:19:36.424   625   715 I chatty  : uid=1000(system) NetworkPolicy expire 4 lines
08-10 11:19:46.179   212   612 E NetlinkEvent: NetlinkEvent::FindParam(): Parameter 'UID' not found
08-10 11:20:10.135   625   719 I chatty  : uid=1000(system) ConnectivitySer expire 17 lines
08-10 11:20:10.305   212   612 E NetlinkEvent: NetlinkEvent::FindParam(): Parameter 'UID' not found
08-10 11:20:20.402   212   612 E NetlinkEvent: NetlinkEvent::FindParam(): Parameter 'UID' not found
08-10 11:22:28.422   212   612 E NetlinkEvent: NetlinkEvent::FindParam(): Parameter 'UID' not found
08-10 11:22:28.880   212   612 E NetlinkEvent: NetlinkEvent::FindParam(): Parameter 'UID' not found
08-10 11:23:30.783   212   612 E NetlinkEvent: NetlinkEvent::FindParam(): Parameter 'UID' not found
08-10 11:23:35.365   212   612 E NetlinkEvent: NetlinkEvent::FindParam(): Parameter 'UID' not found
08-10 11:23:56.539   212   612 E NetlinkEvent: NetlinkEvent::FindParam(): Parameter 'UID' not found
08-10 11:23:57.790   212   612 E NetlinkEvent: NetlinkEvent::FindParam(): Parameter 'UID' not found
08-10 11:24:10.621   625   653 I chatty  : uid=1000(system) PowerManagerSer expire 10 lines
08-10 11:24:10.736   625   719 I chatty  : uid=1000(system) ConnectivitySer expire 11 lines
08-10 11:24:11.193   625   651 I chatty  : uid=1000(system) android.display expire 18 lines
08-10 11:24:15.388   625  1362 I chatty  : uid=1000(system) Binder_A expire 19 lines
08-10 11:24:16.318   625  3711 I chatty  : uid=1000(system) Binder_B expire 11 lines
08-10 11:24:45.294   625  1358 I chatty  : uid=1000(system) Binder_6 expire 13 lines
08-10 11:25:00.089   625   641 I chatty  : uid=1000(system) ActivityManager expire 10 lines
08-10 11:25:26.541   212   612 E NetlinkEvent: NetlinkEvent::FindParam(): Parameter 'UID' not found
08-10 11:25:31.484   212   612 E NetlinkEvent: NetlinkEvent::FindParam(): Parameter 'UID' not found
08-10 11:25:56.341   212   612 E NetlinkEvent: NetlinkEvent::FindParam(): Parameter 'UID' not found
08-10 11:26:00.055   212   612 E NetlinkEvent: NetlinkEvent::FindParam(): Parameter 'UID' not found
08-10 11:26:30.941   212   612 E NetlinkEvent: NetlinkEvent::FindParam(): Parameter 'UID' not found
08-10 11:26:31.388   212   612 E NetlinkEvent: NetlinkEvent::FindParam(): Parameter 'UID' not found
08-10 11:27:56.781   212   612 E NetlinkEvent: NetlinkEvent::FindParam(): Parameter 'UID' not found
08-10 11:28:01.396   212   612 E NetlinkEvent: NetlinkEvent::FindParam(): Parameter 'UID' not found
08-10 11:28:26.541   212   612 E NetlinkEvent: NetlinkEvent::FindParam(): Parameter 'UID' not found
08-10 11:28:29.352   212   612 E NetlinkEvent: NetlinkEvent::FindParam(): Parameter 'UID' not found
08-10 11:28:43.441   625   625 I chatty  : uid=1000 system_server expire 6 lines
08-10 11:29:46.794   625 11369 I chatty  : uid=1000(system) Binder_C expire 10 lines
08-10 11:29:47.004   625   719 I chatty  : uid=1000(system) ConnectivitySer expire 24 lines
08-10 11:29:50.066   625   718 I chatty  : uid=1000(system) WifiService expire 7 lines
08-10 11:29:55.503   625 17105 I chatty  : uid=1000 system_server expire 1 line
08-10 11:29:58.600 16874 16889 E ActivityThread: Failed to find provider info for com.android.partnerbookmarks
08-10 11:30:46.274   625 26785 I chatty  : uid=1000(system) Binder_10 expire 11 lines
08-10 11:32:46.573   625   709 I chatty  : uid=1000(system) InputReader expire 12 lines
08-10 11:34:31.012   212   612 E NetlinkEvent: NetlinkEvent::FindParam(): Parameter 'UID' not found
08-10 11:34:33.010   212   612 E NetlinkEvent: NetlinkEvent::FindParam(): Parameter 'UID' not found
08-10 11:35:31.020   212   612 E NetlinkEvent: NetlinkEvent::FindParam(): Parameter 'UID' not found
08-10 11:35:37.013   212   612 E NetlinkEvent: NetlinkEvent::FindParam(): Parameter 'UID' not found
08-10 11:37:08.067   212   612 E NetlinkEvent: NetlinkEvent::FindParam(): Parameter 'UID' not found
08-10 11:37:08.139   212   612 E NetlinkEvent: NetlinkEvent::FindParam(): Parameter 'UID' not found
08-10 11:38:01.021   212   612 E NetlinkEvent: NetlinkEvent::FindParam(): Parameter 'UID' not found
08-10 11:38:01.773   212   612 E NetlinkEvent: NetlinkEvent::FindParam(): Parameter 'UID' not found
08-10 11:38:31.021   212   612 E NetlinkEvent: NetlinkEvent::FindParam(): Parameter 'UID' not found
08-10 11:38:41.012   212   612 E NetlinkEvent: NetlinkEvent::FindParam(): Parameter 'UID' not found
08-10 11:39:01.021   212   612 E NetlinkEvent: NetlinkEvent::FindParam(): Parameter 'UID' not found
08-10 11:39:05.013   212   612 E NetlinkEvent: NetlinkEvent::FindParam(): Parameter 'UID' not found
08-10 11:39:40.023   212   612 E NetlinkEvent: NetlinkEvent::FindParam(): Parameter 'UID' not found
08-10 11:39:40.902   212   612 E NetlinkEvent: NetlinkEvent::FindParam(): Parameter 'UID' not found
08-10 11:40:01.021   212   612 E NetlinkEvent: NetlinkEvent::FindParam(): Parameter 'UID' not found
08-10 11:40:01.712   212   612 E NetlinkEvent: NetlinkEvent::FindParam(): Parameter 'UID' not found
08-10 11:40:31.020   212   612 E NetlinkEvent: NetlinkEvent::FindParam(): Parameter 'UID' not found
08-10 11:40:38.014   212   612 E NetlinkEvent: NetlinkEvent::FindParam(): Parameter 'UID' not found
08-10 11:41:29.021   212   612 E NetlinkEvent: NetlinkEvent::FindParam(): Parameter 'UID' not found
08-10 11:41:31.017   212   612 E NetlinkEvent: NetlinkEvent::FindParam(): Parameter 'UID' not found
08-10 11:42:01.021   212   612 E NetlinkEvent: NetlinkEvent::FindParam(): Parameter 'UID' not found
08-10 11:42:08.138   212   612 E NetlinkEvent: NetlinkEvent::FindParam(): Parameter 'UID' not found
08-10 11:42:23.799   212   612 E NetlinkEvent: NetlinkEvent::FindParam(): Parameter 'UID' not found
08-10 11:42:31.012   212   612 E NetlinkEvent: NetlinkEvent::FindParam(): Parameter 'UID' not found
08-10 11:43:01.021   212   612 E NetlinkEvent: NetlinkEvent::FindParam(): Parameter 'UID' not found
08-10 11:43:11.013   212   612 E NetlinkEvent: NetlinkEvent::FindParam(): Parameter 'UID' not found
08-10 11:43:31.022   212   612 E NetlinkEvent: NetlinkEvent::FindParam(): Parameter 'UID' not found
08-10 11:43:41.016   212   612 E NetlinkEvent: NetlinkEvent::FindParam(): Parameter 'UID' not found
08-10 11:44:31.015   212   612 E NetlinkEvent: NetlinkEvent::FindParam(): Parameter 'UID' not found
08-10 11:44:41.013   212   612 E NetlinkEvent: NetlinkEvent::FindParam(): Parameter 'UID' not found
08-10 11:44:43.111  1713  1713 I chatty  : uid=10012 com.google.android.gms.persistent expire 40 lines
08-10 11:44:43.128 17528 17540 I chatty  : uid=10012 com.google.android.gms.unstable expire 40 lines
08-10 11:45:31.021   212   612 E NetlinkEvent: NetlinkEvent::FindParam(): Parameter 'UID' not found
08-10 11:45:40.012   212   612 E NetlinkEvent: NetlinkEvent::FindParam(): Parameter 'UID' not found
08-10 11:46:31.020   212   612 E NetlinkEvent: NetlinkEvent::FindParam(): Parameter 'UID' not found
08-10 11:46:41.012   212   612 E NetlinkEvent: NetlinkEvent::FindParam(): Parameter 'UID' not found
08-10 11:47:01.020   212   612 E NetlinkEvent: NetlinkEvent::FindParam(): Parameter 'UID' not found
08-10 11:47:02.117   212   612 E NetlinkEvent: NetlinkEvent::FindParam(): Parameter 'UID' not found
08-10 11:47:31.042   212   612 E NetlinkEvent: NetlinkEvent::FindParam(): Parameter 'UID' not found
08-10 11:47:31.785   212   612 E NetlinkEvent: NetlinkEvent::FindParam(): Parameter 'UID' not found
08-10 11:48:01.039   212   612 E NetlinkEvent: NetlinkEvent::FindParam(): Parameter 'UID' not found
08-10 11:48:11.013   212   612 E NetlinkEvent: NetlinkEvent::FindParam(): Parameter 'UID' not found
08-10 11:48:31.021   212   612 E NetlinkEvent: NetlinkEvent::FindParam(): Parameter 'UID' not found
08-10 11:48:41.012   212   612 E NetlinkEvent: NetlinkEvent::FindParam(): Parameter 'UID' not found
08-10 11:49:32.020   212   612 E NetlinkEvent: NetlinkEvent::FindParam(): Parameter 'UID' not found
08-10 11:49:32.560   212   612 E NetlinkEvent: NetlinkEvent::FindParam(): Parameter 'UID' not found
08-10 11:49:35.426   625   719 I chatty  : uid=1000(system) ConnectivitySer expire 13 lines
08-10 11:50:31.083   212   612 E NetlinkEvent: NetlinkEvent::FindParam(): Parameter 'UID' not found
08-10 11:50:41.012   212   612 E NetlinkEvent: NetlinkEvent::FindParam(): Parameter 'UID' not found
08-10 11:51:02.021   212   612 E NetlinkEvent: NetlinkEvent::FindParam(): Parameter 'UID' not found
08-10 11:51:11.012   212   612 E NetlinkEvent: NetlinkEvent::FindParam(): Parameter 'UID' not found
08-10 11:51:31.022   212   612 E NetlinkEvent: NetlinkEvent::FindParam(): Parameter 'UID' not found
08-10 11:51:41.015   212   612 E NetlinkEvent: NetlinkEvent::FindParam(): Parameter 'UID' not found
08-10 11:52:23.770   212   612 E NetlinkEvent: NetlinkEvent::FindParam(): Parameter 'UID' not found
08-10 11:52:31.012   212   612 E NetlinkEvent: NetlinkEvent::FindParam(): Parameter 'UID' not found
08-10 11:53:31.020   212   612 E NetlinkEvent: NetlinkEvent::FindParam(): Parameter 'UID' not found
08-10 11:53:41.017   212   612 E NetlinkEvent: NetlinkEvent::FindParam(): Parameter 'UID' not found
08-10 11:54:00.020   212   612 E NetlinkEvent: NetlinkEvent::FindParam(): Parameter 'UID' not found
08-10 11:54:01.092   212   612 E NetlinkEvent: NetlinkEvent::FindParam(): Parameter 'UID' not found
08-10 11:54:30.021   212   612 E NetlinkEvent: NetlinkEvent::FindParam(): Parameter 'UID' not found
08-10 11:54:30.864   212   612 E NetlinkEvent: NetlinkEvent::FindParam(): Parameter 'UID' not found
08-10 11:55:01.020   212   612 E NetlinkEvent: NetlinkEvent::FindParam(): Parameter 'UID' not found
08-10 11:55:10.013   212   612 E NetlinkEvent: NetlinkEvent::FindParam(): Parameter 'UID' not found
08-10 11:55:32.021   212   612 E NetlinkEvent: NetlinkEvent::FindParam(): Parameter 'UID' not found
08-10 11:55:41.017   212   612 E NetlinkEvent: NetlinkEvent::FindParam(): Parameter 'UID' not found
08-10 11:56:00.020   212   612 E NetlinkEvent: NetlinkEvent::FindParam(): Parameter 'UID' not found
08-10 11:56:00.868   212   612 E NetlinkEvent: NetlinkEvent::FindParam(): Parameter 'UID' not found
08-10 11:56:31.021   212   612 E NetlinkEvent: NetlinkEvent::FindParam(): Parameter 'UID' not found
08-10 11:56:42.013   212   612 E NetlinkEvent: NetlinkEvent::FindParam(): Parameter 'UID' not found
08-10 11:56:49.069   212   612 E NetlinkEvent: NetlinkEvent::FindParam(): Parameter 'UID' not found
08-10 11:57:02.018   212   612 E NetlinkEvent: NetlinkEvent::FindParam(): Parameter 'UID' not found
08-10 11:57:08.071   212   612 E NetlinkEvent: NetlinkEvent::FindParam(): Parameter 'UID' not found
08-10 11:57:08.155   212   612 E NetlinkEvent: NetlinkEvent::FindParam(): Parameter 'UID' not found
08-10 11:57:31.020   212   612 E NetlinkEvent: NetlinkEvent::FindParam(): Parameter 'UID' not found
08-10 11:57:41.014   212   612 E NetlinkEvent: NetlinkEvent::FindParam(): Parameter 'UID' not found
08-10 11:58:32.020   212   612 E NetlinkEvent: NetlinkEvent::FindParam(): Parameter 'UID' not found
08-10 11:58:41.012   212   612 E NetlinkEvent: NetlinkEvent::FindParam(): Parameter 'UID' not found
08-10 11:59:02.031   212   612 E NetlinkEvent: NetlinkEvent::FindParam(): Parameter 'UID' not found
08-10 11:59:11.013   212   612 E NetlinkEvent: NetlinkEvent::FindParam(): Parameter 'UID' not found
08-10 11:59:28.038   212   612 E NetlinkEvent: NetlinkEvent::FindParam(): Parameter 'UID' not found
08-10 11:59:28.265   212   612 E NetlinkEvent: NetlinkEvent::FindParam(): Parameter 'UID' not found
08-10 12:00:32.020   212   612 E NetlinkEvent: NetlinkEvent::FindParam(): Parameter 'UID' not found
08-10 12:00:41.013   212   612 E NetlinkEvent: NetlinkEvent::FindParam(): Parameter 'UID' not found
08-10 12:01:32.016   212   612 E NetlinkEvent: NetlinkEvent::FindParam(): Parameter 'UID' not found
08-10 12:01:34.013   212   612 E NetlinkEvent: NetlinkEvent::FindParam(): Parameter 'UID' not found
08-10 12:02:02.022   212   612 E NetlinkEvent: NetlinkEvent::FindParam(): Parameter 'UID' not found
08-10 12:02:08.152   212   612 E NetlinkEvent: NetlinkEvent::FindParam(): Parameter 'UID' not found
08-10 12:03:02.023   212   612 E NetlinkEvent: NetlinkEvent::FindParam(): Parameter 'UID' not found
08-10 12:03:12.013   212   612 E NetlinkEvent: NetlinkEvent::FindParam(): Parameter 'UID' not found
08-10 12:03:32.096   212   612 E NetlinkEvent: NetlinkEvent::FindParam(): Parameter 'UID' not found
08-10 12:03:41.017   212   612 E NetlinkEvent: NetlinkEvent::FindParam(): Parameter 'UID' not found
08-10 12:04:01.021   212   612 E NetlinkEvent: NetlinkEvent::FindParam(): Parameter 'UID' not found
08-10 12:04:11.013   212   612 E NetlinkEvent: NetlinkEvent::FindParam(): Parameter 'UID' not found
08-10 12:04:41.051   212   612 E NetlinkEvent: NetlinkEvent::FindParam(): Parameter 'UID' not found
08-10 12:04:46.017   212   612 E NetlinkEvent: NetlinkEvent::FindParam(): Parameter 'UID' not found
08-10 12:05:31.021   212   612 E NetlinkEvent: NetlinkEvent::FindParam(): Parameter 'UID' not found
08-10 12:05:41.017   212   612 E NetlinkEvent: NetlinkEvent::FindParam(): Parameter 'UID' not found
08-10 12:06:02.020   212   612 E NetlinkEvent: NetlinkEvent::FindParam(): Parameter 'UID' not found
08-10 12:06:11.013   212   612 E NetlinkEvent: NetlinkEvent::FindParam(): Parameter 'UID' not found
08-10 12:06:29.020   212   612 E NetlinkEvent: NetlinkEvent::FindParam(): Parameter 'UID' not found
08-10 12:06:30.102   212   612 E NetlinkEvent: NetlinkEvent::FindParam(): Parameter 'UID' not found
08-10 12:07:02.016   212   612 E NetlinkEvent: NetlinkEvent::FindParam(): Parameter 'UID' not found
08-10 12:07:08.160   212   612 E NetlinkEvent: NetlinkEvent::FindParam(): Parameter 'UID' not found
08-10 12:07:32.021   212   612 E NetlinkEvent: NetlinkEvent::FindParam(): Parameter 'UID' not found
08-10 12:07:41.013   212   612 E NetlinkEvent: NetlinkEvent::FindParam(): Parameter 'UID' not found
08-10 12:08:02.021   212   612 E NetlinkEvent: NetlinkEvent::FindParam(): Parameter 'UID' not found
08-10 12:08:09.012   212   612 E NetlinkEvent: NetlinkEvent::FindParam(): Parameter 'UID' not found
08-10 12:08:32.020   212   612 E NetlinkEvent: NetlinkEvent::FindParam(): Parameter 'UID' not found
08-10 12:08:35.015   212   612 E NetlinkEvent: NetlinkEvent::FindParam(): Parameter 'UID' not found
08-10 12:10:02.023   212   612 E NetlinkEvent: NetlinkEvent::FindParam(): Parameter 'UID' not found
08-10 12:10:11.012   212   612 E NetlinkEvent: NetlinkEvent::FindParam(): Parameter 'UID' not found
08-10 12:10:32.022   212   612 E NetlinkEvent: NetlinkEvent::FindParam(): Parameter 'UID' not found
08-10 12:10:41.013   212   612 E NetlinkEvent: NetlinkEvent::FindParam(): Parameter 'UID' not found
08-10 12:11:02.016   212   612 E NetlinkEvent: NetlinkEvent::FindParam(): Parameter 'UID' not found
08-10 12:11:12.013   212   612 E NetlinkEvent: NetlinkEvent::FindParam(): Parameter 'UID' not found
08-10 12:11:32.021   212   612 E NetlinkEvent: NetlinkEvent::FindParam(): Parameter 'UID' not found
08-10 12:11:41.013   212   612 E NetlinkEvent: NetlinkEvent::FindParam(): Parameter 'UID' not found
08-10 12:12:02.021   212   612 E NetlinkEvent: NetlinkEvent::FindParam(): Parameter 'UID' not found
08-10 12:12:08.123   212   612 E NetlinkEvent: NetlinkEvent::FindParam(): Parameter 'UID' not found
08-10 12:12:23.820   212   612 E NetlinkEvent: NetlinkEvent::FindParam(): Parameter 'UID' not found
08-10 12:12:32.012   212   612 E NetlinkEvent: NetlinkEvent::FindParam(): Parameter 'UID' not found
08-10 12:13:32.020   212   612 E NetlinkEvent: NetlinkEvent::FindParam(): Parameter 'UID' not found
08-10 12:13:33.959   212   612 E NetlinkEvent: NetlinkEvent::FindParam(): Parameter 'UID' not found
08-10 12:14:02.083   212   612 E NetlinkEvent: NetlinkEvent::FindParam(): Parameter 'UID' not found
08-10 12:14:12.015   212   612 E NetlinkEvent: NetlinkEvent::FindParam(): Parameter 'UID' not found
08-10 12:14:32.021   212   612 E NetlinkEvent: NetlinkEvent::FindParam(): Parameter 'UID' not found
08-10 12:14:36.012   212   612 E NetlinkEvent: NetlinkEvent::FindParam(): Parameter 'UID' not found
08-10 12:15:32.021   212   612 E NetlinkEvent: NetlinkEvent::FindParam(): Parameter 'UID' not found
08-10 12:15:42.013   212   612 E NetlinkEvent: NetlinkEvent::FindParam(): Parameter 'UID' not found
08-10 12:16:02.021   212   612 E NetlinkEvent: NetlinkEvent::FindParam(): Parameter 'UID' not found
08-10 12:16:11.015   212   612 E NetlinkEvent: NetlinkEvent::FindParam(): Parameter 'UID' not found
08-10 12:16:32.021   212   612 E NetlinkEvent: NetlinkEvent::FindParam(): Parameter 'UID' not found
08-10 12:16:41.012   212   612 E NetlinkEvent: NetlinkEvent::FindParam(): Parameter 'UID' not found
08-10 12:17:32.021   212   612 E NetlinkEvent: NetlinkEvent::FindParam(): Parameter 'UID' not found
08-10 12:17:37.013   212   612 E NetlinkEvent: NetlinkEvent::FindParam(): Parameter 'UID' not found
08-10 12:18:32.020   212   612 E NetlinkEvent: NetlinkEvent::FindParam(): Parameter 'UID' not found
08-10 12:18:32.252   212   612 E NetlinkEvent: NetlinkEvent::FindParam(): Parameter 'UID' not found
08-10 12:19:01.018   212   612 E NetlinkEvent: NetlinkEvent::FindParam(): Parameter 'UID' not found
08-10 12:19:01.898   212   612 E NetlinkEvent: NetlinkEvent::FindParam(): Parameter 'UID' not found
08-10 12:19:36.069   212   612 E NetlinkEvent: NetlinkEvent::FindParam(): Parameter 'UID' not found
08-10 12:19:36.368   212   612 E NetlinkEvent: NetlinkEvent::FindParam(): Parameter 'UID' not found
08-10 12:20:01.016   212   612 E NetlinkEvent: NetlinkEvent::FindParam(): Parameter 'UID' not found
08-10 12:20:01.029   212   612 E NetlinkEvent: NetlinkEvent::FindParam(): Parameter 'UID' not found
08-10 12:20:32.021   212   612 E NetlinkEvent: NetlinkEvent::FindParam(): Parameter 'UID' not found
08-10 12:20:41.012   212   612 E NetlinkEvent: NetlinkEvent::FindParam(): Parameter 'UID' not found
08-10 12:21:02.021   212   612 E NetlinkEvent: NetlinkEvent::FindParam(): Parameter 'UID' not found
08-10 12:21:06.013   212   612 E NetlinkEvent: NetlinkEvent::FindParam(): Parameter 'UID' not found
08-10 12:21:32.021   212   612 E NetlinkEvent: NetlinkEvent::FindParam(): Parameter 'UID' not found
08-10 12:21:42.013   212   612 E NetlinkEvent: NetlinkEvent::FindParam(): Parameter 'UID' not found
08-10 12:21:49.080   212   612 E NetlinkEvent: NetlinkEvent::FindParam(): Parameter 'UID' not found
08-10 12:22:02.017   212   612 E NetlinkEvent: NetlinkEvent::FindParam(): Parameter 'UID' not found
08-10 12:22:23.780   212   612 E NetlinkEvent: NetlinkEvent::FindParam(): Parameter 'UID' not found
08-10 12:22:32.013   212   612 E NetlinkEvent: NetlinkEvent::FindParam(): Parameter 'UID' not found
08-10 12:23:02.022   212   612 E NetlinkEvent: NetlinkEvent::FindParam(): Parameter 'UID' not found
08-10 12:23:11.015   212   612 E NetlinkEvent: NetlinkEvent::FindParam(): Parameter 'UID' not found
08-10 12:23:32.021   212   612 E NetlinkEvent: NetlinkEvent::FindParam(): Parameter 'UID' not found
08-10 12:23:41.017   212   612 E NetlinkEvent: NetlinkEvent::FindParam(): Parameter 'UID' not found
08-10 12:24:02.023   212   612 E NetlinkEvent: NetlinkEvent::FindParam(): Parameter 'UID' not found
08-10 12:24:03.094   212   612 E NetlinkEvent: NetlinkEvent::FindParam(): Parameter 'UID' not found
08-10 12:25:02.025   212   612 E NetlinkEvent: NetlinkEvent::FindParam(): Parameter 'UID' not found
08-10 12:25:11.017   212   612 E NetlinkEvent: NetlinkEvent::FindParam(): Parameter 'UID' not found
08-10 12:25:49.056   212   612 E NetlinkEvent: NetlinkEvent::FindParam(): Parameter 'UID' not found
08-10 12:25:49.165   212   612 E NetlinkEvent: NetlinkEvent::FindParam(): Parameter 'UID' not found
08-10 12:26:32.027   212   612 E NetlinkEvent: NetlinkEvent::FindParam(): Parameter 'UID' not found
08-10 12:26:41.013   212   612 E NetlinkEvent: NetlinkEvent::FindParam(): Parameter 'UID' not found
08-10 12:27:08.062   212   612 E NetlinkEvent: NetlinkEvent::FindParam(): Parameter 'UID' not found
08-10 12:27:08.168   212   612 E NetlinkEvent: NetlinkEvent::FindParam(): Parameter 'UID' not found
08-10 12:28:02.017   212   612 E NetlinkEvent: NetlinkEvent::FindParam(): Parameter 'UID' not found
08-10 12:28:11.012   212   612 E NetlinkEvent: NetlinkEvent::FindParam(): Parameter 'UID' not found
08-10 12:28:32.021   212   612 E NetlinkEvent: NetlinkEvent::FindParam(): Parameter 'UID' not found
08-10 12:28:42.015   212   612 E NetlinkEvent: NetlinkEvent::FindParam(): Parameter 'UID' not found
08-10 12:29:02.021   212   612 E NetlinkEvent: NetlinkEvent::FindParam(): Parameter 'UID' not found
08-10 12:29:11.012   212   612 E NetlinkEvent: NetlinkEvent::FindParam(): Parameter 'UID' not found
08-10 12:29:32.012   212   612 E NetlinkEvent: NetlinkEvent::FindParam(): Parameter 'UID' not found
08-10 12:29:32.012   212   612 E NetlinkEvent: NetlinkEvent::FindParam(): Parameter 'UID' not found
08-10 12:30:02.020   212   612 E NetlinkEvent: NetlinkEvent::FindParam(): Parameter 'UID' not found
08-10 12:30:12.013   212   612 E NetlinkEvent: NetlinkEvent::FindParam(): Parameter 'UID' not found
08-10 12:30:32.026   212   612 E NetlinkEvent: NetlinkEvent::FindParam(): Parameter 'UID' not found
08-10 12:30:32.823   212   612 E NetlinkEvent: NetlinkEvent::FindParam(): Parameter 'UID' not found
08-10 12:32:02.041   212   612 E NetlinkEvent: NetlinkEvent::FindParam(): Parameter 'UID' not found
08-10 12:32:08.155   212   612 E NetlinkEvent: NetlinkEvent::FindParam(): Parameter 'UID' not found
08-10 12:33:02.067   212   612 E NetlinkEvent: NetlinkEvent::FindParam(): Parameter 'UID' not found
08-10 12:33:12.011   212   612 E NetlinkEvent: NetlinkEvent::FindParam(): Parameter 'UID' not found
08-10 12:33:32.021   212   612 E NetlinkEvent: NetlinkEvent::FindParam(): Parameter 'UID' not found
08-10 12:33:37.011   212   612 E NetlinkEvent: NetlinkEvent::FindParam(): Parameter 'UID' not found
08-10 12:34:12.021   212   612 E NetlinkEvent: NetlinkEvent::FindParam(): Parameter 'UID' not found
08-10 12:34:22.094   212   612 E NetlinkEvent: NetlinkEvent::FindParam(): Parameter 'UID' not found
08-10 12:34:50.028   212   612 E NetlinkEvent: NetlinkEvent::FindParam(): Parameter 'UID' not found
08-10 12:35:02.010   212   612 E NetlinkEvent: NetlinkEvent::FindParam(): Parameter 'UID' not found
08-10 12:35:32.021   212   612 E NetlinkEvent: NetlinkEvent::FindParam(): Parameter 'UID' not found
08-10 12:35:41.011   212   612 E NetlinkEvent: NetlinkEvent::FindParam(): Parameter 'UID' not found
08-10 12:36:02.021   212   612 E NetlinkEvent: NetlinkEvent::FindParam(): Parameter 'UID' not found
08-10 12:36:12.013   212   612 E NetlinkEvent: NetlinkEvent::FindParam(): Parameter 'UID' not found
08-10 12:36:29.016   212   612 E NetlinkEvent: NetlinkEvent::FindParam(): Parameter 'UID' not found
08-10 12:36:32.011   212   612 E NetlinkEvent: NetlinkEvent::FindParam(): Parameter 'UID' not found
08-10 12:37:02.016   212   612 E NetlinkEvent: NetlinkEvent::FindParam(): Parameter 'UID' not found
08-10 12:37:08.307   212   612 E NetlinkEvent: NetlinkEvent::FindParam(): Parameter 'UID' not found
08-10 12:37:32.021   212   612 E NetlinkEvent: NetlinkEvent::FindParam(): Parameter 'UID' not found
08-10 12:37:42.013   212   612 E NetlinkEvent: NetlinkEvent::FindParam(): Parameter 'UID' not found
08-10 12:38:02.022   212   612 E NetlinkEvent: NetlinkEvent::FindParam(): Parameter 'UID' not found
08-10 12:38:11.013   212   612 E NetlinkEvent: NetlinkEvent::FindParam(): Parameter 'UID' not found
08-10 12:40:32.020   212   612 E NetlinkEvent: NetlinkEvent::FindParam(): Parameter 'UID' not found
08-10 12:40:42.013   212   612 E NetlinkEvent: NetlinkEvent::FindParam(): Parameter 'UID' not found
08-10 12:41:02.022   212   612 E NetlinkEvent: NetlinkEvent::FindParam(): Parameter 'UID' not found
08-10 12:41:11.012   212   612 E NetlinkEvent: NetlinkEvent::FindParam(): Parameter 'UID' not found
08-10 12:41:32.021   212   612 E NetlinkEvent: NetlinkEvent::FindParam(): Parameter 'UID' not found
08-10 12:41:42.013   212   612 E NetlinkEvent: NetlinkEvent::FindParam(): Parameter 'UID' not found
08-10 12:42:23.820   212   612 E NetlinkEvent: NetlinkEvent::FindParam(): Parameter 'UID' not found
08-10 12:42:32.012   212   612 E NetlinkEvent: NetlinkEvent::FindParam(): Parameter 'UID' not found
08-10 12:42:50.022   212   612 E NetlinkEvent: NetlinkEvent::FindParam(): Parameter 'UID' not found
08-10 12:43:02.017   212   612 E NetlinkEvent: NetlinkEvent::FindParam(): Parameter 'UID' not found
08-10 12:43:32.021   212   612 E NetlinkEvent: NetlinkEvent::FindParam(): Parameter 'UID' not found
08-10 12:43:42.013   212   612 E NetlinkEvent: NetlinkEvent::FindParam(): Parameter 'UID' not found
08-10 12:44:02.021   212   612 E NetlinkEvent: NetlinkEvent::FindParam(): Parameter 'UID' not found
08-10 12:44:12.012   212   612 E NetlinkEvent: NetlinkEvent::FindParam(): Parameter 'UID' not found
08-10 12:44:32.021   212   612 E NetlinkEvent: NetlinkEvent::FindParam(): Parameter 'UID' not found
08-10 12:44:42.014   212   612 E NetlinkEvent: NetlinkEvent::FindParam(): Parameter 'UID' not found
08-10 12:45:02.021   212   612 E NetlinkEvent: NetlinkEvent::FindParam(): Parameter 'UID' not found
08-10 12:45:12.014   212   612 E NetlinkEvent: NetlinkEvent::FindParam(): Parameter 'UID' not found
08-10 12:45:32.020   212   612 E NetlinkEvent: NetlinkEvent::FindParam(): Parameter 'UID' not found
08-10 12:45:42.012   212   612 E NetlinkEvent: NetlinkEvent::FindParam(): Parameter 'UID' not found
08-10 12:46:02.021   212   612 E NetlinkEvent: NetlinkEvent::FindParam(): Parameter 'UID' not found
08-10 12:46:07.012   212   612 E NetlinkEvent: NetlinkEvent::FindParam(): Parameter 'UID' not found
08-10 12:46:32.016   212   612 E NetlinkEvent: NetlinkEvent::FindParam(): Parameter 'UID' not found
08-10 12:46:42.013   212   612 E NetlinkEvent: NetlinkEvent::FindParam(): Parameter 'UID' not found
08-10 12:47:02.021   212   612 E NetlinkEvent: NetlinkEvent::FindParam(): Parameter 'UID' not found
08-10 12:47:02.651   212   612 E NetlinkEvent: NetlinkEvent::FindParam(): Parameter 'UID' not found
08-10 12:47:32.021   212   612 E NetlinkEvent: NetlinkEvent::FindParam(): Parameter 'UID' not found
08-10 12:47:42.013   212   612 E NetlinkEvent: NetlinkEvent::FindParam(): Parameter 'UID' not found
08-10 12:47:50.037   212   612 E NetlinkEvent: NetlinkEvent::FindParam(): Parameter 'UID' not found
08-10 12:47:50.104   212   612 E NetlinkEvent: NetlinkEvent::FindParam(): Parameter 'UID' not found
08-10 12:48:11.036   212   612 E NetlinkEvent: NetlinkEvent::FindParam(): Parameter 'UID' not found
08-10 12:48:32.017   212   612 E NetlinkEvent: NetlinkEvent::FindParam(): Parameter 'UID' not found
08-10 12:48:32.089   212   612 E NetlinkEvent: NetlinkEvent::FindParam(): Parameter 'UID' not found
08-10 12:48:42.013   212   612 E NetlinkEvent: NetlinkEvent::FindParam(): Parameter 'UID' not found
08-10 12:49:02.022   212   612 E NetlinkEvent: NetlinkEvent::FindParam(): Parameter 'UID' not found
08-10 12:49:12.013   212   612 E NetlinkEvent: NetlinkEvent::FindParam(): Parameter 'UID' not found
08-10 12:49:32.021   212   612 E NetlinkEvent: NetlinkEvent::FindParam(): Parameter 'UID' not found
08-10 12:49:37.403   212   612 E NetlinkEvent: NetlinkEvent::FindParam(): Parameter 'UID' not found
08-10 12:50:02.021   212   612 E NetlinkEvent: NetlinkEvent::FindParam(): Parameter 'UID' not found
08-10 12:50:12.014   212   612 E NetlinkEvent: NetlinkEvent::FindParam(): Parameter 'UID' not found
08-10 12:50:47.779   212   612 E NetlinkEvent: NetlinkEvent::FindParam(): Parameter 'UID' not found
08-10 12:51:02.017   212   612 E NetlinkEvent: NetlinkEvent::FindParam(): Parameter 'UID' not found
08-10 12:51:02.970   212   612 E NetlinkEvent: NetlinkEvent::FindParam(): Parameter 'UID' not found
08-10 12:51:12.012   212   612 E NetlinkEvent: NetlinkEvent::FindParam(): Parameter 'UID' not found
08-10 12:51:32.021   212   612 E NetlinkEvent: NetlinkEvent::FindParam(): Parameter 'UID' not found
08-10 12:51:40.012   212   612 E NetlinkEvent: NetlinkEvent::FindParam(): Parameter 'UID' not found
08-10 12:52:08.072   212   612 E NetlinkEvent: NetlinkEvent::FindParam(): Parameter 'UID' not found
08-10 12:52:08.160   212   612 E NetlinkEvent: NetlinkEvent::FindParam(): Parameter 'UID' not found
08-10 12:52:22.495   625  1359 I chatty  : uid=1000(system) Binder_7 expire 10 lines
08-10 12:52:23.098   625   637 I chatty  : uid=1000(system) Binder_2 expire 11 lines
08-10 12:52:43.449  1713  1713 I chatty  : uid=10012 com.google.android.gms.persistent expire 40 lines
08-10 12:52:43.468 18438 18450 I chatty  : uid=10012 com.google.android.gms.unstable expire 40 lines
08-10 12:53:02.034   212   612 E NetlinkEvent: NetlinkEvent::FindParam(): Parameter 'UID' not found
08-10 12:53:12.015   212   612 E NetlinkEvent: NetlinkEvent::FindParam(): Parameter 'UID' not found
08-10 12:53:32.022   212   612 E NetlinkEvent: NetlinkEvent::FindParam(): Parameter 'UID' not found
08-10 12:53:42.013   212   612 E NetlinkEvent: NetlinkEvent::FindParam(): Parameter 'UID' not found
08-10 12:54:02.082   212   612 E NetlinkEvent: NetlinkEvent::FindParam(): Parameter 'UID' not found
08-10 12:54:02.363   212   612 E NetlinkEvent: NetlinkEvent::FindParam(): Parameter 'UID' not found
08-10 12:54:28.021   212   612 E NetlinkEvent: NetlinkEvent::FindParam(): Parameter 'UID' not found
08-10 12:54:32.013   212   612 E NetlinkEvent: NetlinkEvent::FindParam(): Parameter 'UID' not found
08-10 12:55:02.016   212   612 E NetlinkEvent: NetlinkEvent::FindParam(): Parameter 'UID' not found
08-10 12:55:05.013   212   612 E NetlinkEvent: NetlinkEvent::FindParam(): Parameter 'UID' not found
08-10 12:55:06.009   625   821 I chatty  : uid=1000(system) Binder_5 expire 13 lines
08-10 12:55:48.024   212   612 E NetlinkEvent: NetlinkEvent::FindParam(): Parameter 'UID' not found
08-10 12:55:48.122   212   612 E NetlinkEvent: NetlinkEvent::FindParam(): Parameter 'UID' not found
08-10 12:57:08.017   212   612 E NetlinkEvent: NetlinkEvent::FindParam(): Parameter 'UID' not found
08-10 12:57:08.206   212   612 E NetlinkEvent: NetlinkEvent::FindParam(): Parameter 'UID' not found
08-10 12:57:37.288   625   653 I chatty  : uid=1000(system) PowerManagerSer expire 19 lines
08-10 12:57:38.728   625  1360 I chatty  : uid=1000(system) Binder_8 expire 10 lines
08-10 12:57:39.300   625   641 I chatty  : uid=1000(system) ActivityManager expire 14 lines
08-10 12:59:02.021   212   612 E NetlinkEvent: NetlinkEvent::FindParam(): Parameter 'UID' not found
08-10 12:59:11.017   212   612 E NetlinkEvent: NetlinkEvent::FindParam(): Parameter 'UID' not found
08-10 13:00:32.021   212   612 E NetlinkEvent: NetlinkEvent::FindParam(): Parameter 'UID' not found
08-10 13:00:42.012   212   612 E NetlinkEvent: NetlinkEvent::FindParam(): Parameter 'UID' not found
08-10 13:01:32.020   212   612 E NetlinkEvent: NetlinkEvent::FindParam(): Parameter 'UID' not found
08-10 13:01:32.558   212   612 E NetlinkEvent: NetlinkEvent::FindParam(): Parameter 'UID' not found
08-10 13:01:57.077   212   612 E NetlinkEvent: NetlinkEvent::FindParam(): Parameter 'UID' not found
08-10 13:01:57.128   212   612 E NetlinkEvent: NetlinkEvent::FindParam(): Parameter 'UID' not found
08-10 13:02:00.321   625   719 I chatty  : uid=1000(system) ConnectivitySer expire 107 lines
08-10 13:02:24.099   625 11370 I chatty  : uid=1000(system) Binder_D expire 10 lines
08-10 13:03:32.651   625   636 I chatty  : uid=1000(system) Binder_1 expire 11 lines
08-10 13:03:34.646   625 18911 I chatty  : uid=1000 system_server expire 1 line
08-10 13:16:03.041   212   612 E NetlinkEvent: NetlinkEvent::FindParam(): Parameter 'UID' not found
08-10 13:16:13.012   212   612 E NetlinkEvent: NetlinkEvent::FindParam(): Parameter 'UID' not found
08-10 13:16:33.037   212   612 E NetlinkEvent: NetlinkEvent::FindParam(): Parameter 'UID' not found
08-10 13:16:42.012   212   612 E NetlinkEvent: NetlinkEvent::FindParam(): Parameter 'UID' not found
08-10 13:16:53.740   625   719 I chatty  : uid=1000(system) ConnectivitySer expire 27 lines
08-10 13:18:51.023   212   612 E NetlinkEvent: NetlinkEvent::FindParam(): Parameter 'UID' not found
08-10 13:19:03.017   212   612 E NetlinkEvent: NetlinkEvent::FindParam(): Parameter 'UID' not found
08-10 13:19:12.071   212   612 E NetlinkEvent: NetlinkEvent::FindParam(): Parameter 'UID' not found
08-10 13:19:12.101   212   612 E NetlinkEvent: NetlinkEvent::FindParam(): Parameter 'UID' not found
08-10 13:19:18.058   625 26784 I chatty  : uid=1000(system) Binder_F expire 11 lines
08-10 13:19:24.560   625 20561 I chatty  : uid=1000 system_server expire 1 line
08-10 13:19:36.056   625   808 I chatty  : uid=1000(system) Binder_4 expire 16 lines
08-10 13:19:36.589   625 20659 I chatty  : uid=1000 system_server expire 1 line
08-10 13:20:08.307   625 20949 I chatty  : uid=1000 system_server expire 1 line
08-10 13:20:22.786 21108 21132 D ActivityThread: Loading provider com.android.email.provider;com.android.email.notifier: com.android.email.provider.EmailProvider
08-10 13:20:24.643   625   719 I chatty  : uid=1000(system) ConnectivitySer expire 14 lines
08-10 13:20:31.948 20676 20691 E ActivityThread: Failed to find provider info for com.android.partnerbookmarks
08-10 13:25:07.023   212   612 E NetlinkEvent: NetlinkEvent::FindParam(): Parameter 'UID' not found
08-10 13:25:09.257  1230  1230 D MccTable: updateMccMncConfiguration mccmnc='22201' fromServiceState=true
08-10 13:25:09.258  1230  1230 D MccTable: updateMccMncConfiguration defaultMccMnc=22288
08-10 13:25:09.258  1230  1230 D MccTable: updateMccMncConfiguration: mcc=222, mnc=1
08-10 13:25:09.258  1230  1230 D MccTable: WIFI_COUNTRY_CODE set to it
08-10 13:25:13.012   212   612 E NetlinkEvent: NetlinkEvent::FindParam(): Parameter 'UID' not found
08-10 13:25:15.254  1230  1230 D MccTable: updateMccMncConfiguration mccmnc='22288' fromServiceState=true
08-10 13:25:15.264  1230  1230 D MccTable: updateMccMncConfiguration defaultMccMnc=22288
08-10 13:25:15.264  1230  1230 D MccTable: updateMccMncConfiguration: mcc=222, mnc=88
08-10 13:25:15.264  1230  1230 D MccTable: WIFI_COUNTRY_CODE set to it
08-10 13:26:03.023   212   612 E NetlinkEvent: NetlinkEvent::FindParam(): Parameter 'UID' not found
08-10 13:26:13.016   212   612 E NetlinkEvent: NetlinkEvent::FindParam(): Parameter 'UID' not found
08-10 13:26:33.051   212   612 E NetlinkEvent: NetlinkEvent::FindParam(): Parameter 'UID' not found
08-10 13:26:33.270   212   612 E NetlinkEvent: NetlinkEvent::FindParam(): Parameter 'UID' not found
08-10 13:27:32.016   212   612 E NetlinkEvent: NetlinkEvent::FindParam(): Parameter 'UID' not found
08-10 13:27:32.596   212   612 E NetlinkEvent: NetlinkEvent::FindParam(): Parameter 'UID' not found
08-10 13:28:14.021   212   612 E NetlinkEvent: NetlinkEvent::FindParam(): Parameter 'UID' not found
08-10 13:28:42.030   212   612 E NetlinkEvent: NetlinkEvent::FindParam(): Parameter 'UID' not found
08-10 13:29:03.022   212   612 E NetlinkEvent: NetlinkEvent::FindParam(): Parameter 'UID' not found
08-10 13:29:14.014   212   612 E NetlinkEvent: NetlinkEvent::FindParam(): Parameter 'UID' not found
08-10 13:29:33.023   212   612 E NetlinkEvent: NetlinkEvent::FindParam(): Parameter 'UID' not found
08-10 13:29:44.013   212   612 E NetlinkEvent: NetlinkEvent::FindParam(): Parameter 'UID' not found
08-10 13:30:13.043   212   612 E NetlinkEvent: NetlinkEvent::FindParam(): Parameter 'UID' not found
08-10 13:30:13.651   212   612 E NetlinkEvent: NetlinkEvent::FindParam(): Parameter 'UID' not found
08-10 13:30:29.037   212   612 E NetlinkEvent: NetlinkEvent::FindParam(): Parameter 'UID' not found
08-10 13:30:33.017   212   612 E NetlinkEvent: NetlinkEvent::FindParam(): Parameter 'UID' not found
08-10 13:31:01.033   212   612 E NetlinkEvent: NetlinkEvent::FindParam(): Parameter 'UID' not found
08-10 13:31:03.373   212   612 E NetlinkEvent: NetlinkEvent::FindParam(): Parameter 'UID' not found
08-10 13:31:20.060   625  1362 I chatty  : uid=1000(system) Binder_A expire 13 lines
08-10 13:31:28.109   212   612 E NetlinkEvent: NetlinkEvent::FindParam(): Parameter 'UID' not found
08-10 13:31:59.016   212   612 E NetlinkEvent: NetlinkEvent::FindParam(): Parameter 'UID' not found
08-10 13:31:59.089   212   612 E NetlinkEvent: NetlinkEvent::FindParam(): Parameter 'UID' not found
08-10 13:32:03.017   212   612 E NetlinkEvent: NetlinkEvent::FindParam(): Parameter 'UID' not found
08-10 13:33:03.017   212   612 E NetlinkEvent: NetlinkEvent::FindParam(): Parameter 'UID' not found
08-10 13:33:14.017   212   612 E NetlinkEvent: NetlinkEvent::FindParam(): Parameter 'UID' not found
08-10 13:33:33.016   212   612 E NetlinkEvent: NetlinkEvent::FindParam(): Parameter 'UID' not found
08-10 13:33:33.902   212   612 E NetlinkEvent: NetlinkEvent::FindParam(): Parameter 'UID' not found
08-10 13:34:03.015   212   612 E NetlinkEvent: NetlinkEvent::FindParam(): Parameter 'UID' not found
08-10 13:34:03.903   212   612 E NetlinkEvent: NetlinkEvent::FindParam(): Parameter 'UID' not found
08-10 13:34:20.077   212   612 E NetlinkEvent: NetlinkEvent::FindParam(): Parameter 'UID' not found
08-10 13:34:20.135   212   612 E NetlinkEvent: NetlinkEvent::FindParam(): Parameter 'UID' not found
08-10 13:35:03.017   212   612 E NetlinkEvent: NetlinkEvent::FindParam(): Parameter 'UID' not found
08-10 13:35:14.017   212   612 E NetlinkEvent: NetlinkEvent::FindParam(): Parameter 'UID' not found
08-10 13:35:55.306   212   612 E NetlinkEvent: NetlinkEvent::FindParam(): Parameter 'UID' not found
08-10 13:36:03.010   212   612 E NetlinkEvent: NetlinkEvent::FindParam(): Parameter 'UID' not found
08-10 13:36:33.022   212   612 E NetlinkEvent: NetlinkEvent::FindParam(): Parameter 'UID' not found
08-10 13:36:33.028   212   612 E NetlinkEvent: NetlinkEvent::FindParam(): Parameter 'UID' not found
08-10 13:36:40.473   625   719 I chatty  : uid=1000(system) ConnectivitySer expire 10 lines
08-10 13:36:41.096   212   612 E NetlinkEvent: NetlinkEvent::FindParam(): Parameter 'UID' not found
08-10 13:36:51.223   212   612 E NetlinkEvent: NetlinkEvent::FindParam(): Parameter 'UID' not found
08-10 13:37:41.213   625   719 I chatty  : uid=1000(system) ConnectivitySer expire 24 lines
08-10 13:38:18.374   625 26785 I chatty  : uid=1000(system) Binder_10 expire 10 lines
08-10 14:01:10.019   625   709 I chatty  : uid=1000(system) InputReader expire 10 lines
08-10 14:01:10.241   625   653 I chatty  : uid=1000(system) PowerManagerSer expire 15 lines
08-10 14:01:10.895   625   651 I chatty  : uid=1000(system) android.display expire 10 lines
08-10 14:01:13.766   625   641 I chatty  : uid=1000(system) ActivityManager expire 10 lines
08-10 14:01:18.340   212   612 E NetlinkEvent: NetlinkEvent::FindParam(): Parameter 'UID' not found
08-10 14:01:21.872   625  1361 I chatty  : uid=1000(system) Binder_9 expire 10 lines
08-10 14:01:23.020   625  1358 I chatty  : uid=1000(system) Binder_6 expire 16 lines
08-10 14:01:26.641   625   719 I chatty  : uid=1000(system) ConnectivitySer expire 10 lines
